Archive member included to satisfy reference by file (symbol)

C:/AppData/STM32CubeIDE_2.0.0/STM32CubeIDE/plugins/com.st.stm32cube.ide.mcu.externaltools.gnu-tools-for-stm32.13.3.rel1.win32_1.0.100.202509120712/tools/bin/../lib/gcc/arm-none-eabi/13.3.1/../../../../arm-none-eabi/lib/thumb/v7e-m+fp/hard\libc_nano.a(libc_a-exit.o)
                              C:/AppData/STM32CubeIDE_2.0.0/STM32CubeIDE/plugins/com.st.stm32cube.ide.mcu.externaltools.gnu-tools-for-stm32.13.3.rel1.win32_1.0.100.202509120712/tools/bin/../lib/gcc/arm-none-eabi/13.3.1/../../../../arm-none-eabi/lib/thumb/v7e-m+fp/hard/crt0.o (exit)
C:/AppData/STM32CubeIDE_2.0.0/STM32CubeIDE/plugins/com.st.stm32cube.ide.mcu.externaltools.gnu-tools-for-stm32.13.3.rel1.win32_1.0.100.202509120712/tools/bin/../lib/gcc/arm-none-eabi/13.3.1/../../../../arm-none-eabi/lib/thumb/v7e-m+fp/hard\libc_nano.a(libc_a-nano-vfprintf_float.o)
                              (_printf_float)
C:/AppData/STM32CubeIDE_2.0.0/STM32CubeIDE/plugins/com.st.stm32cube.ide.mcu.externaltools.gnu-tools-for-stm32.13.3.rel1.win32_1.0.100.202509120712/tools/bin/../lib/gcc/arm-none-eabi/13.3.1/../../../../arm-none-eabi/lib/thumb/v7e-m+fp/hard\libc_nano.a(libc_a-nano-vfprintf_i.o)
                              C:/AppData/STM32CubeIDE_2.0.0/STM32CubeIDE/plugins/com.st.stm32cube.ide.mcu.externaltools.gnu-tools-for-stm32.13.3.rel1.win32_1.0.100.202509120712/tools/bin/../lib/gcc/arm-none-eabi/13.3.1/../../../../arm-none-eabi/lib/thumb/v7e-m+fp/hard\libc_nano.a(libc_a-nano-vfprintf_float.o) (_printf_common)
C:/AppData/STM32CubeIDE_2.0.0/STM32CubeIDE/plugins/com.st.stm32cube.ide.mcu.externaltools.gnu-tools-for-stm32.13.3.rel1.win32_1.0.100.202509120712/tools/bin/../lib/gcc/arm-none-eabi/13.3.1/../../../../arm-none-eabi/lib/thumb/v7e-m+fp/hard\libc_nano.a(libc_a-findfp.o)
                              C:/AppData/STM32CubeIDE_2.0.0/STM32CubeIDE/plugins/com.st.stm32cube.ide.mcu.externaltools.gnu-tools-for-stm32.13.3.rel1.win32_1.0.100.202509120712/tools/bin/../lib/gcc/arm-none-eabi/13.3.1/../../../../arm-none-eabi/lib/thumb/v7e-m+fp/hard\libc_nano.a(libc_a-exit.o) (__stdio_exit_handler)
C:/AppData/STM32CubeIDE_2.0.0/STM32CubeIDE/plugins/com.st.stm32cube.ide.mcu.externaltools.gnu-tools-for-stm32.13.3.rel1.win32_1.0.100.202509120712/tools/bin/../lib/gcc/arm-none-eabi/13.3.1/../../../../arm-none-eabi/lib/thumb/v7e-m+fp/hard\libc_nano.a(libc_a-fwalk.o)
                              C:/AppData/STM32CubeIDE_2.0.0/STM32CubeIDE/plugins/com.st.stm32cube.ide.mcu.externaltools.gnu-tools-for-stm32.13.3.rel1.win32_1.0.100.202509120712/tools/bin/../lib/gcc/arm-none-eabi/13.3.1/../../../../arm-none-eabi/lib/thumb/v7e-m+fp/hard\libc_nano.a(libc_a-findfp.o) (_fwalk_sglue)
C:/AppData/STM32CubeIDE_2.0.0/STM32CubeIDE/plugins/com.st.stm32cube.ide.mcu.externaltools.gnu-tools-for-stm32.13.3.rel1.win32_1.0.100.202509120712/tools/bin/../lib/gcc/arm-none-eabi/13.3.1/../../../../arm-none-eabi/lib/thumb/v7e-m+fp/hard\libc_nano.a(libc_a-sprintf.o)
                              ./HARDWARE/Task_Board/Voice/Voice.o (sprintf)
C:/AppData/STM32CubeIDE_2.0.0/STM32CubeIDE/plugins/com.st.stm32cube.ide.mcu.externaltools.gnu-tools-for-stm32.13.3.rel1.win32_1.0.100.202509120712/tools/bin/../lib/gcc/arm-none-eabi/13.3.1/../../../../arm-none-eabi/lib/thumb/v7e-m+fp/hard\libc_nano.a(libc_a-stdio.o)
                              C:/AppData/STM32CubeIDE_2.0.0/STM32CubeIDE/plugins/com.st.stm32cube.ide.mcu.externaltools.gnu-tools-for-stm32.13.3.rel1.win32_1.0.100.202509120712/tools/bin/../lib/gcc/arm-none-eabi/13.3.1/../../../../arm-none-eabi/lib/thumb/v7e-m+fp/hard\libc_nano.a(libc_a-findfp.o) (__sread)
C:/AppData/STM32CubeIDE_2.0.0/STM32CubeIDE/plugins/com.st.stm32cube.ide.mcu.externaltools.gnu-tools-for-stm32.13.3.rel1.win32_1.0.100.202509120712/tools/bin/../lib/gcc/arm-none-eabi/13.3.1/../../../../arm-none-eabi/lib/thumb/v7e-m+fp/hard\libc_nano.a(libc_a-memset.o)
                              C:/AppData/STM32CubeIDE_2.0.0/STM32CubeIDE/plugins/com.st.stm32cube.ide.mcu.externaltools.gnu-tools-for-stm32.13.3.rel1.win32_1.0.100.202509120712/tools/bin/../lib/gcc/arm-none-eabi/13.3.1/../../../../arm-none-eabi/lib/thumb/v7e-m+fp/hard/crt0.o (memset)
C:/AppData/STM32CubeIDE_2.0.0/STM32CubeIDE/plugins/com.st.stm32cube.ide.mcu.externaltools.gnu-tools-for-stm32.13.3.rel1.win32_1.0.100.202509120712/tools/bin/../lib/gcc/arm-none-eabi/13.3.1/../../../../arm-none-eabi/lib/thumb/v7e-m+fp/hard\libc_nano.a(libc_a-localeconv.o)
                              C:/AppData/STM32CubeIDE_2.0.0/STM32CubeIDE/plugins/com.st.stm32cube.ide.mcu.externaltools.gnu-tools-for-stm32.13.3.rel1.win32_1.0.100.202509120712/tools/bin/../lib/gcc/arm-none-eabi/13.3.1/../../../../arm-none-eabi/lib/thumb/v7e-m+fp/hard\libc_nano.a(libc_a-nano-vfprintf_float.o) (_localeconv_r)
[...]
Memory Configuration

Name             Origin             Length             Attributes
CCMRAM           0x10000000         0x00010000         xrw
RAM              0x20000000         0x00020000         xrw
FLASH            0x08000000         0x00100000         xr
*default*        0x00000000         0xffffffff

Linker script and memory map

LOAD C:/AppData/STM32CubeIDE_2.0.0/STM32CubeIDE/plugins/com.st.stm32cube.ide.mcu.externaltools.gnu-tools-for-stm32.13.3.rel1.win32_1.0.100.202509120712/tools/bin/../lib/gcc/arm-none-eabi/13.3.1/thumb/v7e-m+fp/hard/crti.o
LOAD C:/AppData/STM32CubeIDE_2.0.0/STM32CubeIDE/plugins/com.st.stm32cube.ide.mcu.externaltools.gnu-tools-for-stm32.13.3.rel1.win32_1.0.100.202509120712/tools/bin/../lib/gcc/arm-none-eabi/13.3.1/thumb/v7e-m+fp/hard/crtbegin.o
LOAD C:/AppData/STM32CubeIDE_2.0.0/STM32CubeIDE/plugins/com.st.stm32cube.ide.mcu.externaltools.gnu-tools-for-stm32.13.3.rel1.win32_1.0.100.202509120712/tools/bin/../lib/gcc/arm-none-eabi/13.3.1/../../../../arm-none-eabi/lib/thumb/v7e-m+fp/hard/crt0.o
LOAD ./Core/Src/adc.o
LOAD ./Core/Src/can.o
LOAD ./Core/Src/dma.o
LOAD ./Core/Src/gpio.o
LOAD ./Core/Src/i2c.o
LOAD ./Core/Src/main.o
LOAD ./Core/Src/stm32f4xx_hal_msp.o
LOAD ./Core/Src/stm32f4xx_it.o
LOAD ./Core/Src/syscalls.o
LOAD ./Core/Src/sysmem.o
LOAD ./Core/Src/system_stm32f4xx.o
LOAD ./Core/Src/tim.o
LOAD ./Core/Src/usart.o
LOAD ./Core/Startup/startup_stm32f407igtx.o
LOAD ./Drivers/STM32F4xx_HAL_Driver/Src/stm32f4xx_hal.o
LOAD ./Drivers/STM32F4xx_HAL_Driver/Src/stm32f4xx_hal_adc.o
LOAD ./Drivers/STM32F4xx_HAL_Driver/Src/stm32f4xx_hal_adc_ex.o
LOAD ./Drivers/STM32F4xx_HAL_Driver/Src/stm32f4xx_hal_can.o
LOAD ./Drivers/STM32F4xx_HAL_Driver/Src/stm32f4xx_hal_cortex.o
LOAD ./Drivers/STM32F4xx_HAL_Driver/Src/stm32f4xx_hal_dma.o
LOAD ./Drivers/STM32F4xx_HAL_Driver/Src/stm32f4xx_hal_dma_ex.o
LOAD ./Drivers/STM32F4xx_HAL_Driver/Src/stm32f4xx_hal_exti.o
LOAD ./Drivers/STM32F4xx_HAL_Driver/Src/stm32f4xx_hal_flash.o
LOAD ./Drivers/STM32F4xx_HAL_Driver/Src/stm32f4xx_hal_flash_ex.o
LOAD ./Drivers/STM32F4xx_HAL_Driver/Src/stm32f4xx_hal_flash_ramfunc.o
LOAD ./Drivers/STM32F4xx_HAL_Driver/Src/stm32f4xx_hal_gpio.o
LOAD ./Drivers/STM32F4xx_HAL_Driver/Src/stm32f4xx_hal_i2c.o
LOAD ./Drivers/STM32F4xx_HAL_Driver/Src/stm32f4xx_hal_i2c_ex.o
LOAD ./Drivers/STM32F4xx_HAL_Driver/Src/stm32f4xx_hal_pwr.o
LOAD ./Drivers/STM32F4xx_HAL_Driver/Src/stm32f4xx_hal_pwr_ex.o
LOAD ./Drivers/STM32F4xx_HAL_Driver/Src/stm32f4xx_hal_rcc.o
LOAD ./Drivers/STM32F4xx_HAL_Driver/Src/stm32f4xx_hal_rcc_ex.o
LOAD ./Drivers/STM32F4xx_HAL_Driver/Src/stm32f4xx_hal_tim.o
LOAD ./Drivers/STM32F4xx_HAL_Driver/Src/stm32f4xx_hal_tim_ex.o
LOAD ./Drivers/STM32F4xx_HAL_Driver/Src/stm32f4xx_hal_uart.o
LOAD ./HARDWARE/CAN/can_RxSolve.o
LOAD ./HARDWARE/CAN/can_Tx.o
LOAD ./HARDWARE/CAN/can_cmd.o
LOAD ./HARDWARE/Command/Command.o
LOAD ./HARDWARE/Core_Board/BEEP/Beep.o
LOAD ./HARDWARE/Core_Board/KEY/KEY.o
LOAD ./HARDWARE/Core_Board/LED/LED.o
LOAD ./HARDWARE/Core_Board/RFID_RC522/RC522.o
LOAD ./HARDWARE/Delay/Delay.o
LOAD ./HARDWARE/Drive/Motor.o
LOAD ./HARDWARE/Drive/PID.o
LOAD ./HARDWARE/Task_Board/BEEP/Task_Beep.o
LOAD ./HARDWARE/Task_Board/Infrared/infrared.o
LOAD ./HARDWARE/Task_Board/Photoresistance/Photoresistance.o
LOAD ./HARDWARE/Task_Board/Ultrasonic/Ultrasonic.o
LOAD ./HARDWARE/Task_Board/Voice/Voice.o
LOAD ./HARDWARE/Task_Board/WheelLED/WheelLED.o
LOAD ./HARDWARE/Task_Board/bh1750/bh1750.o
LOAD ./HARDWARE/Time_Interrupt/Time_Interrupt.o
LOAD ./Task/Task1/Task.o
START GROUP
LOAD C:/AppData/STM32CubeIDE_2.0.0/STM32CubeIDE/plugins/com.st.stm32cube.ide.mcu.externaltools.gnu-tools-for-stm32.13.3.rel1.win32_1.0.100.202509120712/tools/bin/../lib/gcc/arm-none-eabi/13.3.1/../../../../arm-none-eabi/lib/thumb/v7e-m+fp/hard\libc_nano.a
LOAD C:/AppData/STM32CubeIDE_2.0.0/STM32CubeIDE/plugins/com.st.stm32cube.ide.mcu.externaltools.gnu-tools-for-stm32.13.3.rel1.win32_1.0.100.202509120712/tools/bin/../lib/gcc/arm-none-eabi/13.3.1/../../../../arm-none-eabi/lib/thumb/v7e-m+fp/hard\libm.a
END GROUP
START GROUP
LOAD C:/AppData/STM32CubeIDE_2.0.0/STM32CubeIDE/plugins/com.st.stm32cube.ide.mcu.externaltools.gnu-tools-for-stm32.13.3.rel1.win32_1.0.100.202509120712/tools/bin/../lib/gcc/arm-none-eabi/13.3.1/thumb/v7e-m+fp/hard\libgcc.a
LOAD C:/AppData/STM32CubeIDE_2.0.0/STM32CubeIDE/plugins/com.st.stm32cube.ide.mcu.externaltools.gnu-tools-for-stm32.13.3.rel1.win32_1.0.100.202509120712/tools/bin/../lib/gcc/arm-none-eabi/13.3.1/../../../../arm-none-eabi/lib/thumb/v7e-m+fp/hard\libc_nano.a
END GROUP
START GROUP
LOAD C:/AppData/STM32CubeIDE_2.0.0/STM32CubeIDE/plugins/com.st.stm32cube.ide.mcu.externaltools.gnu-tools-for-stm32.13.3.rel1.win32_1.0.100.202509120712/tools/bin/../lib/gcc/arm-none-eabi/13.3.1/thumb/v7e-m+fp/hard\libgcc.a
LOAD C:/AppData/STM32CubeIDE_2.0.0/STM32CubeIDE/plugins/com.st.stm32cube.ide.mcu.externaltools.gnu-tools-for-stm32.13.3.rel1.win32_1.0.100.202509120712/tools/bin/../lib/gcc/arm-none-eabi/13.3.1/../../../../arm-none-eabi/lib/thumb/v7e-m+fp/hard\libc_nano.a
LOAD C:/AppData/STM32CubeIDE_2.0.0/STM32CubeIDE/plugins/com.st.stm32cube.ide.mcu.externaltools.gnu-tools-for-stm32.13.3.rel1.win32_1.0.100.202509120712/tools/bin/../lib/gcc/arm-none-eabi/13.3.1/../../../../arm-none-eabi/lib/thumb/v7e-m+fp/hard\libnosys.a
END GROUP
START GROUP
LOAD C:/AppData/STM32CubeIDE_2.0.0/STM32CubeIDE/plugins/com.st.stm32cube.ide.mcu.externaltools.gnu-tools-for-stm32.13.3.rel1.win32_1.0.100.202509120712/tools/bin/../lib/gcc/arm-none-eabi/13.3.1/thumb/v7e-m+fp/hard\libgcc.a
LOAD C:/AppData/STM32CubeIDE_2.0.0/STM32CubeIDE/plugins/com.st.stm32cube.ide.mcu.externaltools.gnu-tools-for-stm32.13.3.rel1.win32_1.0.100.202509120712/tools/bin/../lib/gcc/arm-none-eabi/13.3.1/../../../../arm-none-eabi/lib/thumb/v7e-m+fp/hard\libc_nano.a
LOAD C:/AppData/STM32CubeIDE_2.0.0/STM32CubeIDE/plugins/com.st.stm32cube.ide.mcu.externaltools.gnu-tools-for-stm32.13.3.rel1.win32_1.0.100.202509120712/tools/bin/../lib/gcc/arm-none-eabi/13.3.1/../../../../arm-none-eabi/lib/thumb/v7e-m+fp/hard\libnosys.a
END GROUP
LOAD C:/AppData/STM32CubeIDE_2.0.0/STM32CubeIDE/plugins/com.st.stm32cube.ide.mcu.externaltools.gnu-tools-for-stm32.13.3.rel1.win32_1.0.100.202509120712/tools/bin/../lib/gcc/arm-none-eabi/13.3.1/thumb/v7e-m+fp/hard/crtend.o
LOAD C:/AppData/STM32CubeIDE_2.0.0/STM32CubeIDE/plugins/com.st.stm32cube.ide.mcu.externaltools.gnu-tools-for-stm32.13.3.rel1.win32_1.0.100.202509120712/tools/bin/../lib/gcc/arm-none-eabi/13.3.1/thumb/v7e-m+fp/hard/crtn.o
                0x20020000                        _estack = (ORIGIN (RAM) + LENGTH (RAM))
                0x00000400                        _Min_Heap_Size = 0x400
                0x00000800                        _Min_Stack_Size = 0x800

.isr_vector     0x08000000      0x188
                0x08000000                        . = ALIGN (0x4)
 *(.isr_vector)
 .isr_vector    0x08000000      0x188 ./Core/Startup/startup_stm32f407igtx.o
                0x08000000                g_pfnVectors
                0x08000188                        . = ALIGN (0x4)

.text           0x08000190     0x9e20
                0x08000190                        . = ALIGN (0x4)
 *(.text)
 .text          0x08000190       0x40 C:/AppData/STM32CubeIDE_2.0.0/STM32CubeIDE/plugins/com.st.stm32cube.ide.mcu.externaltools.gnu-tools-for-stm32.13.3.rel1.win32_1.0.100.202509120712/tools/bin/../lib/gcc/arm-none-eabi/13.3.1/thumb/v7e-m+fp/hard/crtbegin.o
 .text          0x080001d0       0xa0 C:/AppData/STM32CubeIDE_2.0.0/STM32CubeIDE/plugins/com.st.stm32cube.ide.mcu.externaltools.gnu-tools-for-stm32.13.3.rel1.win32_1.0.100.202509120712/tools/bin/../lib/gcc/arm-none-eabi/13.3.1/../../../../arm-none-eabi/lib/thumb/v7e-m+fp/hard\libc_nano.a(libc_a-memchr.o)
                0x080001d0                memchr
 .text          0x08000270       0x10 C:/AppData/STM32CubeIDE_2.0.0/STM32CubeIDE/plugins/com.st.stm32cube.ide.mcu.externaltools.gnu-tools-for-stm32.13.3.rel1.win32_1.0.100.202509120712/tools/bin/../lib/gcc/arm-none-eabi/13.3.1/../../../../arm-none-eabi/lib/thumb/v7e-m+fp/hard\libc_nano.a(libc_a-strlen.o)
                0x08000270                strlen
 .text          0x08000280      0x378 C:/AppData/STM32CubeIDE_2.0.0/STM32CubeIDE/plugins/com.st.stm32cube.ide.mcu.externaltools.gnu-tools-for-stm32.13.3.rel1.win32_1.0.100.202509120712/tools/bin/../lib/gcc/arm-none-eabi/13.3.1/thumb/v7e-m+fp/hard\libgcc.a(_arm_addsubdf3.o)
                0x08000280                __aeabi_drsub
                0x08000288                __aeabi_dsub
                0x08000288                __subdf3
                0x0800028c                __aeabi_dadd
                0x0800028c                __adddf3
                0x08000504                __floatunsidf
                0x08000504                __aeabi_ui2d
                0x08000524                __floatsidf
                0x08000524                __aeabi_i2d
                0x08000548                __aeabi_f2d
                0x08000548                __extendsfdf2
                0x0800058c                __floatundidf
                0x0800058c                __aeabi_ul2d
                0x0800059c                __floatdidf
                0x0800059c                __aeabi_l2d
 .text          0x080005f8      0x424 C:/AppData/STM32CubeIDE_2.0.0/STM32CubeIDE/plugins/com.st.stm32cube.ide.mcu.externaltools.gnu-tools-for-stm32.13.3.rel1.win32_1.0.100.202509120712/tools/bin/../lib/gcc/arm-none-eabi/13.3.1/thumb/v7e-m+fp/hard\libgcc.a(_arm_muldivdf3.o)
                0x080005f8                __aeabi_dmul
                0x080005f8                __muldf3
                0x0800084c                __divdf3
                0x0800084c                __aeabi_ddiv
 .text          0x08000a1c      0x110 C:/AppData/STM32CubeIDE_2.0.0/STM32CubeIDE/plugins/com.st.stm32cube.ide.mcu.externaltools.gnu-tools-for-stm32.13.3.rel1.win32_1.0.100.202509120712/tools/bin/../lib/gcc/arm-none-eabi/13.3.1/thumb/v7e-m+fp/hard\libgcc.a(_arm_cmpdf2.o)
                0x08000a1c                __gtdf2
                0x08000a1c                __gedf2
                0x08000a24                __ltdf2
                0x08000a24                __ledf2
                0x08000a2c                __nedf2
                0x08000a2c                __eqdf2
                0x08000a2c                __cmpdf2
                0x08000aa8                __aeabi_cdrcmple
                0x08000ab8                __aeabi_cdcmpeq
                0x08000ab8                __aeabi_cdcmple
                0x08000ac8                __aeabi_dcmpeq
                0x08000adc                __aeabi_dcmplt
                0x08000af0                __aeabi_dcmple
                0x08000b04                __aeabi_dcmpge
                0x08000b18                __aeabi_dcmpgt
 .text          0x08000b2c       0x2c C:/AppData/STM32CubeIDE_2.0.0/STM32CubeIDE/plugins/com.st.stm32cube.ide.mcu.externaltools.gnu-tools-for-stm32.13.3.rel1.win32_1.0.100.202509120712/tools/bin/../lib/gcc/arm-none-eabi/13.3.1/thumb/v7e-m+fp/hard\libgcc.a(_arm_unorddf2.o)
                0x08000b2c                __unorddf2
                0x08000b2c                __aeabi_dcmpun
 .text          0x08000b58       0x50 C:/AppData/STM32CubeIDE_2.0.0/STM32CubeIDE/plugins/com.st.stm32cube.ide.mcu.externaltools.gnu-tools-for-stm32.13.3.rel1.win32_1.0.100.202509120712/tools/bin/../lib/gcc/arm-none-eabi/13.3.1/thumb/v7e-m+fp/hard\libgcc.a(_arm_fixdfsi.o)
                0x08000b58                __aeabi_d2iz
                0x08000b58                __fixdfsi
 .text          0x08000ba8       0x40 C:/AppData/STM32CubeIDE_2.0.0/STM32CubeIDE/plugins/com.st.stm32cube.ide.mcu.externaltools.gnu-tools-for-stm32.13.3.rel1.win32_1.0.100.202509120712/tools/bin/../lib/gcc/arm-none-eabi/13.3.1/thumb/v7e-m+fp/hard\libgcc.a(_arm_fixunsdfsi.o)
                0x08000ba8                __aeabi_d2uiz
                0x08000ba8                __fixunsdfsi
 .text          0x08000be8       0xa0 C:/AppData/STM32CubeIDE_2.0.0/STM32CubeIDE/plugins/com.st.stm32cube.ide.mcu.externaltools.gnu-tools-for-stm32.13.3.rel1.win32_1.0.100.202509120712/tools/bin/../lib/gcc/arm-none-eabi/13.3.1/thumb/v7e-m+fp/hard\libgcc.a(_arm_truncdfsf2.o)
                0x08000be8                __truncdfsf2
                0x08000be8                __aeabi_d2f
 .text          0x08000c88       0x30 C:/AppData/STM32CubeIDE_2.0.0/STM32CubeIDE/plugins/com.st.stm32cube.ide.mcu.externaltools.gnu-tools-for-stm32.13.3.rel1.win32_1.0.100.202509120712/tools/bin/../lib/gcc/arm-none-eabi/13.3.1/thumb/v7e-m+fp/hard\libgcc.a(_aeabi_uldivmod.o)
                0x08000c88                __aeabi_uldivmod
 .text          0x08000cb8      0x2f8 C:/AppData/STM32CubeIDE_2.0.0/STM32CubeIDE/plugins/com.st.stm32cube.ide.mcu.externaltools.gnu-tools-for-stm32.13.3.rel1.win32_1.0.100.202509120712/tools/bin/../lib/gcc/arm-none-eabi/13.3.1/thumb/v7e-m+fp/hard\libgcc.a(_udivmoddi4.o)
                0x08000cb8                __udivmoddi4
 .text          0x08000fb0        0x4 C:/AppData/STM32CubeIDE_2.0.0/STM32CubeIDE/plugins/com.st.stm32cube.ide.mcu.externaltools.gnu-tools-for-stm32.13.3.rel1.win32_1.0.100.202509120712/tools/bin/../lib/gcc/arm-none-eabi/13.3.1/thumb/v7e-m+fp/hard\libgcc.a(_dvmd_tls.o)
                0x08000fb0                __aeabi_idiv0
                0x08000fb0                __aeabi_ldiv0
 *(.text*)
 .text.Parameter_Init
                0x08000fb4       0x30 ./Core/Src/adc.o
                0x08000fb4                Parameter_Init
 .text.MX_ADC1_Init
                0x08000fe4       0x74 ./Core/Src/adc.o
                0x08000fe4                MX_ADC1_Init
 .text.HAL_ADC_MspInit
                0x08001058       0x78 ./Core/Src/adc.o
                0x08001058                HAL_ADC_MspInit
 .text.Smoothing_Filtering
                0x080010d0       0x48 ./Core/Src/adc.o
                0x080010d0                Smoothing_Filtering
 .text.MLib_GetSub
                0x08001118        0xc ./Core/Src/adc.o
                0x08001118                MLib_GetSub
 .text.Power_TxandStart
                0x08001124      0x158 ./Core/Src/adc.o
                0x08001124                Power_TxandStart
 .text.HAL_ADC_ConvCpltCallback
                0x0800127c       0x4c ./Core/Src/adc.o
                0x0800127c                HAL_ADC_ConvCpltCallback
 .text.CanDrv_Fiter_Create16bit
                0x080012c8       0x28 ./Core/Src/can.o
 .text.Hard_Can_SpeedMode
                0x080012f0       0x14 ./Core/Src/can.o
                0x080012f0                Hard_Can_SpeedMode
 .text.MX_CAN1_Init
                0x08001304       0x48 ./Core/Src/can.o
                0x08001304                MX_CAN1_Init
 .text.HAL_CAN_MspInit
                0x0800134c       0x90 ./Core/Src/can.o
                0x0800134c                HAL_CAN_MspInit
 .text.Filter_Init
                0x080013dc       0xb4 ./Core/Src/can.o
                0x080013dc                Filter_Init
 .text.MyCAN_Transmit
                0x08001490       0x2c ./Core/Src/can.o
                0x08001490                MyCAN_Transmit
 .text.HAL_CAN_RxFifo0MsgPendingCallback
                0x080014bc       0x28 ./Core/Src/can.o
                0x080014bc                HAL_CAN_RxFifo0MsgPendingCallback
 .text.MyCan_Init
                0x080014e4       0x24 ./Core/Src/can.o
                0x080014e4                MyCan_Init
 .text.MX_DMA_Init
                0x08001508       0x34 ./Core/Src/dma.o
                0x08001508                MX_DMA_Init
 .text.MX_GPIO_Init
                0x0800153c      0x1c0 ./Core/Src/gpio.o
                0x0800153c                MX_GPIO_Init
 .text.MX_I2C1_Init
                0x080016fc       0x40 ./Core/Src/i2c.o
                0x080016fc                MX_I2C1_Init
 .text.HAL_I2C_MspInit
                0x0800173c       0x70 ./Core/Src/i2c.o
                0x0800173c                HAL_I2C_MspInit
 .text.Hardware_Init
                0x080017ac       0x2c ./Core/Src/main.o
                0x080017ac                Hardware_Init
 .text.Error_Handler
                0x080017d8        0x4 ./Core/Src/main.o
                0x080017d8                Error_Handler
 .text.SystemClock_Config
                0x080017dc       0xac ./Core/Src/main.o
                0x080017dc                SystemClock_Config
 .text.main     0x08001888      0x19c ./Core/Src/main.o
                0x08001888                main
 .text.HAL_MspInit
                0x08001a24       0x38 ./Core/Src/stm32f4xx_hal_msp.o
                0x08001a24                HAL_MspInit
 .text.NMI_Handler
                0x08001a5c        0x2 ./Core/Src/stm32f4xx_it.o
                0x08001a5c                NMI_Handler
 .text.HardFault_Handler
                0x08001a5e        0x2 ./Core/Src/stm32f4xx_it.o
                0x08001a5e                HardFault_Handler
 .text.MemManage_Handler
                0x08001a60        0x2 ./Core/Src/stm32f4xx_it.o
                0x08001a60                MemManage_Handler
 .text.BusFault_Handler
                0x08001a62        0x2 ./Core/Src/stm32f4xx_it.o
                0x08001a62                BusFault_Handler
 .text.UsageFault_Handler
                0x08001a64        0x2 ./Core/Src/stm32f4xx_it.o
                0x08001a64                UsageFault_Handler
 .text.SVC_Handler
                0x08001a66        0x2 ./Core/Src/stm32f4xx_it.o
                0x08001a66                SVC_Handler
 .text.DebugMon_Handler
                0x08001a68        0x2 ./Core/Src/stm32f4xx_it.o
                0x08001a68                DebugMon_Handler
 .text.PendSV_Handler
                0x08001a6a        0x2 ./Core/Src/stm32f4xx_it.o
                0x08001a6a                PendSV_Handler
 .text.SysTick_Handler
                0x08001a6c        0x8 ./Core/Src/stm32f4xx_it.o
                0x08001a6c                SysTick_Handler
 .text.ADC_IRQHandler
                0x08001a74       0x10 ./Core/Src/stm32f4xx_it.o
                0x08001a74                ADC_IRQHandler
 .text.CAN1_RX0_IRQHandler
                0x08001a84       0x10 ./Core/Src/stm32f4xx_it.o
                0x08001a84                CAN1_RX0_IRQHandler
 .text.CAN1_SCE_IRQHandler
                0x08001a94       0x10 ./Core/Src/stm32f4xx_it.o
                0x08001a94                CAN1_SCE_IRQHandler
 .text.TIM1_BRK_TIM9_IRQHandler
                0x08001aa4       0x10 ./Core/Src/stm32f4xx_it.o
                0x08001aa4                TIM1_BRK_TIM9_IRQHandler
 .text.TIM1_UP_TIM10_IRQHandler
                0x08001ab4       0x10 ./Core/Src/stm32f4xx_it.o
                0x08001ab4                TIM1_UP_TIM10_IRQHandler
 .text.TIM3_IRQHandler
                0x08001ac4       0x10 ./Core/Src/stm32f4xx_it.o
                0x08001ac4                TIM3_IRQHandler
 .text.USART1_IRQHandler
                0x08001ad4       0x10 ./Core/Src/stm32f4xx_it.o
                0x08001ad4                USART1_IRQHandler
 .text.DMA2_Stream1_IRQHandler
                0x08001ae4       0x10 ./Core/Src/stm32f4xx_it.o
                0x08001ae4                DMA2_Stream1_IRQHandler
 .text.USART6_IRQHandler
                0x08001af4       0x10 ./Core/Src/stm32f4xx_it.o
                0x08001af4                USART6_IRQHandler
 .text._getpid  0x08001b04        0x4 ./Core/Src/syscalls.o
                0x08001b04                _getpid
 .text._kill    0x08001b08       0x10 ./Core/Src/syscalls.o
                0x08001b08                _kill
 .text._exit    0x08001b18        0xc ./Core/Src/syscalls.o
                0x08001b18                _exit
 .text._read    0x08001b24       0x20 ./Core/Src/syscalls.o
                0x08001b24                _read
 .text._write   0x08001b44       0x1c ./Core/Src/syscalls.o
                0x08001b44                _write
 .text._close   0x08001b60        0x6 ./Core/Src/syscalls.o
                0x08001b60                _close
 .text._fstat   0x08001b66        0xa ./Core/Src/syscalls.o
                0x08001b66                _fstat
 .text._isatty  0x08001b70        0x4 ./Core/Src/syscalls.o
                0x08001b70                _isatty
 .text._lseek   0x08001b74        0x4 ./Core/Src/syscalls.o
                0x08001b74                _lseek
 .text._sbrk    0x08001b78       0x48 ./Core/Src/sysmem.o
                0x08001b78                _sbrk
 .text.SystemInit
                0x08001bc0       0x14 ./Core/Src/system_stm32f4xx.o
                0x08001bc0                SystemInit
 .text.MX_TIM3_Init
                0x08001bd4       0xb8 ./Core/Src/tim.o
                0x08001bd4                MX_TIM3_Init
 .text.MX_TIM9_Init
                0x08001c8c       0x54 ./Core/Src/tim.o
                0x08001c8c                MX_TIM9_Init
 .text.MX_TIM10_Init
                0x08001ce0       0x30 ./Core/Src/tim.o
                0x08001ce0                MX_TIM10_Init
 .text.HAL_TIM_Base_MspInit
                0x08001d10       0xdc ./Core/Src/tim.o
                0x08001d10                HAL_TIM_Base_MspInit
 .text.MX_USART1_UART_Init
                0x08001dec       0x34 ./Core/Src/usart.o
                0x08001dec                MX_USART1_UART_Init
 .text.MX_USART6_UART_Init
                0x08001e20       0x34 ./Core/Src/usart.o
                0x08001e20                MX_USART6_UART_Init
 .text.HAL_UART_MspInit
                0x08001e54      0x120 ./Core/Src/usart.o
                0x08001e54                HAL_UART_MspInit
 .text.Reset_Handler
                0x08001f74       0x50 ./Core/Startup/startup_stm32f407igtx.o
                0x08001f74                Reset_Handler
 .text.Default_Handler
                0x08001fc4        0x2 ./Core/Startup/startup_stm32f407igtx.o
                0x08001fc4                RTC_Alarm_IRQHandler
                0x08001fc4                HASH_RNG_IRQHandler
                0x08001fc4                EXTI2_IRQHandler
                0x08001fc4                TIM8_CC_IRQHandler
                0x08001fc4                TIM1_CC_IRQHandler
                0x08001fc4                DMA2_Stream5_IRQHandler
                0x08001fc4                DMA1_Stream5_IRQHandler
                0x08001fc4                PVD_IRQHandler
                0x08001fc4                SDIO_IRQHandler
                0x08001fc4                TAMP_STAMP_IRQHandler
                0x08001fc4                CAN2_RX1_IRQHandler
                0x08001fc4                EXTI3_IRQHandler
                0x08001fc4                TIM8_TRG_COM_TIM14_IRQHandler
                0x08001fc4                TIM8_UP_TIM13_IRQHandler
                0x08001fc4                I2C3_ER_IRQHandler
                0x08001fc4                EXTI0_IRQHandler
                0x08001fc4                I2C2_EV_IRQHandler
                0x08001fc4                DMA1_Stream2_IRQHandler
                0x08001fc4                FPU_IRQHandler
                0x08001fc4                OTG_HS_WKUP_IRQHandler
                0x08001fc4                CAN2_SCE_IRQHandler
                0x08001fc4                DMA2_Stream2_IRQHandler
                0x08001fc4                SPI1_IRQHandler
                0x08001fc4                TIM6_DAC_IRQHandler
                0x08001fc4                DCMI_IRQHandler
                0x08001fc4                CAN2_RX0_IRQHandler
                0x08001fc4                DMA2_Stream3_IRQHandler
                0x08001fc4                USART3_IRQHandler
                0x08001fc4                CAN1_RX1_IRQHandler
                0x08001fc4                UART5_IRQHandler
                0x08001fc4                DMA2_Stream0_IRQHandler
                0x08001fc4                TIM4_IRQHandler
                0x08001fc4                I2C1_EV_IRQHandler
                0x08001fc4                DMA1_Stream6_IRQHandler
                0x08001fc4                DMA1_Stream1_IRQHandler
                0x08001fc4                UART4_IRQHandler
                0x08001fc4                RCC_IRQHandler
                0x08001fc4                TIM8_BRK_TIM12_IRQHandler
                0x08001fc4                Default_Handler
                0x08001fc4                EXTI15_10_IRQHandler
                0x08001fc4                DMA1_Stream7_IRQHandler
                0x08001fc4                TIM7_IRQHandler
                0x08001fc4                CAN2_TX_IRQHandler
                0x08001fc4                TIM5_IRQHandler
                0x08001fc4                DMA2_Stream7_IRQHandler
                0x08001fc4                I2C3_EV_IRQHandler
                0x08001fc4                EXTI9_5_IRQHandler
                0x08001fc4                RTC_WKUP_IRQHandler
                0x08001fc4                ETH_WKUP_IRQHandler
                0x08001fc4                SPI2_IRQHandler
                0x08001fc4                OTG_HS_EP1_IN_IRQHandler
                0x08001fc4                DMA1_Stream0_IRQHandler
                0x08001fc4                CAN1_TX_IRQHandler
                0x08001fc4                EXTI4_IRQHandler
                0x08001fc4                FSMC_IRQHandler
                0x08001fc4                ETH_IRQHandler
                0x08001fc4                OTG_HS_EP1_OUT_IRQHandler
                0x08001fc4                WWDG_IRQHandler
                0x08001fc4                TIM2_IRQHandler
                0x08001fc4                OTG_FS_WKUP_IRQHandler
                0x08001fc4                TIM1_TRG_COM_TIM11_IRQHandler
                0x08001fc4                OTG_HS_IRQHandler
                0x08001fc4                EXTI1_IRQHandler
                0x08001fc4                USART2_IRQHandler
                0x08001fc4                I2C2_ER_IRQHandler
                0x08001fc4                FLASH_IRQHandler
                0x08001fc4                DMA2_Stream4_IRQHandler
                0x08001fc4                OTG_FS_IRQHandler
                0x08001fc4                SPI3_IRQHandler
                0x08001fc4                DMA1_Stream4_IRQHandler
                0x08001fc4                I2C1_ER_IRQHandler
                0x08001fc4                DMA2_Stream6_IRQHandler
                0x08001fc4                DMA1_Stream3_IRQHandler
 *fill*         0x08001fc6        0x2 
 .text.HAL_InitTick
                0x08001fc8       0x4c ./Drivers/STM32F4xx_HAL_Driver/Src/stm32f4xx_hal.o
                0x08001fc8                HAL_InitTick
 .text.HAL_Init
                0x08002014       0x34 ./Drivers/STM32F4xx_HAL_Driver/Src/stm32f4xx_hal.o
                0x08002014                HAL_Init
 .text.HAL_IncTick
                0x08002048       0x18 ./Drivers/STM32F4xx_HAL_Driver/Src/stm32f4xx_hal.o
                0x08002048                HAL_IncTick
 .text.HAL_GetTick
                0x08002060        0xc ./Drivers/STM32F4xx_HAL_Driver/Src/stm32f4xx_hal.o
                0x08002060                HAL_GetTick
 .text.HAL_Delay
                0x0800206c       0x28 ./Drivers/STM32F4xx_HAL_Driver/Src/stm32f4xx_hal.o
                0x0800206c                HAL_Delay
 .text.ADC_Init
                0x08002094      0x134 ./Drivers/STM32F4xx_HAL_Driver/Src/stm32f4xx_hal_adc.o
 .text.HAL_ADC_Init
                0x080021c8       0x56 ./Drivers/STM32F4xx_HAL_Driver/Src/stm32f4xx_hal_adc.o
                0x080021c8                HAL_ADC_Init
 *fill*         0x0800221e        0x2 
 .text.HAL_ADC_Start_IT
                0x08002220      0x150 ./Drivers/STM32F4xx_HAL_Driver/Src/stm32f4xx_hal_adc.o
                0x08002220                HAL_ADC_Start_IT
 .text.HAL_ADC_GetValue
                0x08002370        0x6 ./Drivers/STM32F4xx_HAL_Driver/Src/stm32f4xx_hal_adc.o
                0x08002370                HAL_ADC_GetValue
 .text.HAL_ADC_LevelOutOfWindowCallback
                0x08002376        0x2 ./Drivers/STM32F4xx_HAL_Driver/Src/stm32f4xx_hal_adc.o
                0x08002376                HAL_ADC_LevelOutOfWindowCallback
 .text.HAL_ADC_ErrorCallback
                0x08002378        0x2 ./Drivers/STM32F4xx_HAL_Driver/Src/stm32f4xx_hal_adc.o
                0x08002378                HAL_ADC_ErrorCallback
 .text.HAL_ADC_IRQHandler
                0x0800237a      0x142 ./Drivers/STM32F4xx_HAL_Driver/Src/stm32f4xx_hal_adc.o
                0x0800237a                HAL_ADC_IRQHandler
 .text.HAL_ADC_ConfigChannel
                0x080024bc      0x194 ./Drivers/STM32F4xx_HAL_Driver/Src/stm32f4xx_hal_adc.o
                0x080024bc                HAL_ADC_ConfigChannel
 .text.HAL_ADCEx_InjectedConvCpltCallback
                0x08002650        0x2 ./Drivers/STM32F4xx_HAL_Driver/Src/stm32f4xx_hal_adc_ex.o
                0x08002650                HAL_ADCEx_InjectedConvCpltCallback
 .text.HAL_CAN_Init
                0x08002652      0x14c ./Drivers/STM32F4xx_HAL_Driver/Src/stm32f4xx_hal_can.o
                0x08002652                HAL_CAN_Init
 *fill*         0x0800279e        0x2 
 .text.HAL_CAN_ConfigFilter
                0x080027a0      0x138 ./Drivers/STM32F4xx_HAL_Driver/Src/stm32f4xx_hal_can.o
                0x080027a0                HAL_CAN_ConfigFilter
 .text.HAL_CAN_Start
                0x080028d8       0x5c ./Drivers/STM32F4xx_HAL_Driver/Src/stm32f4xx_hal_can.o
                0x080028d8                HAL_CAN_Start
 .text.HAL_CAN_AddTxMessage
                0x08002934       0xea ./Drivers/STM32F4xx_HAL_Driver/Src/stm32f4xx_hal_can.o
                0x08002934                HAL_CAN_AddTxMessage
 .text.HAL_CAN_GetRxMessage
                0x08002a1e      0x16a ./Drivers/STM32F4xx_HAL_Driver/Src/stm32f4xx_hal_can.o
                0x08002a1e                HAL_CAN_GetRxMessage
 .text.HAL_CAN_TxMailbox0CompleteCallback
                0x08002b88        0x2 ./Drivers/STM32F4xx_HAL_Driver/Src/stm32f4xx_hal_can.o
                0x08002b88                HAL_CAN_TxMailbox0CompleteCallback
 .text.HAL_CAN_TxMailbox1CompleteCallback
                0x08002b8a        0x2 ./Drivers/STM32F4xx_HAL_Driver/Src/stm32f4xx_hal_can.o
                0x08002b8a                HAL_CAN_TxMailbox1CompleteCallback
 .text.HAL_CAN_TxMailbox2CompleteCallback
                0x08002b8c        0x2 ./Drivers/STM32F4xx_HAL_Driver/Src/stm32f4xx_hal_can.o
                0x08002b8c                HAL_CAN_TxMailbox2CompleteCallback
 .text.HAL_CAN_TxMailbox0AbortCallback
                0x08002b8e        0x2 ./Drivers/STM32F4xx_HAL_Driver/Src/stm32f4xx_hal_can.o
                0x08002b8e                HAL_CAN_TxMailbox0AbortCallback
 .text.HAL_CAN_TxMailbox1AbortCallback
                0x08002b90        0x2 ./Drivers/STM32F4xx_HAL_Driver/Src/stm32f4xx_hal_can.o
                0x08002b90                HAL_CAN_TxMailbox1AbortCallback
 .text.HAL_CAN_TxMailbox2AbortCallback
                0x08002b92        0x2 ./Drivers/STM32F4xx_HAL_Driver/Src/stm32f4xx_hal_can.o
                0x08002b92                HAL_CAN_TxMailbox2AbortCallback
 .text.HAL_CAN_RxFifo0FullCallback
                0x08002b94        0x2 ./Drivers/STM32F4xx_HAL_Driver/Src/stm32f4xx_hal_can.o
                0x08002b94                HAL_CAN_RxFifo0FullCallback
 .text.HAL_CAN_RxFifo1MsgPendingCallback
                0x08002b96        0x2 ./Drivers/STM32F4xx_HAL_Driver/Src/stm32f4xx_hal_can.o
                0x08002b96                HAL_CAN_RxFifo1MsgPendingCallback
 .text.HAL_CAN_RxFifo1FullCallback
                0x08002b98        0x2 ./Drivers/STM32F4xx_HAL_Driver/Src/stm32f4xx_hal_can.o
                0x08002b98                HAL_CAN_RxFifo1FullCallback
 .text.HAL_CAN_SleepCallback
                0x08002b9a        0x2 ./Drivers/STM32F4xx_HAL_Driver/Src/stm32f4xx_hal_can.o
                0x08002b9a                HAL_CAN_SleepCallback
 .text.HAL_CAN_WakeUpFromRxMsgCallback
                0x08002b9c        0x2 ./Drivers/STM32F4xx_HAL_Driver/Src/stm32f4xx_hal_can.o
                0x08002b9c                HAL_CAN_WakeUpFromRxMsgCallback
 .text.HAL_CAN_ErrorCallback
                0x08002b9e        0x2 ./Drivers/STM32F4xx_HAL_Driver/Src/stm32f4xx_hal_can.o
                0x08002b9e                HAL_CAN_ErrorCallback
 .text.HAL_CAN_IRQHandler
                0x08002ba0      0x250 ./Drivers/STM32F4xx_HAL_Driver/Src/stm32f4xx_hal_can.o
                0x08002ba0                HAL_CAN_IRQHandler
 .text.__NVIC_EnableIRQ
                0x08002df0       0x1c ./Drivers/STM32F4xx_HAL_Driver/Src/stm32f4xx_hal_cortex.o
 .text.__NVIC_SetPriority
                0x08002e0c       0x28 ./Drivers/STM32F4xx_HAL_Driver/Src/stm32f4xx_hal_cortex.o
 .text.NVIC_EncodePriority
                0x08002e34       0x3e ./Drivers/STM32F4xx_HAL_Driver/Src/stm32f4xx_hal_cortex.o
 *fill*         0x08002e72        0x2 
 .text.HAL_NVIC_SetPriorityGrouping
                0x08002e74       0x24 ./Drivers/STM32F4xx_HAL_Driver/Src/stm32f4xx_hal_cortex.o
                0x08002e74                HAL_NVIC_SetPriorityGrouping
 .text.HAL_NVIC_SetPriority
                0x08002e98       0x20 ./Drivers/STM32F4xx_HAL_Driver/Src/stm32f4xx_hal_cortex.o
                0x08002e98                HAL_NVIC_SetPriority
 .text.HAL_NVIC_EnableIRQ
                0x08002eb8        0x8 ./Drivers/STM32F4xx_HAL_Driver/Src/stm32f4xx_hal_cortex.o
                0x08002eb8                HAL_NVIC_EnableIRQ
 .text.HAL_SYSTICK_Config
                0x08002ec0       0x28 ./Drivers/STM32F4xx_HAL_Driver/Src/stm32f4xx_hal_cortex.o
                0x08002ec0                HAL_SYSTICK_Config
 .text.DMA_SetConfig
                0x08002ee8       0x2c ./Drivers/STM32F4xx_HAL_Driver/Src/stm32f4xx_hal_dma.o
 .text.DMA_CalcBaseAndBitshift
                0x08002f14       0x3c ./Drivers/STM32F4xx_HAL_Driver/Src/stm32f4xx_hal_dma.o
 .text.DMA_CheckFifoParam
                0x08002f50       0x8e ./Drivers/STM32F4xx_HAL_Driver/Src/stm32f4xx_hal_dma.o
 *fill*         0x08002fde        0x2 
 .text.HAL_DMA_Init
                0x08002fe0       0xcc ./Drivers/STM32F4xx_HAL_Driver/Src/stm32f4xx_hal_dma.o
                0x08002fe0                HAL_DMA_Init
 .text.HAL_DMA_Start_IT
                0x080030ac       0x6a ./Drivers/STM32F4xx_HAL_Driver/Src/stm32f4xx_hal_dma.o
                0x080030ac                HAL_DMA_Start_IT
 .text.HAL_DMA_Abort
                0x08003116       0x94 ./Drivers/STM32F4xx_HAL_Driver/Src/stm32f4xx_hal_dma.o
                0x08003116                HAL_DMA_Abort
 .text.HAL_DMA_Abort_IT
                0x080031aa       0x26 ./Drivers/STM32F4xx_HAL_Driver/Src/stm32f4xx_hal_dma.o
                0x080031aa                HAL_DMA_Abort_IT
 .text.HAL_DMA_IRQHandler
                0x080031d0      0x1dc ./Drivers/STM32F4xx_HAL_Driver/Src/stm32f4xx_hal_dma.o
                0x080031d0                HAL_DMA_IRQHandler
 .text.HAL_GPIO_Init
                0x080033ac      0x1ec ./Drivers/STM32F4xx_HAL_Driver/Src/stm32f4xx_hal_gpio.o
                0x080033ac                HAL_GPIO_Init
 .text.HAL_GPIO_ReadPin
                0x08003598        0xe ./Drivers/STM32F4xx_HAL_Driver/Src/stm32f4xx_hal_gpio.o
                0x08003598                HAL_GPIO_ReadPin
 .text.HAL_GPIO_WritePin
                0x080035a6        0xc ./Drivers/STM32F4xx_HAL_Driver/Src/stm32f4xx_hal_gpio.o
                0x080035a6                HAL_GPIO_WritePin
 .text.HAL_GPIO_TogglePin
                0x080035b2       0x12 ./Drivers/STM32F4xx_HAL_Driver/Src/stm32f4xx_hal_gpio.o
                0x080035b2                HAL_GPIO_TogglePin
 .text.I2C_IsAcknowledgeFailed
                0x080035c4       0x32 ./Drivers/STM32F4xx_HAL_Driver/Src/stm32f4xx_hal_i2c.o
 .text.I2C_WaitOnFlagUntilTimeout
                0x080035f6       0xaa ./Drivers/STM32F4xx_HAL_Driver/Src/stm32f4xx_hal_i2c.o
 .text.I2C_WaitOnMasterAddressFlagUntilTimeout
                0x080036a0       0xd6 ./Drivers/STM32F4xx_HAL_Driver/Src/stm32f4xx_hal_i2c.o
 *fill*         0x08003776        0x2 
 .text.I2C_MasterRequestWrite
                0x08003778       0xb4 ./Drivers/STM32F4xx_HAL_Driver/Src/stm32f4xx_hal_i2c.o
 .text.I2C_MasterRequestRead
                0x0800382c      0x120 ./Drivers/STM32F4xx_HAL_Driver/Src/stm32f4xx_hal_i2c.o
 .text.I2C_WaitOnTXEFlagUntilTimeout
                0x0800394c       0x5e ./Drivers/STM32F4xx_HAL_Driver/Src/stm32f4xx_hal_i2c.o
 .text.I2C_WaitOnBTFFlagUntilTimeout
                0x080039aa       0x5e ./Drivers/STM32F4xx_HAL_Driver/Src/stm32f4xx_hal_i2c.o
 .text.I2C_WaitOnRXNEFlagUntilTimeout
                0x08003a08       0x78 ./Drivers/STM32F4xx_HAL_Driver/Src/stm32f4xx_hal_i2c.o
 .text.HAL_I2C_Init
                0x08003a80      0x1bc ./Drivers/STM32F4xx_HAL_Driver/Src/stm32f4xx_hal_i2c.o
                0x08003a80                HAL_I2C_Init
 .text.HAL_I2C_Master_Transmit
                0x08003c3c      0x178 ./Drivers/STM32F4xx_HAL_Driver/Src/stm32f4xx_hal_i2c.o
                0x08003c3c                HAL_I2C_Master_Transmit
 .text.HAL_I2C_Master_Receive
                0x08003db4      0x2fc ./Drivers/STM32F4xx_HAL_Driver/Src/stm32f4xx_hal_i2c.o
                0x08003db4                HAL_I2C_Master_Receive
 .text.HAL_RCC_OscConfig
                0x080040b0      0x3f8 ./Drivers/STM32F4xx_HAL_Driver/Src/stm32f4xx_hal_rcc.o
                0x080040b0                HAL_RCC_OscConfig
 .text.HAL_RCC_GetSysClockFreq
                0x080044a8       0xa8 ./Drivers/STM32F4xx_HAL_Driver/Src/stm32f4xx_hal_rcc.o
                0x080044a8                HAL_RCC_GetSysClockFreq
 .text.HAL_RCC_ClockConfig
                0x08004550      0x160 ./Drivers/STM32F4xx_HAL_Driver/Src/stm32f4xx_hal_rcc.o
                0x08004550                HAL_RCC_ClockConfig
 .text.HAL_RCC_GetHCLKFreq
                0x080046b0        0xc ./Drivers/STM32F4xx_HAL_Driver/Src/stm32f4xx_hal_rcc.o
                0x080046b0                HAL_RCC_GetHCLKFreq
 .text.HAL_RCC_GetPCLK1Freq
                0x080046bc       0x20 ./Drivers/STM32F4xx_HAL_Driver/Src/stm32f4xx_hal_rcc.o
                0x080046bc                HAL_RCC_GetPCLK1Freq
 .text.HAL_RCC_GetPCLK2Freq
                0x080046dc       0x20 ./Drivers/STM32F4xx_HAL_Driver/Src/stm32f4xx_hal_rcc.o
                0x080046dc                HAL_RCC_GetPCLK2Freq
 .text.TIM_TI1_ConfigInputStage
                0x080046fc       0x26 ./Drivers/STM32F4xx_HAL_Driver/Src/stm32f4xx_hal_tim.o
 .text.TIM_TI2_SetConfig
                0x08004722       0x36 ./Drivers/STM32F4xx_HAL_Driver/Src/stm32f4xx_hal_tim.o
 .text.TIM_TI2_ConfigInputStage
                0x08004758       0x28 ./Drivers/STM32F4xx_HAL_Driver/Src/stm32f4xx_hal_tim.o
 .text.TIM_TI3_SetConfig
                0x08004780       0x36 ./Drivers/STM32F4xx_HAL_Driver/Src/stm32f4xx_hal_tim.o
 .text.TIM_TI4_SetConfig
                0x080047b6       0x36 ./Drivers/STM32F4xx_HAL_Driver/Src/stm32f4xx_hal_tim.o
 .text.TIM_ITRx_SetConfig
                0x080047ec       0x10 ./Drivers/STM32F4xx_HAL_Driver/Src/stm32f4xx_hal_tim.o
 .text.HAL_TIM_Base_Start
                0x080047fc       0x7c ./Drivers/STM32F4xx_HAL_Driver/Src/stm32f4xx_hal_tim.o
                0x080047fc                HAL_TIM_Base_Start
 .text.HAL_TIM_Base_Stop
                0x08004878       0x28 ./Drivers/STM32F4xx_HAL_Driver/Src/stm32f4xx_hal_tim.o
                0x08004878                HAL_TIM_Base_Stop
 .text.HAL_TIM_Base_Start_IT
                0x080048a0       0x88 ./Drivers/STM32F4xx_HAL_Driver/Src/stm32f4xx_hal_tim.o
                0x080048a0                HAL_TIM_Base_Start_IT
 .text.HAL_TIM_IC_MspInit
                0x08004928        0x2 ./Drivers/STM32F4xx_HAL_Driver/Src/stm32f4xx_hal_tim.o
                0x08004928                HAL_TIM_IC_MspInit
 .text.HAL_TIM_ReadCapturedValue
                0x0800492a       0x32 ./Drivers/STM32F4xx_HAL_Driver/Src/stm32f4xx_hal_tim.o
                0x0800492a                HAL_TIM_ReadCapturedValue
 .text.HAL_TIM_OC_DelayElapsedCallback
                0x0800495c        0x2 ./Drivers/STM32F4xx_HAL_Driver/Src/stm32f4xx_hal_tim.o
                0x0800495c                HAL_TIM_OC_DelayElapsedCallback
 .text.HAL_TIM_PWM_PulseFinishedCallback
                0x0800495e        0x2 ./Drivers/STM32F4xx_HAL_Driver/Src/stm32f4xx_hal_tim.o
                0x0800495e                HAL_TIM_PWM_PulseFinishedCallback
 .text.HAL_TIM_TriggerCallback
                0x08004960        0x2 ./Drivers/STM32F4xx_HAL_Driver/Src/stm32f4xx_hal_tim.o
                0x08004960                HAL_TIM_TriggerCallback
 .text.HAL_TIM_IRQHandler
                0x08004962      0x15e ./Drivers/STM32F4xx_HAL_Driver/Src/stm32f4xx_hal_tim.o
                0x08004962                HAL_TIM_IRQHandler
 .text.TIM_Base_SetConfig
                0x08004ac0       0xd0 ./Drivers/STM32F4xx_HAL_Driver/Src/stm32f4xx_hal_tim.o
                0x08004ac0                TIM_Base_SetConfig
 .text.HAL_TIM_Base_Init
                0x08004b90       0x58 ./Drivers/STM32F4xx_HAL_Driver/Src/stm32f4xx_hal_tim.o
                0x08004b90                HAL_TIM_Base_Init
 .text.HAL_TIM_IC_Init
                0x08004be8       0x58 ./Drivers/STM32F4xx_HAL_Driver/Src/stm32f4xx_hal_tim.o
                0x08004be8                HAL_TIM_IC_Init
 .text.TIM_TI1_SetConfig
                0x08004c40       0x7c ./Drivers/STM32F4xx_HAL_Driver/Src/stm32f4xx_hal_tim.o
                0x08004c40                TIM_TI1_SetConfig
 .text.HAL_TIM_IC_ConfigChannel
                0x08004cbc       0xcc ./Drivers/STM32F4xx_HAL_Driver/Src/stm32f4xx_hal_tim.o
                0x08004cbc                HAL_TIM_IC_ConfigChannel
 .text.TIM_ETR_SetConfig
                0x08004d88       0x1a ./Drivers/STM32F4xx_HAL_Driver/Src/stm32f4xx_hal_tim.o
                0x08004d88                TIM_ETR_SetConfig
 .text.HAL_TIM_ConfigClockSource
                0x08004da2       0xfe ./Drivers/STM32F4xx_HAL_Driver/Src/stm32f4xx_hal_tim.o
                0x08004da2                HAL_TIM_ConfigClockSource
 .text.TIM_CCxChannelCmd
                0x08004ea0       0x1e ./Drivers/STM32F4xx_HAL_Driver/Src/stm32f4xx_hal_tim.o
                0x08004ea0                TIM_CCxChannelCmd
 *fill*         0x08004ebe        0x2 
 .text.HAL_TIM_IC_Start
                0x08004ec0      0x120 ./Drivers/STM32F4xx_HAL_Driver/Src/stm32f4xx_hal_tim.o
                0x08004ec0                HAL_TIM_IC_Start
 .text.HAL_TIM_IC_Stop
                0x08004fe0       0x7a ./Drivers/STM32F4xx_HAL_Driver/Src/stm32f4xx_hal_tim.o
                0x08004fe0                HAL_TIM_IC_Stop
 *fill*         0x0800505a        0x2 
 .text.HAL_TIM_IC_Start_IT
                0x0800505c      0x198 ./Drivers/STM32F4xx_HAL_Driver/Src/stm32f4xx_hal_tim.o
                0x0800505c                HAL_TIM_IC_Start_IT
 .text.HAL_TIM_IC_Stop_IT
                0x080051f4       0xca ./Drivers/STM32F4xx_HAL_Driver/Src/stm32f4xx_hal_tim.o
                0x080051f4                HAL_TIM_IC_Stop_IT
 *fill*         0x080052be        0x2 
 .text.HAL_TIMEx_MasterConfigSynchronization
                0x080052c0       0x8c ./Drivers/STM32F4xx_HAL_Driver/Src/stm32f4xx_hal_tim_ex.o
                0x080052c0                HAL_TIMEx_MasterConfigSynchronization
 .text.HAL_TIMEx_CommutCallback
                0x0800534c        0x2 ./Drivers/STM32F4xx_HAL_Driver/Src/stm32f4xx_hal_tim_ex.o
                0x0800534c                HAL_TIMEx_CommutCallback
 .text.HAL_TIMEx_BreakCallback
                0x0800534e        0x2 ./Drivers/STM32F4xx_HAL_Driver/Src/stm32f4xx_hal_tim_ex.o
                0x0800534e                HAL_TIMEx_BreakCallback
 .text.UART_EndTxTransfer
                0x08005350       0x20 ./Drivers/STM32F4xx_HAL_Driver/Src/stm32f4xx_hal_uart.o
 .text.UART_EndRxTransfer
                0x08005370       0x5c ./Drivers/STM32F4xx_HAL_Driver/Src/stm32f4xx_hal_uart.o
 .text.UART_Transmit_IT
                0x080053cc       0x60 ./Drivers/STM32F4xx_HAL_Driver/Src/stm32f4xx_hal_uart.o
 .text.UART_SetConfig
                0x0800542c      0x110 ./Drivers/STM32F4xx_HAL_Driver/Src/stm32f4xx_hal_uart.o
 .text.UART_WaitOnFlagUntilTimeout
                0x0800553c       0x86 ./Drivers/STM32F4xx_HAL_Driver/Src/stm32f4xx_hal_uart.o
 .text.HAL_UART_Init
                0x080055c2       0x60 ./Drivers/STM32F4xx_HAL_Driver/Src/stm32f4xx_hal_uart.o
                0x080055c2                HAL_UART_Init
 .text.HAL_UART_Transmit
                0x08005622       0xcc ./Drivers/STM32F4xx_HAL_Driver/Src/stm32f4xx_hal_uart.o
                0x08005622                HAL_UART_Transmit
 .text.HAL_UART_Receive
                0x080056ee       0xd2 ./Drivers/STM32F4xx_HAL_Driver/Src/stm32f4xx_hal_uart.o
                0x080056ee                HAL_UART_Receive
 .text.HAL_UART_TxCpltCallback
                0x080057c0        0x2 ./Drivers/STM32F4xx_HAL_Driver/Src/stm32f4xx_hal_uart.o
                0x080057c0                HAL_UART_TxCpltCallback
 .text.UART_EndTransmit_IT
                0x080057c2       0x1a ./Drivers/STM32F4xx_HAL_Driver/Src/stm32f4xx_hal_uart.o
 .text.HAL_UART_RxHalfCpltCallback
                0x080057dc        0x2 ./Drivers/STM32F4xx_HAL_Driver/Src/stm32f4xx_hal_uart.o
                0x080057dc                HAL_UART_RxHalfCpltCallback
 .text.HAL_UART_ErrorCallback
                0x080057de        0x2 ./Drivers/STM32F4xx_HAL_Driver/Src/stm32f4xx_hal_uart.o
                0x080057de                HAL_UART_ErrorCallback
 .text.UART_DMAError
                0x080057e0       0x58 ./Drivers/STM32F4xx_HAL_Driver/Src/stm32f4xx_hal_uart.o
 .text.UART_DMAAbortOnError
                0x08005838        0xe ./Drivers/STM32F4xx_HAL_Driver/Src/stm32f4xx_hal_uart.o
 .text.HAL_UARTEx_RxEventCallback
                0x08005846        0x2 ./Drivers/STM32F4xx_HAL_Driver/Src/stm32f4xx_hal_uart.o
                0x08005846                HAL_UARTEx_RxEventCallback
 .text.UART_Receive_IT
                0x08005848       0xe6 ./Drivers/STM32F4xx_HAL_Driver/Src/stm32f4xx_hal_uart.o
 *fill*         0x0800592e        0x2 
 .text.HAL_UART_IRQHandler
                0x08005930      0x2a0 ./Drivers/STM32F4xx_HAL_Driver/Src/stm32f4xx_hal_uart.o
                0x08005930                HAL_UART_IRQHandler
 .text.UART_DMARxHalfCplt
                0x08005bd0       0x1e ./Drivers/STM32F4xx_HAL_Driver/Src/stm32f4xx_hal_uart.o
 .text.UART_DMAReceiveCplt
                0x08005bee       0x9a ./Drivers/STM32F4xx_HAL_Driver/Src/stm32f4xx_hal_uart.o
 .text.UART_Start_Receive_DMA
                0x08005c88       0xb8 ./Drivers/STM32F4xx_HAL_Driver/Src/stm32f4xx_hal_uart.o
                0x08005c88                UART_Start_Receive_DMA
 .text.HAL_UART_Receive_DMA
                0x08005d40       0x26 ./Drivers/STM32F4xx_HAL_Driver/Src/stm32f4xx_hal_uart.o
                0x08005d40                HAL_UART_Receive_DMA
 *fill*         0x08005d66        0x2 
 .text.CanRx_Loop
                0x08005d68      0x1c8 ./HARDWARE/CAN/can_RxSolve.o
                0x08005d68                CanRx_Loop
 .text.Can_CmdStruct_Init
                0x08005f30       0x58 ./HARDWARE/CAN/can_Tx.o
                0x08005f30                Can_CmdStruct_Init
 .text.Can_BufWrite
                0x08005f88       0x5c ./HARDWARE/CAN/can_Tx.o
                0x08005f88                Can_BufWrite
 .text.Can_CheckReadEn
                0x08005fe4       0x28 ./HARDWARE/CAN/can_Tx.o
                0x08005fe4                Can_CheckReadEn
 .text.Can_BufRead
                0x0800600c       0x3e ./HARDWARE/CAN/can_Tx.o
                0x0800600c                Can_BufRead
 *fill*         0x0800604a        0x2 
 .text.CAN_TxtoWifi
                0x0800604c       0x1c ./HARDWARE/CAN/can_Tx.o
                0x0800604c                CAN_TxtoWifi
 .text.CAN_TxtoZigbee
                0x08006068       0x1c ./HARDWARE/CAN/can_Tx.o
                0x08006068                CAN_TxtoZigbee
 .text.CAN_TxtoMotor
                0x08006084       0x3c ./HARDWARE/CAN/can_Tx.o
                0x08006084                CAN_TxtoMotor
 .text.CAN_TxtoPower
                0x080060c0       0x3c ./HARDWARE/CAN/can_Tx.o
                0x080060c0                CAN_TxtoPower
 .text.CAN_TxLoop
                0x080060fc      0x28c ./HARDWARE/CAN/can_Tx.o
                0x080060fc                CAN_TxLoop
 .text.Command_OpenGate
                0x08006388       0x10 ./HARDWARE/Command/Command.o
                0x08006388                Command_OpenGate
 .text.Command_StartTim
                0x08006398       0x10 ./HARDWARE/Command/Command.o
                0x08006398                Command_StartTim
 .text.Command_EndTim
                0x080063a8       0x10 ./HARDWARE/Command/Command.o
                0x080063a8                Command_EndTim
 .text.Command_TrafficBInMode
                0x080063b8       0x10 ./HARDWARE/Command/Command.o
                0x080063b8                Command_TrafficBInMode
 .text.Command_SlaveCarStart
                0x080063c8       0x24 ./HARDWARE/Command/Command.o
                0x080063c8                Command_SlaveCarStart
 .text.Command_SendAndroid
                0x080063ec       0x3c ./HARDWARE/Command/Command.o
                0x080063ec                Command_SendAndroid
 .text.Command_AndroidTraffic
                0x08006428        0xc ./HARDWARE/Command/Command.o
                0x08006428                Command_AndroidTraffic
 .text.Beep_Set
                0x08006434       0x14 ./HARDWARE/Core_Board/BEEP/Beep.o
                0x08006434                Beep_Set
 .text.Key_Init
                0x08006448       0x10 ./HARDWARE/Core_Board/KEY/KEY.o
                0x08006448                Key_Init
 .text.Key_GetNum
                0x08006458       0x14 ./HARDWARE/Core_Board/KEY/KEY.o
                0x08006458                Key_GetNum
 .text.KeyNum_GetState
                0x0800646c       0x44 ./HARDWARE/Core_Board/KEY/KEY.o
                0x0800646c                KeyNum_GetState
 .text.KeyNum_Tick
                0x080064b0       0x2c ./HARDWARE/Core_Board/KEY/KEY.o
                0x080064b0                KeyNum_Tick
 .text.RC522_SendData
                0x080064dc       0x14 ./HARDWARE/Core_Board/RFID_RC522/RC522.o
                0x080064dc                RC522_SendData
 .text.RC522_ReceiveData
                0x080064f0       0x38 ./HARDWARE/Core_Board/RFID_RC522/RC522.o
                0x080064f0                RC522_ReceiveData
 .text.RC522_WriteReg
                0x08006528       0x5c ./HARDWARE/Core_Board/RFID_RC522/RC522.o
                0x08006528                RC522_WriteReg
 .text.RC522_ReadReg
                0x08006584       0x38 ./HARDWARE/Core_Board/RFID_RC522/RC522.o
                0x08006584                RC522_ReadReg
 .text.RC522_ClearBitMask
                0x080065bc       0x1e ./HARDWARE/Core_Board/RFID_RC522/RC522.o
                0x080065bc                RC522_ClearBitMask
 .text.RC522_SetBitMask
                0x080065da       0x1a ./HARDWARE/Core_Board/RFID_RC522/RC522.o
                0x080065da                RC522_SetBitMask
 .text.RC522_SoftReset
                0x080065f4       0x4c ./HARDWARE/Core_Board/RFID_RC522/RC522.o
                0x080065f4                RC522_SoftReset
 .text.RC522_PcdAntennaOff
                0x08006640        0xc ./HARDWARE/Core_Board/RFID_RC522/RC522.o
                0x08006640                RC522_PcdAntennaOff
 .text.RC522_PcdAntennaOn
                0x0800664c       0x1a ./HARDWARE/Core_Board/RFID_RC522/RC522.o
                0x0800664c                RC522_PcdAntennaOn
 .text.RC522_PcdConfigISOType
                0x08006666       0x5a ./HARDWARE/Core_Board/RFID_RC522/RC522.o
                0x08006666                RC522_PcdConfigISOType
 .text.RC522_PcdReset
                0x080066c0       0x52 ./HARDWARE/Core_Board/RFID_RC522/RC522.o
                0x080066c0                RC522_PcdReset
 *fill*         0x08006712        0x2 
 .text.RC522_GetLinkFlag
                0x08006714        0xc ./HARDWARE/Core_Board/RFID_RC522/RC522.o
                0x08006714                RC522_GetLinkFlag
 .text.InitRC522
                0x08006720       0x38 ./HARDWARE/Core_Board/RFID_RC522/RC522.o
                0x08006720                InitRC522
 .text.RC522_LinkTest
                0x08006758        0xa ./HARDWARE/Core_Board/RFID_RC522/RC522.o
                0x08006758                RC522_LinkTest
 *fill*         0x08006762        0x2 
 .text.My_Delay_Init
                0x08006764       0x48 ./HARDWARE/Delay/Delay.o
                0x08006764                My_Delay_Init
 .text.My_Delayus
                0x080067ac       0x2c ./HARDWARE/Delay/Delay.o
                0x080067ac                My_Delayus
 .text.Motor_Control
                0x080067d8       0x58 ./HARDWARE/Drive/Motor.o
                0x080067d8                Motor_Control
 .text.Motor_Init
                0x08006830       0x18 ./HARDWARE/Drive/Motor.o
                0x08006830                Motor_Init
 .text.Motor_SyncLeftEncoder
                0x08006848       0x14 ./HARDWARE/Drive/Motor.o
                0x08006848                Motor_SyncLeftEncoder
 .text.Motor_SyncRightEncoder
                0x0800685c       0x14 ./HARDWARE/Drive/Motor.o
                0x0800685c                Motor_SyncRightEncoder
 .text.Motor_GetLDifcoder
                0x08006870       0x30 ./HARDWARE/Drive/Motor.o
                0x08006870                Motor_GetLDifcoder
 .text.Motor_GetRDifcoder
                0x080068a0       0x30 ./HARDWARE/Drive/Motor.o
                0x080068a0                Motor_GetRDifcoder
 .text.Motor_GetLRDifcoder
                0x080068d0       0x1a ./HARDWARE/Drive/Motor.o
                0x080068d0                Motor_GetLRDifcoder
 *fill*         0x080068ea        0x6 
 .text.Motor_calculate_pulses
                0x080068f0       0xc8 ./HARDWARE/Drive/Motor.o
                0x080068f0                Motor_calculate_pulses
 .text.Car_Go   0x080069b8       0x44 ./HARDWARE/Drive/Motor.o
                0x080069b8                Car_Go
 .text.Car_Back
                0x080069fc       0x40 ./HARDWARE/Drive/Motor.o
                0x080069fc                Car_Back
 .text.Car_Right
                0x08006a3c       0x38 ./HARDWARE/Drive/Motor.o
                0x08006a3c                Car_Right
 .text.Car_Track
                0x08006a74       0x20 ./HARDWARE/Drive/Motor.o
                0x08006a74                Car_Track
 .text.Car_TrackTime
                0x08006a94       0x38 ./HARDWARE/Drive/Motor.o
                0x08006a94                Car_TrackTime
 *fill*         0x08006acc        0x4 
 .text.Go_and_Back_Check
                0x08006ad0      0x270 ./HARDWARE/Drive/Motor.o
                0x08006ad0                Go_and_Back_Check
 .text.TurnAngle_Check
                0x08006d40       0xc8 ./HARDWARE/Drive/Motor.o
                0x08006d40                TurnAngle_Check
 .text.TurnAngle_NewCheck
                0x08006e08       0x94 ./HARDWARE/Drive/Motor.o
                0x08006e08                TurnAngle_NewCheck
 .text.Track_Check
                0x08006e9c      0x1d0 ./HARDWARE/Drive/Motor.o
                0x08006e9c                Track_Check
 .text.PIDSpeed_Update
                0x0800706c       0xb4 ./HARDWARE/Drive/PID.o
                0x0800706c                PIDSpeed_Update
 .text.TaskBeep_Set
                0x08007120       0x18 ./HARDWARE/Task_Board/BEEP/Task_Beep.o
                0x08007120                TaskBeep_Set
 .text.Infrared_Init
                0x08007138       0x14 ./HARDWARE/Task_Board/Infrared/infrared.o
                0x08007138                Infrared_Init
 .text.Ultrasonic_Init
                0x0800714c       0x14 ./HARDWARE/Task_Board/Ultrasonic/Ultrasonic.o
                0x0800714c                Ultrasonic_Init
 .text.Ultrasonic_Start
                0x08007160       0x50 ./HARDWARE/Task_Board/Ultrasonic/Ultrasonic.o
                0x08007160                Ultrasonic_Start
 .text.HAL_TIM_IC_CaptureCallback
                0x080071b0       0x68 ./HARDWARE/Task_Board/Ultrasonic/Ultrasonic.o
                0x080071b0                HAL_TIM_IC_CaptureCallback
 .text.Voice_Init
                0x08007218       0x18 ./HARDWARE/Task_Board/Voice/Voice.o
                0x08007218                Voice_Init
 .text.HAL_UART_RxCpltCallback
                0x08007230       0x28 ./HARDWARE/Task_Board/Voice/Voice.o
                0x08007230                HAL_UART_RxCpltCallback
 .text.BH1750_WriteCommand
                0x08007258       0x24 ./HARDWARE/Task_Board/bh1750/bh1750.o
                0x08007258                BH1750_WriteCommand
 .text.BH1750_GetLux
                0x0800727c       0x50 ./HARDWARE/Task_Board/bh1750/bh1750.o
                0x0800727c                BH1750_GetLux
 .text.BH1750_Init
                0x080072cc       0x5c ./HARDWARE/Task_Board/bh1750/bh1750.o
                0x080072cc                BH1750_Init
 .text.I2C_ForceReset
                0x08007328       0xc8 ./HARDWARE/Task_Board/bh1750/bh1750.o
                0x08007328                I2C_ForceReset
 .text.HAL_TIM_PeriodElapsedCallback
                0x080073f0       0x88 ./HARDWARE/Time_Interrupt/Time_Interrupt.o
                0x080073f0                HAL_TIM_PeriodElapsedCallback
 .text.Task1_Start
                0x08007478      0x120 ./Task/Task1/Task.o
                0x08007478                Task1_Start
 .text.__cvt    0x08007598       0xca C:/AppData/STM32CubeIDE_2.0.0/STM32CubeIDE/plugins/com.st.stm32cube.ide.mcu.externaltools.gnu-tools-for-stm32.13.3.rel1.win32_1.0.100.202509120712/tools/bin/../lib/gcc/arm-none-eabi/13.3.1/../../../../arm-none-eabi/lib/thumb/v7e-m+fp/hard\libc_nano.a(libc_a-nano-vfprintf_float.o)
                0x08007598                __cvt
 .text.__exponent
                0x08007662       0x74 C:/AppData/STM32CubeIDE_2.0.0/STM32CubeIDE/plugins/com.st.stm32cube.ide.mcu.externaltools.gnu-tools-for-stm32.13.3.rel1.win32_1.0.100.202509120712/tools/bin/../lib/gcc/arm-none-eabi/13.3.1/../../../../arm-none-eabi/lib/thumb/v7e-m+fp/hard\libc_nano.a(libc_a-nano-vfprintf_float.o)
                0x08007662                __exponent
 *fill*         0x080076d6        0x2 
 .text._printf_float
                0x080076d8      0x454 C:/AppData/STM32CubeIDE_2.0.0/STM32CubeIDE/plugins/com.st.stm32cube.ide.mcu.externaltools.gnu-tools-for-stm32.13.3.rel1.win32_1.0.100.202509120712/tools/bin/../lib/gcc/arm-none-eabi/13.3.1/../../../../arm-none-eabi/lib/thumb/v7e-m+fp/hard\libc_nano.a(libc_a-nano-vfprintf_float.o)
                0x080076d8                _printf_float
 .text._printf_common
                0x08007b2c       0xda C:/AppData/STM32CubeIDE_2.0.0/STM32CubeIDE/plugins/com.st.stm32cube.ide.mcu.externaltools.gnu-tools-for-stm32.13.3.rel1.win32_1.0.100.202509120712/tools/bin/../lib/gcc/arm-none-eabi/13.3.1/../../../../arm-none-eabi/lib/thumb/v7e-m+fp/hard\libc_nano.a(libc_a-nano-vfprintf_i.o)
                0x08007b2c                _printf_common
 *fill*         0x08007c06        0x2 
 .text._printf_i
                0x08007c08      0x23c C:/AppData/STM32CubeIDE_2.0.0/STM32CubeIDE/plugins/com.st.stm32cube.ide.mcu.externaltools.gnu-tools-for-stm32.13.3.rel1.win32_1.0.100.202509120712/tools/bin/../lib/gcc/arm-none-eabi/13.3.1/../../../../arm-none-eabi/lib/thumb/v7e-m+fp/hard\libc_nano.a(libc_a-nano-vfprintf_i.o)
                0x08007c08                _printf_i
 .text.std      0x08007e44       0x6c C:/AppData/STM32CubeIDE_2.0.0/STM32CubeIDE/plugins/com.st.stm32cube.ide.mcu.externaltools.gnu-tools-for-stm32.13.3.rel1.win32_1.0.100.202509120712/tools/bin/../lib/gcc/arm-none-eabi/13.3.1/../../../../arm-none-eabi/lib/thumb/v7e-m+fp/hard\libc_nano.a(libc_a-findfp.o)
 .text.stdio_exit_handler
                0x08007eb0       0x18 C:/AppData/STM32CubeIDE_2.0.0/STM32CubeIDE/plugins/com.st.stm32cube.ide.mcu.externaltools.gnu-tools-for-stm32.13.3.rel1.win32_1.0.100.202509120712/tools/bin/../lib/gcc/arm-none-eabi/13.3.1/../../../../arm-none-eabi/lib/thumb/v7e-m+fp/hard\libc_nano.a(libc_a-findfp.o)
 .text.cleanup_stdio
                0x08007ec8       0x40 C:/AppData/STM32CubeIDE_2.0.0/STM32CubeIDE/plugins/com.st.stm32cube.ide.mcu.externaltools.gnu-tools-for-stm32.13.3.rel1.win32_1.0.100.202509120712/tools/bin/../lib/gcc/arm-none-eabi/13.3.1/../../../../arm-none-eabi/lib/thumb/v7e-m+fp/hard\libc_nano.a(libc_a-findfp.o)
 .text.global_stdio_init.part.0
                0x08007f08       0x3c C:/AppData/STM32CubeIDE_2.0.0/STM32CubeIDE/plugins/com.st.stm32cube.ide.mcu.externaltools.gnu-tools-for-stm32.13.3.rel1.win32_1.0.100.202509120712/tools/bin/../lib/gcc/arm-none-eabi/13.3.1/../../../../arm-none-eabi/lib/thumb/v7e-m+fp/hard\libc_nano.a(libc_a-findfp.o)
 .text.__sfp_lock_acquire
                0x08007f44        0xc C:/AppData/STM32CubeIDE_2.0.0/STM32CubeIDE/plugins/com.st.stm32cube.ide.mcu.externaltools.gnu-tools-for-stm32.13.3.rel1.win32_1.0.100.202509120712/tools/bin/../lib/gcc/arm-none-eabi/13.3.1/../../../../arm-none-eabi/lib/thumb/v7e-m+fp/hard\libc_nano.a(libc_a-findfp.o)
                0x08007f44                __sfp_lock_acquire
 .text.__sfp_lock_release
                0x08007f50        0xc C:/AppData/STM32CubeIDE_2.0.0/STM32CubeIDE/plugins/com.st.stm32cube.ide.mcu.externaltools.gnu-tools-for-stm32.13.3.rel1.win32_1.0.100.202509120712/tools/bin/../lib/gcc/arm-none-eabi/13.3.1/../../../../arm-none-eabi/lib/thumb/v7e-m+fp/hard\libc_nano.a(libc_a-findfp.o)
                0x08007f50                __sfp_lock_release
 .text.__sinit  0x08007f5c       0x30 C:/AppData/STM32CubeIDE_2.0.0/STM32CubeIDE/plugins/com.st.stm32cube.ide.mcu.externaltools.gnu-tools-for-stm32.13.3.rel1.win32_1.0.100.202509120712/tools/bin/../lib/gcc/arm-none-eabi/13.3.1/../../../../arm-none-eabi/lib/thumb/v7e-m+fp/hard\libc_nano.a(libc_a-findfp.o)
                0x08007f5c                __sinit
 .text._fwalk_sglue
                0x08007f8c       0x3c C:/AppData/STM32CubeIDE_2.0.0/STM32CubeIDE/plugins/com.st.stm32cube.ide.mcu.externaltools.gnu-tools-for-stm32.13.3.rel1.win32_1.0.100.202509120712/tools/bin/../lib/gcc/arm-none-eabi/13.3.1/../../../../arm-none-eabi/lib/thumb/v7e-m+fp/hard\libc_nano.a(libc_a-fwalk.o)
                0x08007f8c                _fwalk_sglue
 .text.__sread  0x08007fc8       0x22 C:/AppData/STM32CubeIDE_2.0.0/STM32CubeIDE/plugins/com.st.stm32cube.ide.mcu.externaltools.gnu-tools-for-stm32.13.3.rel1.win32_1.0.100.202509120712/tools/bin/../lib/gcc/arm-none-eabi/13.3.1/../../../../arm-none-eabi/lib/thumb/v7e-m+fp/hard\libc_nano.a(libc_a-stdio.o)
                0x08007fc8                __sread
 .text.__swrite
                0x08007fea       0x38 C:/AppData/STM32CubeIDE_2.0.0/STM32CubeIDE/plugins/com.st.stm32cube.ide.mcu.externaltools.gnu-tools-for-stm32.13.3.rel1.win32_1.0.100.202509120712/tools/bin/../lib/gcc/arm-none-eabi/13.3.1/../../../../arm-none-eabi/lib/thumb/v7e-m+fp/hard\libc_nano.a(libc_a-stdio.o)
                0x08007fea                __swrite
 .text.__sseek  0x08008022       0x24 C:/AppData/STM32CubeIDE_2.0.0/STM32CubeIDE/plugins/com.st.stm32cube.ide.mcu.externaltools.gnu-tools-for-stm32.13.3.rel1.win32_1.0.100.202509120712/tools/bin/../lib/gcc/arm-none-eabi/13.3.1/../../../../arm-none-eabi/lib/thumb/v7e-m+fp/hard\libc_nano.a(libc_a-stdio.o)
                0x08008022                __sseek
 .text.__sclose
                0x08008046        0x8 C:/AppData/STM32CubeIDE_2.0.0/STM32CubeIDE/plugins/com.st.stm32cube.ide.mcu.externaltools.gnu-tools-for-stm32.13.3.rel1.win32_1.0.100.202509120712/tools/bin/../lib/gcc/arm-none-eabi/13.3.1/../../../../arm-none-eabi/lib/thumb/v7e-m+fp/hard\libc_nano.a(libc_a-stdio.o)
                0x08008046                __sclose
 .text.memset   0x0800804e       0x10 C:/AppData/STM32CubeIDE_2.0.0/STM32CubeIDE/plugins/com.st.stm32cube.ide.mcu.externaltools.gnu-tools-for-stm32.13.3.rel1.win32_1.0.100.202509120712/tools/bin/../lib/gcc/arm-none-eabi/13.3.1/../../../../arm-none-eabi/lib/thumb/v7e-m+fp/hard\libc_nano.a(libc_a-memset.o)
                0x0800804e                memset
 *fill*         0x0800805e        0x2 
 .text._localeconv_r
                0x08008060        0x8 C:/AppData/STM32CubeIDE_2.0.0/STM32CubeIDE/plugins/com.st.stm32cube.ide.mcu.externaltools.gnu-tools-for-stm32.13.3.rel1.win32_1.0.100.202509120712/tools/bin/../lib/gcc/arm-none-eabi/13.3.1/../../../../arm-none-eabi/lib/thumb/v7e-m+fp/hard\libc_nano.a(libc_a-localeconv.o)
                0x08008060                _localeconv_r
 .text._close_r
                0x08008068       0x20 C:/AppData/STM32CubeIDE_2.0.0/STM32CubeIDE/plugins/com.st.stm32cube.ide.mcu.externaltools.gnu-tools-for-stm32.13.3.rel1.win32_1.0.100.202509120712/tools/bin/../lib/gcc/arm-none-eabi/13.3.1/../../../../arm-none-eabi/lib/thumb/v7e-m+fp/hard\libc_nano.a(libc_a-closer.o)
                0x08008068                _close_r
 .text._lseek_r
                0x08008088       0x24 C:/AppData/STM32CubeIDE_2.0.0/STM32CubeIDE/plugins/com.st.stm32cube.ide.mcu.externaltools.gnu-tools-for-stm32.13.3.rel1.win32_1.0.100.202509120712/tools/bin/../lib/gcc/arm-none-eabi/13.3.1/../../../../arm-none-eabi/lib/thumb/v7e-m+fp/hard\libc_nano.a(libc_a-lseekr.o)
                0x08008088                _lseek_r
 .text._read_r  0x080080ac       0x24 C:/AppData/STM32CubeIDE_2.0.0/STM32CubeIDE/plugins/com.st.stm32cube.ide.mcu.externaltools.gnu-tools-for-stm32.13.3.rel1.win32_1.0.100.202509120712/tools/bin/../lib/gcc/arm-none-eabi/13.3.1/../../../../arm-none-eabi/lib/thumb/v7e-m+fp/hard\libc_nano.a(libc_a-readr.o)
                0x080080ac                _read_r
 .text._write_r
                0x080080d0       0x24 C:/AppData/STM32CubeIDE_2.0.0/STM32CubeIDE/plugins/com.st.stm32cube.ide.mcu.externaltools.gnu-tools-for-stm32.13.3.rel1.win32_1.0.100.202509120712/tools/bin/../lib/gcc/arm-none-eabi/13.3.1/../../../../arm-none-eabi/lib/thumb/v7e-m+fp/hard\libc_nano.a(libc_a-writer.o)
                0x080080d0                _write_r
 .text.__errno  0x080080f4        0xc C:/AppData/STM32CubeIDE_2.0.0/STM32CubeIDE/plugins/com.st.stm32cube.ide.mcu.externaltools.gnu-tools-for-stm32.13.3.rel1.win32_1.0.100.202509120712/tools/bin/../lib/gcc/arm-none-eabi/13.3.1/../../../../arm-none-eabi/lib/thumb/v7e-m+fp/hard\libc_nano.a(libc_a-errno.o)
                0x080080f4                __errno
 .text.__libc_init_array
                0x08008100       0x48 C:/AppData/STM32CubeIDE_2.0.0/STM32CubeIDE/plugins/com.st.stm32cube.ide.mcu.externaltools.gnu-tools-for-stm32.13.3.rel1.win32_1.0.100.202509120712/tools/bin/../lib/gcc/arm-none-eabi/13.3.1/../../../../arm-none-eabi/lib/thumb/v7e-m+fp/hard\libc_nano.a(libc_a-init.o)
                0x08008100                __libc_init_array
 .text.__retarget_lock_init_recursive
                0x08008148        0x2 C:/AppData/STM32CubeIDE_2.0.0/STM32CubeIDE/plugins/com.st.stm32cube.ide.mcu.externaltools.gnu-tools-for-stm32.13.3.rel1.win32_1.0.100.202509120712/tools/bin/../lib/gcc/arm-none-eabi/13.3.1/../../../../arm-none-eabi/lib/thumb/v7e-m+fp/hard\libc_nano.a(libc_a-lock.o)
                0x08008148                __retarget_lock_init_recursive
 .text.__retarget_lock_acquire_recursive
                0x0800814a        0x2 C:/AppData/STM32CubeIDE_2.0.0/STM32CubeIDE/plugins/com.st.stm32cube.ide.mcu.externaltools.gnu-tools-for-stm32.13.3.rel1.win32_1.0.100.202509120712/tools/bin/../lib/gcc/arm-none-eabi/13.3.1/../../../../arm-none-eabi/lib/thumb/v7e-m+fp/hard\libc_nano.a(libc_a-lock.o)
                0x0800814a                __retarget_lock_acquire_recursive
 .text.__retarget_lock_release_recursive
                0x0800814c        0x2 C:/AppData/STM32CubeIDE_2.0.0/STM32CubeIDE/plugins/com.st.stm32cube.ide.mcu.externaltools.gnu-tools-for-stm32.13.3.rel1.win32_1.0.100.202509120712/tools/bin/../lib/gcc/arm-none-eabi/13.3.1/../../../../arm-none-eabi/lib/thumb/v7e-m+fp/hard\libc_nano.a(libc_a-lock.o)
                0x0800814c                __retarget_lock_release_recursive
 .text.memcpy   0x0800814e       0x1c C:/AppData/STM32CubeIDE_2.0.0/STM32CubeIDE/plugins/com.st.stm32cube.ide.mcu.externaltools.gnu-tools-for-stm32.13.3.rel1.win32_1.0.100.202509120712/tools/bin/../lib/gcc/arm-none-eabi/13.3.1/../../../../arm-none-eabi/lib/thumb/v7e-m+fp/hard\libc_nano.a(libc_a-memcpy-stub.o)
                0x0800814e                memcpy
 .text.quorem   0x0800816a      0x110 C:/AppData/STM32CubeIDE_2.0.0/STM32CubeIDE/plugins/com.st.stm32cube.ide.mcu.externaltools.gnu-tools-for-stm32.13.3.rel1.win32_1.0.100.202509120712/tools/bin/../lib/gcc/arm-none-eabi/13.3.1/../../../../arm-none-eabi/lib/thumb/v7e-m+fp/hard\libc_nano.a(libc_a-dtoa.o)
 *fill*         0x0800827a        0x6 
 .text._dtoa_r  0x08008280      0xba0 C:/AppData/STM32CubeIDE_2.0.0/STM32CubeIDE/plugins/com.st.stm32cube.ide.mcu.externaltools.gnu-tools-for-stm32.13.3.rel1.win32_1.0.100.202509120712/tools/bin/../lib/gcc/arm-none-eabi/13.3.1/../../../../arm-none-eabi/lib/thumb/v7e-m+fp/hard\libc_nano.a(libc_a-dtoa.o)
                0x08008280                _dtoa_r
 .text._free_r  0x08008e20       0x94 C:/AppData/STM32CubeIDE_2.0.0/STM32CubeIDE/plugins/com.st.stm32cube.ide.mcu.externaltools.gnu-tools-for-stm32.13.3.rel1.win32_1.0.100.202509120712/tools/bin/../lib/gcc/arm-none-eabi/13.3.1/../../../../arm-none-eabi/lib/thumb/v7e-m+fp/hard\libc_nano.a(libc_a-freer.o)
                0x08008e20                _free_r
 .text.malloc   0x08008eb4       0x10 C:/AppData/STM32CubeIDE_2.0.0/STM32CubeIDE/plugins/com.st.stm32cube.ide.mcu.externaltools.gnu-tools-for-stm32.13.3.rel1.win32_1.0.100.202509120712/tools/bin/../lib/gcc/arm-none-eabi/13.3.1/../../../../arm-none-eabi/lib/thumb/v7e-m+fp/hard\libc_nano.a(libc_a-malloc.o)
                0x08008eb4                malloc
 .text.sbrk_aligned
                0x08008ec4       0x44 C:/AppData/STM32CubeIDE_2.0.0/STM32CubeIDE/plugins/com.st.stm32cube.ide.mcu.externaltools.gnu-tools-for-stm32.13.3.rel1.win32_1.0.100.202509120712/tools/bin/../lib/gcc/arm-none-eabi/13.3.1/../../../../arm-none-eabi/lib/thumb/v7e-m+fp/hard\libc_nano.a(libc_a-mallocr.o)
 .text._malloc_r
                0x08008f08      0x100 C:/AppData/STM32CubeIDE_2.0.0/STM32CubeIDE/plugins/com.st.stm32cube.ide.mcu.externaltools.gnu-tools-for-stm32.13.3.rel1.win32_1.0.100.202509120712/tools/bin/../lib/gcc/arm-none-eabi/13.3.1/../../../../arm-none-eabi/lib/thumb/v7e-m+fp/hard\libc_nano.a(libc_a-mallocr.o)
                0x08008f08                _malloc_r
 .text.__malloc_lock
                0x08009008        0xc C:/AppData/STM32CubeIDE_2.0.0/STM32CubeIDE/plugins/com.st.stm32cube.ide.mcu.externaltools.gnu-tools-for-stm32.13.3.rel1.win32_1.0.100.202509120712/tools/bin/../lib/gcc/arm-none-eabi/13.3.1/../../../../arm-none-eabi/lib/thumb/v7e-m+fp/hard\libc_nano.a(libc_a-mlock.o)
                0x08009008                __malloc_lock
 .text.__malloc_unlock
                0x08009014        0xc C:/AppData/STM32CubeIDE_2.0.0/STM32CubeIDE/plugins/com.st.stm32cube.ide.mcu.externaltools.gnu-tools-for-stm32.13.3.rel1.win32_1.0.100.202509120712/tools/bin/../lib/gcc/arm-none-eabi/13.3.1/../../../../arm-none-eabi/lib/thumb/v7e-m+fp/hard\libc_nano.a(libc_a-mlock.o)
                0x08009014                __malloc_unlock
 .text._Balloc  0x08009020       0x80 C:/AppData/STM32CubeIDE_2.0.0/STM32CubeIDE/plugins/com.st.stm32cube.ide.mcu.externaltools.gnu-tools-for-stm32.13.3.rel1.win32_1.0.100.202509120712/tools/bin/../lib/gcc/arm-none-eabi/13.3.1/../../../../arm-none-eabi/lib/thumb/v7e-m+fp/hard\libc_nano.a(libc_a-mprec.o)
                0x08009020                _Balloc
 .text._Bfree   0x080090a0       0x44 C:/AppData/STM32CubeIDE_2.0.0/STM32CubeIDE/plugins/com.st.stm32cube.ide.mcu.externaltools.gnu-tools-for-stm32.13.3.rel1.win32_1.0.100.202509120712/tools/bin/../lib/gcc/arm-none-eabi/13.3.1/../../../../arm-none-eabi/lib/thumb/v7e-m+fp/hard\libc_nano.a(libc_a-mprec.o)
                0x080090a0                _Bfree
 .text.__multadd
                0x080090e4       0x8c C:/AppData/STM32CubeIDE_2.0.0/STM32CubeIDE/plugins/com.st.stm32cube.ide.mcu.externaltools.gnu-tools-for-stm32.13.3.rel1.win32_1.0.100.202509120712/tools/bin/../lib/gcc/arm-none-eabi/13.3.1/../../../../arm-none-eabi/lib/thumb/v7e-m+fp/hard\libc_nano.a(libc_a-mprec.o)
                0x080090e4                __multadd
 .text.__hi0bits
                0x08009170       0x3e C:/AppData/STM32CubeIDE_2.0.0/STM32CubeIDE/plugins/com.st.stm32cube.ide.mcu.externaltools.gnu-tools-for-stm32.13.3.rel1.win32_1.0.100.202509120712/tools/bin/../lib/gcc/arm-none-eabi/13.3.1/../../../../arm-none-eabi/lib/thumb/v7e-m+fp/hard\libc_nano.a(libc_a-mprec.o)
                0x08009170                __hi0bits
 .text.__lo0bits
                0x080091ae       0x5a C:/AppData/STM32CubeIDE_2.0.0/STM32CubeIDE/plugins/com.st.stm32cube.ide.mcu.externaltools.gnu-tools-for-stm32.13.3.rel1.win32_1.0.100.202509120712/tools/bin/../lib/gcc/arm-none-eabi/13.3.1/../../../../arm-none-eabi/lib/thumb/v7e-m+fp/hard\libc_nano.a(libc_a-mprec.o)
                0x080091ae                __lo0bits
 .text.__i2b    0x08009208       0x2c C:/AppData/STM32CubeIDE_2.0.0/STM32CubeIDE/plugins/com.st.stm32cube.ide.mcu.externaltools.gnu-tools-for-stm32.13.3.rel1.win32_1.0.100.202509120712/tools/bin/../lib/gcc/arm-none-eabi/13.3.1/../../../../arm-none-eabi/lib/thumb/v7e-m+fp/hard\libc_nano.a(libc_a-mprec.o)
                0x08009208                __i2b
 .text.__multiply
                0x08009234      0x144 C:/AppData/STM32CubeIDE_2.0.0/STM32CubeIDE/plugins/com.st.stm32cube.ide.mcu.externaltools.gnu-tools-for-stm32.13.3.rel1.win32_1.0.100.202509120712/tools/bin/../lib/gcc/arm-none-eabi/13.3.1/../../../../arm-none-eabi/lib/thumb/v7e-m+fp/hard\libc_nano.a(libc_a-mprec.o)
                0x08009234                __multiply
 .text.__pow5mult
                0x08009378       0xb4 C:/AppData/STM32CubeIDE_2.0.0/STM32CubeIDE/plugins/com.st.stm32cube.ide.mcu.externaltools.gnu-tools-for-stm32.13.3.rel1.win32_1.0.100.202509120712/tools/bin/../lib/gcc/arm-none-eabi/13.3.1/../../../../arm-none-eabi/lib/thumb/v7e-m+fp/hard\libc_nano.a(libc_a-mprec.o)
                0x08009378                __pow5mult
 .text.__lshift
                0x0800942c       0xd8 C:/AppData/STM32CubeIDE_2.0.0/STM32CubeIDE/plugins/com.st.stm32cube.ide.mcu.externaltools.gnu-tools-for-stm32.13.3.rel1.win32_1.0.100.202509120712/tools/bin/../lib/gcc/arm-none-eabi/13.3.1/../../../../arm-none-eabi/lib/thumb/v7e-m+fp/hard\libc_nano.a(libc_a-mprec.o)
                0x0800942c                __lshift
 .text.__mcmp   0x08009504       0x36 C:/AppData/STM32CubeIDE_2.0.0/STM32CubeIDE/plugins/com.st.stm32cube.ide.mcu.externaltools.gnu-tools-for-stm32.13.3.rel1.win32_1.0.100.202509120712/tools/bin/../lib/gcc/arm-none-eabi/13.3.1/../../../../arm-none-eabi/lib/thumb/v7e-m+fp/hard\libc_nano.a(libc_a-mprec.o)
                0x08009504                __mcmp
 *fill*         0x0800953a        0x2 
 .text.__mdiff  0x0800953c      0x128 C:/AppData/STM32CubeIDE_2.0.0/STM32CubeIDE/plugins/com.st.stm32cube.ide.mcu.externaltools.gnu-tools-for-stm32.13.3.rel1.win32_1.0.100.202509120712/tools/bin/../lib/gcc/arm-none-eabi/13.3.1/../../../../arm-none-eabi/lib/thumb/v7e-m+fp/hard\libc_nano.a(libc_a-mprec.o)
                0x0800953c                __mdiff
 .text.__d2b    0x08009664       0xb0 C:/AppData/STM32CubeIDE_2.0.0/STM32CubeIDE/plugins/com.st.stm32cube.ide.mcu.externaltools.gnu-tools-for-stm32.13.3.rel1.win32_1.0.100.202509120712/tools/bin/../lib/gcc/arm-none-eabi/13.3.1/../../../../arm-none-eabi/lib/thumb/v7e-m+fp/hard\libc_nano.a(libc_a-mprec.o)
                0x08009664                __d2b
 .text.__sflush_r
                0x08009714      0x108 C:/AppData/STM32CubeIDE_2.0.0/STM32CubeIDE/plugins/com.st.stm32cube.ide.mcu.externaltools.gnu-tools-for-stm32.13.3.rel1.win32_1.0.100.202509120712/tools/bin/../lib/gcc/arm-none-eabi/13.3.1/../../../../arm-none-eabi/lib/thumb/v7e-m+fp/hard\libc_nano.a(libc_a-fflush.o)
                0x08009714                __sflush_r
 .text._fflush_r
                0x0800981c       0x50 C:/AppData/STM32CubeIDE_2.0.0/STM32CubeIDE/plugins/com.st.stm32cube.ide.mcu.externaltools.gnu-tools-for-stm32.13.3.rel1.win32_1.0.100.202509120712/tools/bin/../lib/gcc/arm-none-eabi/13.3.1/../../../../arm-none-eabi/lib/thumb/v7e-m+fp/hard\libc_nano.a(libc_a-fflush.o)
                0x0800981c                _fflush_r
 .text._sbrk_r  0x0800986c       0x20 C:/AppData/STM32CubeIDE_2.0.0/STM32CubeIDE/plugins/com.st.stm32cube.ide.mcu.externaltools.gnu-tools-for-stm32.13.3.rel1.win32_1.0.100.202509120712/tools/bin/../lib/gcc/arm-none-eabi/13.3.1/../../../../arm-none-eabi/lib/thumb/v7e-m+fp/hard\libc_nano.a(libc_a-sbrkr.o)
                0x0800986c                _sbrk_r
 .text.__assert_func
                0x0800988c       0x3c C:/AppData/STM32CubeIDE_2.0.0/STM32CubeIDE/plugins/com.st.stm32cube.ide.mcu.externaltools.gnu-tools-for-stm32.13.3.rel1.win32_1.0.100.202509120712/tools/bin/../lib/gcc/arm-none-eabi/13.3.1/../../../../arm-none-eabi/lib/thumb/v7e-m+fp/hard\libc_nano.a(libc_a-assert.o)
                0x0800988c                __assert_func
 .text._calloc_r
                0x080098c8       0x28 C:/AppData/STM32CubeIDE_2.0.0/STM32CubeIDE/plugins/com.st.stm32cube.ide.mcu.externaltools.gnu-tools-for-stm32.13.3.rel1.win32_1.0.100.202509120712/tools/bin/../lib/gcc/arm-none-eabi/13.3.1/../../../../arm-none-eabi/lib/thumb/v7e-m+fp/hard\libc_nano.a(libc_a-callocr.o)
                0x080098c8                _calloc_r
 .text.__ascii_mbtowc
                0x080098f0       0x24 C:/AppData/STM32CubeIDE_2.0.0/STM32CubeIDE/plugins/com.st.stm32cube.ide.mcu.externaltools.gnu-tools-for-stm32.13.3.rel1.win32_1.0.100.202509120712/tools/bin/../lib/gcc/arm-none-eabi/13.3.1/../../../../arm-none-eabi/lib/thumb/v7e-m+fp/hard\libc_nano.a(libc_a-mbtowc_r.o)
                0x080098f0                __ascii_mbtowc
 .text.__ascii_wctomb
                0x08009914       0x1a C:/AppData/STM32CubeIDE_2.0.0/STM32CubeIDE/plugins/com.st.stm32cube.ide.mcu.externaltools.gnu-tools-for-stm32.13.3.rel1.win32_1.0.100.202509120712/tools/bin/../lib/gcc/arm-none-eabi/13.3.1/../../../../arm-none-eabi/lib/thumb/v7e-m+fp/hard\libc_nano.a(libc_a-wctomb_r.o)
                0x08009914                __ascii_wctomb
 *fill*         0x0800992e        0x2 
 .text.fprintf  0x08009930       0x24 C:/AppData/STM32CubeIDE_2.0.0/STM32CubeIDE/plugins/com.st.stm32cube.ide.mcu.externaltools.gnu-tools-for-stm32.13.3.rel1.win32_1.0.100.202509120712/tools/bin/../lib/gcc/arm-none-eabi/13.3.1/../../../../arm-none-eabi/lib/thumb/v7e-m+fp/hard\libc_nano.a(libc_a-fprintf.o)
                0x08009930                fiprintf
                0x08009930                fprintf
 .text.abort    0x08009954        0xe C:/AppData/STM32CubeIDE_2.0.0/STM32CubeIDE/plugins/com.st.stm32cube.ide.mcu.externaltools.gnu-tools-for-stm32.13.3.rel1.win32_1.0.100.202509120712/tools/bin/../lib/gcc/arm-none-eabi/13.3.1/../../../../arm-none-eabi/lib/thumb/v7e-m+fp/hard\libc_nano.a(libc_a-abort.o)
                0x08009954                abort
 .text.__sfputc_r
                0x08009962       0x2e C:/AppData/STM32CubeIDE_2.0.0/STM32CubeIDE/plugins/com.st.stm32cube.ide.mcu.externaltools.gnu-tools-for-stm32.13.3.rel1.win32_1.0.100.202509120712/tools/bin/../lib/gcc/arm-none-eabi/13.3.1/../../../../arm-none-eabi/lib/thumb/v7e-m+fp/hard\libc_nano.a(libc_a-nano-vfprintf.o)
 .text.__sfputs_r
                0x08009990       0x24 C:/AppData/STM32CubeIDE_2.0.0/STM32CubeIDE/plugins/com.st.stm32cube.ide.mcu.externaltools.gnu-tools-for-stm32.13.3.rel1.win32_1.0.100.202509120712/tools/bin/../lib/gcc/arm-none-eabi/13.3.1/../../../../arm-none-eabi/lib/thumb/v7e-m+fp/hard\libc_nano.a(libc_a-nano-vfprintf.o)
                0x08009990                __sfputs_r
 .text._vfprintf_r
                0x080099b4      0x230 C:/AppData/STM32CubeIDE_2.0.0/STM32CubeIDE/plugins/com.st.stm32cube.ide.mcu.externaltools.gnu-tools-for-stm32.13.3.rel1.win32_1.0.100.202509120712/tools/bin/../lib/gcc/arm-none-eabi/13.3.1/../../../../arm-none-eabi/lib/thumb/v7e-m+fp/hard\libc_nano.a(libc_a-nano-vfprintf.o)
                0x080099b4                _vfprintf_r
                0x080099b4                _vfiprintf_r
 .text.__swbuf_r
                0x08009be4       0x7c C:/AppData/STM32CubeIDE_2.0.0/STM32CubeIDE/plugins/com.st.stm32cube.ide.mcu.externaltools.gnu-tools-for-stm32.13.3.rel1.win32_1.0.100.202509120712/tools/bin/../lib/gcc/arm-none-eabi/13.3.1/../../../../arm-none-eabi/lib/thumb/v7e-m+fp/hard\libc_nano.a(libc_a-wbuf.o)
                0x08009be4                __swbuf_r
 .text.__swsetup_r
                0x08009c60       0xac C:/AppData/STM32CubeIDE_2.0.0/STM32CubeIDE/plugins/com.st.stm32cube.ide.mcu.externaltools.gnu-tools-for-stm32.13.3.rel1.win32_1.0.100.202509120712/tools/bin/../lib/gcc/arm-none-eabi/13.3.1/../../../../arm-none-eabi/lib/thumb/v7e-m+fp/hard\libc_nano.a(libc_a-wsetup.o)
                0x08009c60                __swsetup_r
 .text._raise_r
                0x08009d0c       0x50 C:/AppData/STM32CubeIDE_2.0.0/STM32CubeIDE/plugins/com.st.stm32cube.ide.mcu.externaltools.gnu-tools-for-stm32.13.3.rel1.win32_1.0.100.202509120712/tools/bin/../lib/gcc/arm-none-eabi/13.3.1/../../../../arm-none-eabi/lib/thumb/v7e-m+fp/hard\libc_nano.a(libc_a-signal.o)
                0x08009d0c                _raise_r
 .text.raise    0x08009d5c       0x10 C:/AppData/STM32CubeIDE_2.0.0/STM32CubeIDE/plugins/com.st.stm32cube.ide.mcu.externaltools.gnu-tools-for-stm32.13.3.rel1.win32_1.0.100.202509120712/tools/bin/../lib/gcc/arm-none-eabi/13.3.1/../../../../arm-none-eabi/lib/thumb/v7e-m+fp/hard\libc_nano.a(libc_a-signal.o)
                0x08009d5c                raise
 .text._kill_r  0x08009d6c       0x24 C:/AppData/STM32CubeIDE_2.0.0/STM32CubeIDE/plugins/com.st.stm32cube.ide.mcu.externaltools.gnu-tools-for-stm32.13.3.rel1.win32_1.0.100.202509120712/tools/bin/../lib/gcc/arm-none-eabi/13.3.1/../../../../arm-none-eabi/lib/thumb/v7e-m+fp/hard\libc_nano.a(libc_a-signalr.o)
                0x08009d6c                _kill_r
 .text._getpid_r
                0x08009d90        0x4 C:/AppData/STM32CubeIDE_2.0.0/STM32CubeIDE/plugins/com.st.stm32cube.ide.mcu.externaltools.gnu-tools-for-stm32.13.3.rel1.win32_1.0.100.202509120712/tools/bin/../lib/gcc/arm-none-eabi/13.3.1/../../../../arm-none-eabi/lib/thumb/v7e-m+fp/hard\libc_nano.a(libc_a-signalr.o)
                0x08009d90                _getpid_r
 .text.__swhatbuf_r
                0x08009d94       0x4c C:/AppData/STM32CubeIDE_2.0.0/STM32CubeIDE/plugins/com.st.stm32cube.ide.mcu.externaltools.gnu-tools-for-stm32.13.3.rel1.win32_1.0.100.202509120712/tools/bin/../lib/gcc/arm-none-eabi/13.3.1/../../../../arm-none-eabi/lib/thumb/v7e-m+fp/hard\libc_nano.a(libc_a-makebuf.o)
                0x08009d94                __swhatbuf_r
 .text.__smakebuf_r
                0x08009de0       0x78 C:/AppData/STM32CubeIDE_2.0.0/STM32CubeIDE/plugins/com.st.stm32cube.ide.mcu.externaltools.gnu-tools-for-stm32.13.3.rel1.win32_1.0.100.202509120712/tools/bin/../lib/gcc/arm-none-eabi/13.3.1/../../../../arm-none-eabi/lib/thumb/v7e-m+fp/hard\libc_nano.a(libc_a-makebuf.o)
                0x08009de0                __smakebuf_r
 .text._fstat_r
                0x08009e58       0x24 C:/AppData/STM32CubeIDE_2.0.0/STM32CubeIDE/plugins/com.st.stm32cube.ide.mcu.externaltools.gnu-tools-for-stm32.13.3.rel1.win32_1.0.100.202509120712/tools/bin/../lib/gcc/arm-none-eabi/13.3.1/../../../../arm-none-eabi/lib/thumb/v7e-m+fp/hard\libc_nano.a(libc_a-fstatr.o)
                0x08009e58                _fstat_r
 .text._isatty_r
                0x08009e7c       0x20 C:/AppData/STM32CubeIDE_2.0.0/STM32CubeIDE/plugins/com.st.stm32cube.ide.mcu.externaltools.gnu-tools-for-stm32.13.3.rel1.win32_1.0.100.202509120712/tools/bin/../lib/gcc/arm-none-eabi/13.3.1/../../../../arm-none-eabi/lib/thumb/v7e-m+fp/hard\libc_nano.a(libc_a-isattyr.o)
                0x08009e7c                _isatty_r
 *fill*         0x08009e9c        0x4 
 .text.ceil     0x08009ea0       0xf8 C:/AppData/STM32CubeIDE_2.0.0/STM32CubeIDE/plugins/com.st.stm32cube.ide.mcu.externaltools.gnu-tools-for-stm32.13.3.rel1.win32_1.0.100.202509120712/tools/bin/../lib/gcc/arm-none-eabi/13.3.1/../../../../arm-none-eabi/lib/thumb/v7e-m+fp/hard\libm.a(libm_a-s_ceil.o)
                0x08009ea0                ceil
 *(.glue_7)
 .glue_7        0x08009f98        0x0 linker stubs
 *(.glue_7t)
 .glue_7t       0x08009f98        0x0 linker stubs
 *(.eh_frame)
 .eh_frame      0x08009f98        0x0 C:/AppData/STM32CubeIDE_2.0.0/STM32CubeIDE/plugins/com.st.stm32cube.ide.mcu.externaltools.gnu-tools-for-stm32.13.3.rel1.win32_1.0.100.202509120712/tools/bin/../lib/gcc/arm-none-eabi/13.3.1/thumb/v7e-m+fp/hard/crtbegin.o
 *(.init)
 .init          0x08009f98        0x4 C:/AppData/STM32CubeIDE_2.0.0/STM32CubeIDE/plugins/com.st.stm32cube.ide.mcu.externaltools.gnu-tools-for-stm32.13.3.rel1.win32_1.0.100.202509120712/tools/bin/../lib/gcc/arm-none-eabi/13.3.1/thumb/v7e-m+fp/hard/crti.o
                0x08009f98                _init
 .init          0x08009f9c        0x8 C:/AppData/STM32CubeIDE_2.0.0/STM32CubeIDE/plugins/com.st.stm32cube.ide.mcu.externaltools.gnu-tools-for-stm32.13.3.rel1.win32_1.0.100.202509120712/tools/bin/../lib/gcc/arm-none-eabi/13.3.1/thumb/v7e-m+fp/hard/crtn.o
 *(.fini)
 .fini          0x08009fa4        0x4 C:/AppData/STM32CubeIDE_2.0.0/STM32CubeIDE/plugins/com.st.stm32cube.ide.mcu.externaltools.gnu-tools-for-stm32.13.3.rel1.win32_1.0.100.202509120712/tools/bin/../lib/gcc/arm-none-eabi/13.3.1/thumb/v7e-m+fp/hard/crti.o
                0x08009fa4                _fini
 .fini          0x08009fa8        0x8 C:/AppData/STM32CubeIDE_2.0.0/STM32CubeIDE/plugins/com.st.stm32cube.ide.mcu.externaltools.gnu-tools-for-stm32.13.3.rel1.win32_1.0.100.202509120712/tools/bin/../lib/gcc/arm-none-eabi/13.3.1/thumb/v7e-m+fp/hard/crtn.o
                0x08009fb0                        . = ALIGN (0x4)
                0x08009fb0                        _etext = .

.vfp11_veneer   0x08009fb0        0x0
 .vfp11_veneer  0x08009fb0        0x0 linker stubs

.v4_bx          0x08009fb0        0x0
 .v4_bx         0x08009fb0        0x0 linker stubs

.iplt           0x08009fb0        0x0
 .iplt          0x08009fb0        0x0 C:/AppData/STM32CubeIDE_2.0.0/STM32CubeIDE/plugins/com.st.stm32cube.ide.mcu.externaltools.gnu-tools-for-stm32.13.3.rel1.win32_1.0.100.202509120712/tools/bin/../lib/gcc/arm-none-eabi/13.3.1/thumb/v7e-m+fp/hard/crtbegin.o

.rodata         0x08009fb0      0x3cc
                0x08009fb0                        . = ALIGN (0x4)
 *(.rodata)
 .rodata        0x08009fb0       0x38 ./HARDWARE/Command/Command.o
 *(.rodata*)
 .rodata.APBPrescTable
                0x08009fe8        0x8 ./Core/Src/system_stm32f4xx.o
                0x08009fe8                APBPrescTable
 .rodata.AHBPrescTable
                0x08009ff0       0x10 ./Core/Src/system_stm32f4xx.o
                0x08009ff0                AHBPrescTable
 .rodata.flagBitshiftOffset.0
                0x0800a000        0x8 ./Drivers/STM32F4xx_HAL_Driver/Src/stm32f4xx_hal_dma.o
 .rodata._printf_float.str1.1
                0x0800a008      0x171 C:/AppData/STM32CubeIDE_2.0.0/STM32CubeIDE/plugins/com.st.stm32cube.ide.mcu.externaltools.gnu-tools-for-stm32.13.3.rel1.win32_1.0.100.202509120712/tools/bin/../lib/gcc/arm-none-eabi/13.3.1/../../../../arm-none-eabi/lib/thumb/v7e-m+fp/hard\libc_nano.a(libc_a-nano-vfprintf_float.o)
                                 0x12 (size before relaxing)
 .rodata._printf_i.str1.1
                0x0800a179        0x0 C:/AppData/STM32CubeIDE_2.0.0/STM32CubeIDE/plugins/com.st.stm32cube.ide.mcu.externaltools.gnu-tools-for-stm32.13.3.rel1.win32_1.0.100.202509120712/tools/bin/../lib/gcc/arm-none-eabi/13.3.1/../../../../arm-none-eabi/lib/thumb/v7e-m+fp/hard\libc_nano.a(libc_a-nano-vfprintf_i.o)
                                 0x22 (size before relaxing)
 .rodata._dtoa_r.str1.1
                0x0800a179        0x0 C:/AppData/STM32CubeIDE_2.0.0/STM32CubeIDE/plugins/com.st.stm32cube.ide.mcu.externaltools.gnu-tools-for-stm32.13.3.rel1.win32_1.0.100.202509120712/tools/bin/../lib/gcc/arm-none-eabi/13.3.1/../../../../arm-none-eabi/lib/thumb/v7e-m+fp/hard\libc_nano.a(libc_a-dtoa.o)
                                 0x8f (size before relaxing)
 .rodata._Balloc.str1.1
                0x0800a179        0x0 C:/AppData/STM32CubeIDE_2.0.0/STM32CubeIDE/plugins/com.st.stm32cube.ide.mcu.externaltools.gnu-tools-for-stm32.13.3.rel1.win32_1.0.100.202509120712/tools/bin/../lib/gcc/arm-none-eabi/13.3.1/../../../../arm-none-eabi/lib/thumb/v7e-m+fp/hard\libc_nano.a(libc_a-mprec.o)
                                 0x70 (size before relaxing)
 .rodata.__multadd.str1.1
                0x0800a179        0x0 C:/AppData/STM32CubeIDE_2.0.0/STM32CubeIDE/plugins/com.st.stm32cube.ide.mcu.externaltools.gnu-tools-for-stm32.13.3.rel1.win32_1.0.100.202509120712/tools/bin/../lib/gcc/arm-none-eabi/13.3.1/../../../../arm-none-eabi/lib/thumb/v7e-m+fp/hard\libc_nano.a(libc_a-mprec.o)
                                 0x11 (size before relaxing)
 *fill*         0x0800a179        0x3 
 .rodata.p05.0  0x0800a17c        0xc C:/AppData/STM32CubeIDE_2.0.0/STM32CubeIDE/plugins/com.st.stm32cube.ide.mcu.externaltools.gnu-tools-for-stm32.13.3.rel1.win32_1.0.100.202509120712/tools/bin/../lib/gcc/arm-none-eabi/13.3.1/../../../../arm-none-eabi/lib/thumb/v7e-m+fp/hard\libc_nano.a(libc_a-mprec.o)
 .rodata.__mprec_bigtens
                0x0800a188       0x28 C:/AppData/STM32CubeIDE_2.0.0/STM32CubeIDE/plugins/com.st.stm32cube.ide.mcu.externaltools.gnu-tools-for-stm32.13.3.rel1.win32_1.0.100.202509120712/tools/bin/../lib/gcc/arm-none-eabi/13.3.1/../../../../arm-none-eabi/lib/thumb/v7e-m+fp/hard\libc_nano.a(libc_a-mprec.o)
                0x0800a188                __mprec_bigtens
 .rodata.__mprec_tens
                0x0800a1b0       0xc8 C:/AppData/STM32CubeIDE_2.0.0/STM32CubeIDE/plugins/com.st.stm32cube.ide.mcu.externaltools.gnu-tools-for-stm32.13.3.rel1.win32_1.0.100.202509120712/tools/bin/../lib/gcc/arm-none-eabi/13.3.1/../../../../arm-none-eabi/lib/thumb/v7e-m+fp/hard\libc_nano.a(libc_a-mprec.o)
                0x0800a1b0                __mprec_tens
 .rodata._setlocale_r.str1.1
                0x0800a278        0x0 C:/AppData/STM32CubeIDE_2.0.0/STM32CubeIDE/plugins/com.st.stm32cube.ide.mcu.externaltools.gnu-tools-for-stm32.13.3.rel1.win32_1.0.100.202509120712/tools/bin/../lib/gcc/arm-none-eabi/13.3.1/../../../../arm-none-eabi/lib/thumb/v7e-m+fp/hard\libc_nano.a(libc_a-locale.o)
                                  0x9 (size before relaxing)
 .rodata.str1.1
                0x0800a278        0x0 C:/AppData/STM32CubeIDE_2.0.0/STM32CubeIDE/plugins/com.st.stm32cube.ide.mcu.externaltools.gnu-tools-for-stm32.13.3.rel1.win32_1.0.100.202509120712/tools/bin/../lib/gcc/arm-none-eabi/13.3.1/../../../../arm-none-eabi/lib/thumb/v7e-m+fp/hard\libc_nano.a(libc_a-locale.o)
                                  0x2 (size before relaxing)
 .rodata.__assert_func.str1.1
                0x0800a278        0x0 C:/AppData/STM32CubeIDE_2.0.0/STM32CubeIDE/plugins/com.st.stm32cube.ide.mcu.externaltools.gnu-tools-for-stm32.13.3.rel1.win32_1.0.100.202509120712/tools/bin/../lib/gcc/arm-none-eabi/13.3.1/../../../../arm-none-eabi/lib/thumb/v7e-m+fp/hard\libc_nano.a(libc_a-assert.o)
                                 0x3d (size before relaxing)
 .rodata._ctype_
                0x0800a278      0x101 C:/AppData/STM32CubeIDE_2.0.0/STM32CubeIDE/plugins/com.st.stm32cube.ide.mcu.externaltools.gnu-tools-for-stm32.13.3.rel1.win32_1.0.100.202509120712/tools/bin/../lib/gcc/arm-none-eabi/13.3.1/../../../../arm-none-eabi/lib/thumb/v7e-m+fp/hard\libc_nano.a(libc_a-ctype_.o)
                0x0800a278                _ctype_
 .rodata._vfprintf_r.str1.1
                0x0800a379        0x0 C:/AppData/STM32CubeIDE_2.0.0/STM32CubeIDE/plugins/com.st.stm32cube.ide.mcu.externaltools.gnu-tools-for-stm32.13.3.rel1.win32_1.0.100.202509120712/tools/bin/../lib/gcc/arm-none-eabi/13.3.1/../../../../arm-none-eabi/lib/thumb/v7e-m+fp/hard\libc_nano.a(libc_a-nano-vfprintf.o)
                                 0x11 (size before relaxing)
                0x0800a37c                        . = ALIGN (0x4)
 *fill*         0x0800a379        0x3 

.ARM.extab      0x0800a37c        0x0
                0x0800a37c                        . = ALIGN (0x4)
 *(.ARM.extab* .gnu.linkonce.armextab.*)
                0x0800a37c                        . = ALIGN (0x4)

.ARM            0x0800a37c        0x8
                0x0800a37c                        . = ALIGN (0x4)
                0x0800a37c                        __exidx_start = .
 *(.ARM.exidx*)
 .ARM.exidx     0x0800a37c        0x8 C:/AppData/STM32CubeIDE_2.0.0/STM32CubeIDE/plugins/com.st.stm32cube.ide.mcu.externaltools.gnu-tools-for-stm32.13.3.rel1.win32_1.0.100.202509120712/tools/bin/../lib/gcc/arm-none-eabi/13.3.1/../../../../arm-none-eabi/lib/thumb/v7e-m+fp/hard\libc_nano.a(libc_a-memchr.o)
 .ARM.exidx     0x0800a384        0x0 C:/AppData/STM32CubeIDE_2.0.0/STM32CubeIDE/plugins/com.st.stm32cube.ide.mcu.externaltools.gnu-tools-for-stm32.13.3.rel1.win32_1.0.100.202509120712/tools/bin/../lib/gcc/arm-none-eabi/13.3.1/../../../../arm-none-eabi/lib/thumb/v7e-m+fp/hard\libc_nano.a(libc_a-strlen.o)
                                  0x8 (size before relaxing)
 .ARM.exidx     0x0800a384        0x0 C:/AppData/STM32CubeIDE_2.0.0/STM32CubeIDE/plugins/com.st.stm32cube.ide.mcu.externaltools.gnu-tools-for-stm32.13.3.rel1.win32_1.0.100.202509120712/tools/bin/../lib/gcc/arm-none-eabi/13.3.1/thumb/v7e-m+fp/hard\libgcc.a(_udivmoddi4.o)
                                  0x8 (size before relaxing)
                0x0800a384                        __exidx_end = .
                0x0800a384                        . = ALIGN (0x4)

.preinit_array  0x0800a384        0x0
                0x0800a384                        . = ALIGN (0x4)
                0x0800a384                        PROVIDE (__preinit_array_start = .)
 *(.preinit_array*)
                0x0800a384                        PROVIDE (__preinit_array_end = .)
                0x0800a384                        . = ALIGN (0x4)

.init_array     0x0800a384        0x4
                0x0800a384                        . = ALIGN (0x4)
                0x0800a384                        PROVIDE (__init_array_start = .)
 *(SORT_BY_NAME(.init_array.*))
 *(.init_array*)
 .init_array    0x0800a384        0x4 C:/AppData/STM32CubeIDE_2.0.0/STM32CubeIDE/plugins/com.st.stm32cube.ide.mcu.externaltools.gnu-tools-for-stm32.13.3.rel1.win32_1.0.100.202509120712/tools/bin/../lib/gcc/arm-none-eabi/13.3.1/thumb/v7e-m+fp/hard/crtbegin.o
                0x0800a388                        PROVIDE (__init_array_end = .)
                0x0800a388                        . = ALIGN (0x4)

.fini_array     0x0800a388        0x4
                0x0800a388                        . = ALIGN (0x4)
                [!provide]                        PROVIDE (__fini_array_start = .)
 *(SORT_BY_NAME(.fini_array.*))
 *(.fini_array*)