../Task/Task1/Task.c:25:6:RC522Read	0	static
../Task/Task1/Task.c:29:6:RC522Read2	0	static
../Task/Task1/Task.c:34:6:RFID_Slove	40	static
../Task/Task1/Task.c:62:6:RFID_Slove2	72	static
../Task/Task1/Task.c:104:6:SendLight	0	static
../Task/Task1/Task.c:109:6:SendBat	0	static
../Task/Task1/Task.c:116:9:Action_WaitGateOpen	16	static
../Task/Task1/Task.c:154:6:CommandLight	8	static
../Task/Task1/Task.c:158:6:Command_sendshap	0	static
../Task/Task1/Task.c:162:6:Command_sendcolor	0	static
../Task/Task1/Task.c:166:6:GetVoicNum	8	static
../Task/Task1/Task.c:170:6:CommandCarPtB1	0	static
../Task/Task1/Task.c:553:6:Task_Engine_Init	0	static
../Task/Task1/Task.c:560:10:Find_Index_By_ID	8	static
../Task/Task1/Task.c:410:6:Task_Engine_Run	24	static
