../HARDWARE/Drive/Motor.c:69:6:Motor_Control	0	static
../HARDWARE/Drive/Motor.c:53:6:Motor_Init	8	static
../HARDWARE/Drive/Motor.c:91:6:Motor_SyncLeftEncoder	0	static
../HARDWARE/Drive/Motor.c:103:6:Motor_SyncRightEncoder	0	static
../HARDWARE/Drive/Motor.c:115:10:Motor_GetLDifcoder	0	static
../HARDWARE/Drive/Motor.c:131:10:Motor_GetRDifcoder	0	static
../HARDWARE/Drive/Motor.c:147:10:Motor_GetLRDifcoder	8	static
../HARDWARE/Drive/Motor.c:177:10:Motor_calculate_pulses	32	static
../HARDWARE/Drive/Motor.c:206:6:Car_Go	8	static
../HARDWARE/Drive/Motor.c:227:6:Car_Back	8	static
../HARDWARE/Drive/Motor.c:248:6:Car_MPLeft	24	static
../HARDWARE/Drive/Motor.c:274:6:Car_MPRight	24	static
../HARDWARE/Drive/Motor.c:300:6:Car_Left	8	static
../HARDWARE/Drive/Motor.c:320:6:Car_Right	8	static
../HARDWARE/Drive/Motor.c:338:6:Car_Track	0	static
../HARDWARE/Drive/Motor.c:352:6:Car_TrackTime	16	static
../HARDWARE/Drive/Motor.c:369:6:Car_TrackMp	8	static
../HARDWARE/Drive/Motor.c:387:6:Car_TrackBackMp	8	static
../HARDWARE/Drive/Motor.c:408:6:Car_TrackRFID	0	static
../HARDWARE/Drive/Motor.c:429:6:Go_and_Back_Check	64	static
../HARDWARE/Drive/Motor.c:489:6:TurnAngle_Check	24	static
../HARDWARE/Drive/Motor.c:528:6:TurnAngle_NewCheck	16	static
../HARDWARE/Drive/Motor.c:585:6:Track_Check	16	static
