../HARDWARE/Drive/Motor.c:53:6:Motor_Init	8	static
../HARDWARE/Drive/Motor.c:69:6:Motor_Control	0	static
../HARDWARE/Drive/Motor.c:98:6:Motor_SyncLeftEncoder	0	static
../HARDWARE/Drive/Motor.c:110:6:Motor_SyncRightEncoder	0	static
../HARDWARE/Drive/Motor.c:122:10:Motor_GetLDifcoder	0	static
../HARDWARE/Drive/Motor.c:138:10:Motor_GetRDifcoder	0	static
../HARDWARE/Drive/Motor.c:154:10:Motor_GetLRDifcoder	0	static
../HARDWARE/Drive/Motor.c:184:10:Motor_calculate_pulses	24	static
../HARDWARE/Drive/Motor.c:213:6:Car_Go	16	static
../HARDWARE/Drive/Motor.c:234:6:Car_Back	16	static
../HARDWARE/Drive/Motor.c:255:6:Car_MPLeft	24	static
../HARDWARE/Drive/Motor.c:281:6:Car_MPRight	24	static
../HARDWARE/Drive/Motor.c:307:6:Car_Left	16	static
../HARDWARE/Drive/Motor.c:327:6:Car_Right	16	static
../HARDWARE/Drive/Motor.c:345:6:Car_Track	4	static
../HARDWARE/Drive/Motor.c:359:6:Car_TrackTime	16	static
../HARDWARE/Drive/Motor.c:376:6:Car_TrackMp	16	static
../HARDWARE/Drive/Motor.c:394:6:Car_TrackBackMp	16	static
../HARDWARE/Drive/Motor.c:415:6:Car_TrackRFID	4	static
../HARDWARE/Drive/Motor.c:436:6:Go_and_Back_Check	64	static
../HARDWARE/Drive/Motor.c:496:6:TurnAngle_Check	24	static
../HARDWARE/Drive/Motor.c:535:6:TurnAngle_NewCheck	16	static
../HARDWARE/Drive/Motor.c:591:6:Track_Check	24	static
