../HARDWARE/Drive/Motor.c:47:6:Motor_Init	8	static
../HARDWARE/Drive/Motor.c:63:6:Motor_Control	0	static
../HARDWARE/Drive/Motor.c:85:6:Motor_SyncEncoder	0	static
../HARDWARE/Drive/Motor.c:95:10:Motor_GetDifcoder	0	static
../HARDWARE/Drive/Motor.c:111:10:Motor_calculate_pulses	24	static
../HARDWARE/Drive/Motor.c:140:6:Car_Go	8	static
../HARDWARE/Drive/Motor.c:162:6:Car_Back	8	static
../HARDWARE/Drive/Motor.c:184:6:Car_Left	24	static
../HARDWARE/Drive/Motor.c:207:6:Car_Right	24	static
../HARDWARE/Drive/Motor.c:231:6:Go_and_Back_Check	64	static
../HARDWARE/Drive/Motor.c:280:6:TurnAngle_Check	0	static
