../HARDWARE/Drive/Motor.c:53:6:Motor_Init	8	static
../HARDWARE/Drive/Motor.c:69:6:Motor_Control	0	static
../HARDWARE/Drive/Motor.c:91:6:Motor_SyncLeftEncoder	0	static
../HARDWARE/Drive/Motor.c:103:6:Motor_SyncRightEncoder	0	static
../HARDWARE/Drive/Motor.c:115:10:Motor_GetLDifcoder	0	static
../HARDWARE/Drive/Motor.c:131:10:Motor_GetRDifcoder	0	static
../HARDWARE/Drive/Motor.c:147:10:Motor_GetLRDifcoder	0	static
../HARDWARE/Drive/Motor.c:177:10:Motor_calculate_pulses	24	static
../HARDWARE/Drive/Motor.c:206:6:Car_Go	8	static
../HARDWARE/Drive/Motor.c:228:6:Car_Back	8	static
../HARDWARE/Drive/Motor.c:250:6:Car_Left	24	static
../HARDWARE/Drive/Motor.c:276:6:Car_Right	24	static
../HARDWARE/Drive/Motor.c:300:6:Car_Track	4	static
../HARDWARE/Drive/Motor.c:322:6:Go_and_Back_Check	64	static
../HARDWARE/Drive/Motor.c:373:6:TurnAngle_Check	24	static
../HARDWARE/Drive/Motor.c:429:6:Track_Check	8	static
