../HARDWARE/Drive/Motor.c:73:6:Motor_Control	8	static
../HARDWARE/Drive/Motor.c:57:6:Motor_Init	8	static
../HARDWARE/Drive/Motor.c:95:6:Motor_SyncLeftEncoder	0	static
../HARDWARE/Drive/Motor.c:107:6:Motor_SyncRightEncoder	0	static
../HARDWARE/Drive/Motor.c:119:10:Motor_GetLDifcoder	0	static
../HARDWARE/Drive/Motor.c:135:10:Motor_GetRDifcoder	0	static
../HARDWARE/Drive/Motor.c:151:10:Motor_GetLRDifcoder	8	static
../HARDWARE/Drive/Motor.c:181:10:Motor_calculate_pulses	24	static
../HARDWARE/Drive/Motor.c:210:6:Car_Go	16	static
../HARDWARE/Drive/Motor.c:228:6:Car_Back	16	static
../HARDWARE/Drive/Motor.c:247:6:Car_Left	24	static
../HARDWARE/Drive/Motor.c:272:6:Car_Right	24	static
../HARDWARE/Drive/Motor.c:295:6:Car_Track	0	static
../HARDWARE/Drive/Motor.c:316:6:Go_and_Back_Check	72	static
../HARDWARE/Drive/Motor.c:367:6:TurnAngle_Check	8	static
../HARDWARE/Drive/Motor.c:422:6:Track_Check	8	static
