../HARDWARE/Drive/Motor.c:67:6:Motor_Control	8	static
../HARDWARE/Drive/Motor.c:51:6:Motor_Init	8	static
../HARDWARE/Drive/Motor.c:89:6:Motor_SyncLeftEncoder	0	static
../HARDWARE/Drive/Motor.c:101:6:Motor_SyncRightEncoder	0	static
../HARDWARE/Drive/Motor.c:113:10:Motor_GetLDifcoder	0	static
../HARDWARE/Drive/Motor.c:129:10:Motor_GetRDifcoder	0	static
../HARDWARE/Drive/Motor.c:145:10:Motor_GetLRDifcoder	8	static
../HARDWARE/Drive/Motor.c:175:10:Motor_calculate_pulses	24	static
../HARDWARE/Drive/Motor.c:204:6:Car_Go	16	static
../HARDWARE/Drive/Motor.c:224:6:Car_Back	16	static
../HARDWARE/Drive/Motor.c:244:6:Car_MPLeft	24	static
../HARDWARE/Drive/Motor.c:268:6:Car_MPRight	24	static
../HARDWARE/Drive/Motor.c:292:6:Car_Left	16	static
../HARDWARE/Drive/Motor.c:313:6:Car_Right	16	static
../HARDWARE/Drive/Motor.c:331:6:Car_Track	0	static
../HARDWARE/Drive/Motor.c:351:6:Go_and_Back_Check	72	static
../HARDWARE/Drive/Motor.c:411:6:TurnAngle_Check	8	static
../HARDWARE/Drive/Motor.c:450:6:TurnAngle_NewCheck	8	static
../HARDWARE/Drive/Motor.c:499:6:Track_Check	8	static
