../HARDWARE/Drive/Motor.c:69:6:Motor_Control	8	static
../HARDWARE/Drive/Motor.c:53:6:Motor_Init	8	static
../HARDWARE/Drive/Motor.c:91:6:Motor_SyncLeftEncoder	0	static
../HARDWARE/Drive/Motor.c:103:6:Motor_SyncRightEncoder	0	static
../HARDWARE/Drive/Motor.c:115:10:Motor_GetLDifcoder	0	static
../HARDWARE/Drive/Motor.c:131:10:Motor_GetRDifcoder	0	static
../HARDWARE/Drive/Motor.c:147:10:Motor_GetLRDifcoder	8	static
../HARDWARE/Drive/Motor.c:177:10:Motor_calculate_pulses	24	static
../HARDWARE/Drive/Motor.c:206:6:Car_Go	16	static
../HARDWARE/Drive/Motor.c:226:6:Car_Back	16	static
../HARDWARE/Drive/Motor.c:246:6:Car_MPLeft	24	static
../HARDWARE/Drive/Motor.c:270:6:Car_MPRight	24	static
../HARDWARE/Drive/Motor.c:294:6:Car_Left	8	static
../HARDWARE/Drive/Motor.c:315:6:Car_Right	8	static
../HARDWARE/Drive/Motor.c:333:6:Car_Track	0	static
../HARDWARE/Drive/Motor.c:346:6:Car_TrackTime	16	static
../HARDWARE/Drive/Motor.c:366:6:Go_and_Back_Check	72	static
../HARDWARE/Drive/Motor.c:426:6:TurnAngle_Check	8	static
../HARDWARE/Drive/Motor.c:465:6:TurnAngle_NewCheck	8	static
../HARDWARE/Drive/Motor.c:522:6:Track_Check	8	static
