../HARDWARE/Command/Command.c:13:6:Command_OpenGate	8	static
../HARDWARE/Command/Command.c:25:6:Command_CloseGate	8	static
../HARDWARE/Command/Command.c:36:6:Command_GetGateStates	8	static
../HARDWARE/Command/Command.c:47:6:Command_SetGateTop	16	static
../HARDWARE/Command/Command.c:66:6:Command_SetGateLast	16	static
../HARDWARE/Command/Command.c:90:6:Command_StartTim	8	static
../HARDWARE/Command/Command.c:102:6:Command_EndTim	8	static
../HARDWARE/Command/Command.c:112:6:Command_ClearTim	8	static
../HARDWARE/Command/Command.c:123:6:Command_LEDShowDis	16	static
../HARDWARE/Command/Command.c:152:6:Command_LEDShowUp	16	static
../HARDWARE/Command/Command.c:172:6:Command_LEDShowDown	16	static
../HARDWARE/Command/Command.c:199:6:Command_TrafficAInMode	8	static
../HARDWARE/Command/Command.c:212:6:Command_TrafficBInMode	8	static
../HARDWARE/Command/Command.c:224:6:Command_TrafficCInMode	8	static
../HARDWARE/Command/Command.c:236:6:Command_TrafficDInMode	8	static
../HARDWARE/Command/Command.c:248:6:Command_TrafficASend	8	static
../HARDWARE/Command/Command.c:271:6:Command_TrafficBSend	8	static
../HARDWARE/Command/Command.c:295:6:Command_TrafficCSend	8	static
../HARDWARE/Command/Command.c:318:6:Command_TrafficDSend	8	static
../HARDWARE/Command/Command.c:347:6:Command_SlaveCarStart	16	static
../HARDWARE/Command/Command.c:359:6:Command_SlaveCarSTep	16	static
../HARDWARE/Command/Command.c:377:6:Command_TFTAPageUp	8	static
../HARDWARE/Command/Command.c:389:6:Command_TFTAPageDown	8	static
../HARDWARE/Command/Command.c:401:6:Command_TFTBPageUp	8	static
../HARDWARE/Command/Command.c:413:6:Command_TFTBPageDown	8	static
../HARDWARE/Command/Command.c:427:6:Command_SendAndroid	16	static
../HARDWARE/Command/Command.c:447:6:Command_AndroidTraffic	8	static
../HARDWARE/Command/Command.c:463:6:Command_CarPortA	8	static
../HARDWARE/Command/Command.c:491:6:Command_GetPortAFloor	8	static
../HARDWARE/Command/Command.c:502:6:Command_GetPortAInfr	8	static
../HARDWARE/Command/Command.c:514:6:Command_CarPortB	8	static
../HARDWARE/Command/Command.c:542:6:Command_GetPortBFloor	8	static
../HARDWARE/Command/Command.c:554:6:Command_GetPortBInfr	8	static
../HARDWARE/Command/Command.c:571:6:Command_BusReportFixed	16	static
../HARDWARE/Command/Command.c:615:6:Command_BusReportRandom	16	static
../HARDWARE/Command/Command.c:634:6:Command_BusSetDate	16	static
../HARDWARE/Command/Command.c:655:6:Command_BusCheckDate	16	static
../HARDWARE/Command/Command.c:672:6:Command_BusSetTime	16	static
../HARDWARE/Command/Command.c:691:6:Command_BusCheakTime	16	static
../HARDWARE/Command/Command.c:709:6:Command_BusSetTem	16	static
../HARDWARE/Command/Command.c:732:6:Command_BusCheckTem	16	static
../HARDWARE/Command/Command.c:757:6:Command_Light	8	static
../HARDWARE/Command/Command.c:781:9:Command_LightLoc	64	static
../HARDWARE/Command/Command.c:826:6:Command_AlarmStart	8	static
../HARDWARE/Command/Command.c:837:6:Command_AlarmEnd	8	static
../HARDWARE/Command/Command.c:850:6:Command_AlarmReq	16	static
../HARDWARE/Command/Command.c:872:6:Command_Autosystem	16	static
