../HARDWARE/Command/Command.c:13:6:Command_OpenGate	8	static
../HARDWARE/Command/Command.c:25:6:Command_CloseGate	8	static
../HARDWARE/Command/Command.c:36:6:Command_GetGateStates	8	static
../HARDWARE/Command/Command.c:47:6:Command_SetGateTop	16	static
../HARDWARE/Command/Command.c:66:6:Command_SetGateLast	16	static
../HARDWARE/Command/Command.c:90:6:Command_StartTim	8	static
../HARDWARE/Command/Command.c:102:6:Command_EndTim	8	static
../HARDWARE/Command/Command.c:112:6:Command_ClearTim	8	static
../HARDWARE/Command/Command.c:123:6:Command_LEDShowDis	16	static
../HARDWARE/Command/Command.c:152:6:Command_LEDShowUp	16	static
../HARDWARE/Command/Command.c:172:6:Command_LEDShowDown	16	static
../HARDWARE/Command/Command.c:205:6:Command_TrafficAInMode	8	static
../HARDWARE/Command/Command.c:218:6:Command_TrafficBInMode	8	static
../HARDWARE/Command/Command.c:230:6:Command_TrafficCInMode	8	static
../HARDWARE/Command/Command.c:242:6:Command_TrafficDInMode	8	static
../HARDWARE/Command/Command.c:254:6:Command_TrafficASend	8	static
../HARDWARE/Command/Command.c:276:6:Command_TrafficBSend	8	static
../HARDWARE/Command/Command.c:299:6:Command_TrafficCSend	8	static
../HARDWARE/Command/Command.c:322:6:Command_TrafficDSend	8	static
../HARDWARE/Command/Command.c:350:6:Command_SlaveCarStart	16	static
../HARDWARE/Command/Command.c:369:6:Command_TFTAPageUp	8	static
../HARDWARE/Command/Command.c:381:6:Command_TFTAPageDown	8	static
../HARDWARE/Command/Command.c:393:6:Command_TFTBPageUp	8	static
../HARDWARE/Command/Command.c:405:6:Command_TFTBPageDown	8	static
../HARDWARE/Command/Command.c:419:6:Command_SendAndroid	16	static
../HARDWARE/Command/Command.c:439:6:Command_AndroidTraffic	8	static
