../HARDWARE/Command/Command.c:13:6:Command_OpenGate	8	static
../HARDWARE/Command/Command.c:25:6:Command_CloseGate	8	static
../HARDWARE/Command/Command.c:36:6:Command_GetGateStates	8	static
../HARDWARE/Command/Command.c:47:6:Command_SetGateTop	16	static
../HARDWARE/Command/Command.c:66:6:Command_SetGateLast	16	static
../HARDWARE/Command/Command.c:90:6:Command_StartTim	8	static
../HARDWARE/Command/Command.c:102:6:Command_EndTim	8	static
../HARDWARE/Command/Command.c:112:6:Command_ClearTim	8	static
../HARDWARE/Command/Command.c:123:6:Command_LEDShowDis	16	static
../HARDWARE/Command/Command.c:152:6:Command_LEDShowUp	16	static
../HARDWARE/Command/Command.c:172:6:Command_LEDShowDown	16	static
../HARDWARE/Command/Command.c:199:6:Command_TrafficAInMode	8	static
../HARDWARE/Command/Command.c:212:6:Command_TrafficBInMode	8	static
../HARDWARE/Command/Command.c:224:6:Command_TrafficCInMode	8	static
../HARDWARE/Command/Command.c:236:6:Command_TrafficDInMode	8	static
../HARDWARE/Command/Command.c:248:6:Command_TrafficASend	8	static
../HARDWARE/Command/Command.c:270:6:Command_TrafficBSend	8	static
../HARDWARE/Command/Command.c:293:6:Command_TrafficCSend	8	static
../HARDWARE/Command/Command.c:316:6:Command_TrafficDSend	8	static
../HARDWARE/Command/Command.c:344:6:Command_SlaveCarStart	16	static
../HARDWARE/Command/Command.c:363:6:Command_TFTAPageUp	8	static
../HARDWARE/Command/Command.c:375:6:Command_TFTAPageDown	8	static
../HARDWARE/Command/Command.c:387:6:Command_TFTBPageUp	8	static
../HARDWARE/Command/Command.c:399:6:Command_TFTBPageDown	8	static
../HARDWARE/Command/Command.c:413:6:Command_SendAndroid	16	static
../HARDWARE/Command/Command.c:433:6:Command_AndroidTraffic	8	static
../HARDWARE/Command/Command.c:449:6:Command_CarPortA	8	static
../HARDWARE/Command/Command.c:477:6:Command_GetPortAFloor	8	static
../HARDWARE/Command/Command.c:488:6:Command_GetPortAInfr	8	static
../HARDWARE/Command/Command.c:500:6:Command_CarPortB	8	static
../HARDWARE/Command/Command.c:528:6:Command_GetPortBFloor	8	static
../HARDWARE/Command/Command.c:540:6:Command_GetPortBInfr	8	static
../HARDWARE/Command/Command.c:556:6:Command_Bus	8	static
../HARDWARE/Command/Command.c:569:6:Command_light	8	static
