../HARDWARE/Command/Command.c:13:6:Command_OpenGate	8	static
../HARDWARE/Command/Command.c:25:6:Command_CloseGate	8	static
../HARDWARE/Command/Command.c:36:6:Command_GetGateStates	8	static
../HARDWARE/Command/Command.c:47:6:Command_SetGateTop	16	static
../HARDWARE/Command/Command.c:66:6:Command_SetGateLast	16	static
../HARDWARE/Command/Command.c:90:6:Command_StartTim	8	static
../HARDWARE/Command/Command.c:102:6:Command_EndTim	8	static
../HARDWARE/Command/Command.c:112:6:Command_ClearTim	8	static
../HARDWARE/Command/Command.c:123:6:Command_LEDShowDis	16	static
../HARDWARE/Command/Command.c:152:6:Command_LEDShowUp	16	static
../HARDWARE/Command/Command.c:172:6:Command_LEDShowDown	16	static
../HARDWARE/Command/Command.c:199:6:Command_TrafficAInMode	8	static
../HARDWARE/Command/Command.c:212:6:Command_TrafficBInMode	8	static
../HARDWARE/Command/Command.c:224:6:Command_TrafficCInMode	8	static
../HARDWARE/Command/Command.c:236:6:Command_TrafficDInMode	8	static
../HARDWARE/Command/Command.c:248:6:Command_TrafficASend	8	static
../HARDWARE/Command/Command.c:273:6:Command_TrafficBSend	8	static
../HARDWARE/Command/Command.c:299:6:Command_TrafficCSend	8	static
../HARDWARE/Command/Command.c:324:6:Command_TrafficDSend	8	static
../HARDWARE/Command/Command.c:355:6:Command_SlaveCarStart	16	static
../HARDWARE/Command/Command.c:367:6:Command_SlaveCarSTep	16	static
../HARDWARE/Command/Command.c:380:6:Command_SlaveCarLight	16	static
../HARDWARE/Command/Command.c:399:6:Command_TFTAPageUp	8	static
../HARDWARE/Command/Command.c:411:6:Command_TFTAPageDown	8	static
../HARDWARE/Command/Command.c:423:6:Command_TFTAShowHex	16	static
../HARDWARE/Command/Command.c:442:6:Command_TFTBPageUp	8	static
../HARDWARE/Command/Command.c:454:6:Command_TFTBPageDown	8	static
../HARDWARE/Command/Command.c:464:6:Command_TFTBShowHex	16	static
../HARDWARE/Command/Command.c:483:6:Command_TFTCPageUp	8	static
../HARDWARE/Command/Command.c:495:6:Command_TFTCPageDown	8	static
../HARDWARE/Command/Command.c:506:6:Command_TFTCShowHex	16	static
../HARDWARE/Command/Command.c:529:6:Command_SendAndroid	16	static
../HARDWARE/Command/Command.c:549:6:Command_AndroidTraffic	8	static
../HARDWARE/Command/Command.c:562:6:Command_Androidshape	8	static
../HARDWARE/Command/Command.c:577:6:Command_AndroidColor	8	static
../HARDWARE/Command/Command.c:590:6:Command_AndroidQR	8	static
../HARDWARE/Command/Command.c:610:6:Command_CarPortA	8	static
../HARDWARE/Command/Command.c:638:6:Command_GetPortAFloor	8	static
../HARDWARE/Command/Command.c:649:6:Command_GetPortAInfr	8	static
../HARDWARE/Command/Command.c:661:6:Command_CarPortB	8	static
../HARDWARE/Command/Command.c:689:6:Command_GetPortBFloor	8	static
../HARDWARE/Command/Command.c:701:6:Command_GetPortBInfr	8	static
../HARDWARE/Command/Command.c:718:6:Command_BusReportFixed	16	static
../HARDWARE/Command/Command.c:762:6:Command_BusReportRandom	16	static
../HARDWARE/Command/Command.c:781:6:Command_BusSetDate	16	static
../HARDWARE/Command/Command.c:802:6:Command_BusCheckDate	16	static
../HARDWARE/Command/Command.c:819:6:Command_BusSetTime	16	static
../HARDWARE/Command/Command.c:838:6:Command_BusCheakTime	16	static
../HARDWARE/Command/Command.c:856:6:Command_BusSetTem	16	static
../HARDWARE/Command/Command.c:879:6:Command_BusCheckTem	16	static
../HARDWARE/Command/Command.c:904:6:Command_Light	8	static
../HARDWARE/Command/Command.c:928:9:Command_LightAuto	32	static
../HARDWARE/Command/Command.c:999:6:Command_AlarmStart	8	static
../HARDWARE/Command/Command.c:1010:6:Command_AlarmEnd	8	static
../HARDWARE/Command/Command.c:1023:6:Command_AlarmReq	16	static
../HARDWARE/Command/Command.c:1045:6:Command_Autosystem	16	static
../HARDWARE/Command/Command.c:1070:6:Command_WireCharStart	16	static
../HARDWARE/Command/Command.c:1087:6:Command_WireCharEnd	16	static
../HARDWARE/Command/Command.c:1108:6:Command_ETCUp	16	static
../HARDWARE/Command/Command.c:1125:6:Command_ETCDown	16	static
