../HARDWARE/Command/Command.c:13:6:Command_OpenGate	8	static
../HARDWARE/Command/Command.c:25:6:Command_CloseGate	8	static
../HARDWARE/Command/Command.c:36:6:Command_GetGateStates	8	static
../HARDWARE/Command/Command.c:47:6:Command_SetGateTop	16	static
../HARDWARE/Command/Command.c:66:6:Command_SetGateLast	16	static
../HARDWARE/Command/Command.c:90:6:Command_StartTim	8	static
../HARDWARE/Command/Command.c:102:6:Command_EndTim	8	static
../HARDWARE/Command/Command.c:112:6:Command_ClearTim	8	static
../HARDWARE/Command/Command.c:123:6:Command_LEDShowDis	16	static
../HARDWARE/Command/Command.c:152:6:Command_LEDShowUp	16	static
../HARDWARE/Command/Command.c:172:6:Command_LEDShowDown	16	static
../HARDWARE/Command/Command.c:199:6:Command_TrafficAInMode	8	static
../HARDWARE/Command/Command.c:212:6:Command_TrafficBInMode	8	static
../HARDWARE/Command/Command.c:224:6:Command_TrafficCInMode	8	static
../HARDWARE/Command/Command.c:236:6:Command_TrafficDInMode	8	static
../HARDWARE/Command/Command.c:248:6:Command_TrafficASend	8	static
../HARDWARE/Command/Command.c:273:6:Command_TrafficBSend	8	static
../HARDWARE/Command/Command.c:299:6:Command_TrafficCSend	8	static
../HARDWARE/Command/Command.c:324:6:Command_TrafficDSend	8	static
../HARDWARE/Command/Command.c:355:6:Command_SlaveCarStart	16	static
../HARDWARE/Command/Command.c:367:6:Command_SlaveCarSTep	16	static
../HARDWARE/Command/Command.c:380:6:Command_SlaveCarLight	16	static
../HARDWARE/Command/Command.c:393:6:Command_SlaveCarSendBt	16	static
../HARDWARE/Command/Command.c:415:6:Command_TFTAPageUp	8	static
../HARDWARE/Command/Command.c:427:6:Command_TFTAPageDown	8	static
../HARDWARE/Command/Command.c:439:6:Command_TFTAShowHex	16	static
../HARDWARE/Command/Command.c:458:6:Command_TFTBPageUp	8	static
../HARDWARE/Command/Command.c:470:6:Command_TFTBPageDown	8	static
../HARDWARE/Command/Command.c:480:6:Command_TFTBShowHex	16	static
../HARDWARE/Command/Command.c:499:6:Command_TFTCPageUp	8	static
../HARDWARE/Command/Command.c:511:6:Command_TFTCPageDown	8	static
../HARDWARE/Command/Command.c:522:6:Command_TFTCShowHex	16	static
../HARDWARE/Command/Command.c:545:6:Command_SendAndroid	16	static
../HARDWARE/Command/Command.c:565:6:Command_AndroidTraffic	8	static
../HARDWARE/Command/Command.c:575:6:Command_Androidshape	8	static
../HARDWARE/Command/Command.c:587:6:Command_AndroidColor	8	static
../HARDWARE/Command/Command.c:597:6:Command_AndroidQR	8	static
../HARDWARE/Command/Command.c:614:6:Command_CarPortA	8	static
../HARDWARE/Command/Command.c:642:6:Command_GetPortAFloor	8	static
../HARDWARE/Command/Command.c:653:6:Command_GetPortAInfr	8	static
../HARDWARE/Command/Command.c:665:6:Command_CarPortB	8	static
../HARDWARE/Command/Command.c:693:6:Command_GetPortBFloor	8	static
../HARDWARE/Command/Command.c:705:6:Command_GetPortBInfr	8	static
../HARDWARE/Command/Command.c:722:6:Command_BusReportFixed	16	static
../HARDWARE/Command/Command.c:766:6:Command_BusReportRandom	16	static
../HARDWARE/Command/Command.c:785:6:Command_BusSetDate	16	static
../HARDWARE/Command/Command.c:806:6:Command_BusCheckDate	16	static
../HARDWARE/Command/Command.c:823:6:Command_BusSetTime	16	static
../HARDWARE/Command/Command.c:842:6:Command_BusCheakTime	16	static
../HARDWARE/Command/Command.c:860:6:Command_BusSetTem	16	static
../HARDWARE/Command/Command.c:883:6:Command_BusCheckTem	16	static
../HARDWARE/Command/Command.c:908:6:Command_Light	8	static
../HARDWARE/Command/Command.c:932:9:Command_LightAuto	32	static
../HARDWARE/Command/Command.c:1003:6:Command_AlarmStart	8	static
../HARDWARE/Command/Command.c:1014:6:Command_AlarmEnd	8	static
../HARDWARE/Command/Command.c:1027:6:Command_AlarmReq	16	static
../HARDWARE/Command/Command.c:1049:6:Command_Autosystem	16	static
../HARDWARE/Command/Command.c:1074:6:Command_WireCharStart	16	static
../HARDWARE/Command/Command.c:1091:6:Command_WireCharEnd	16	static
../HARDWARE/Command/Command.c:1112:6:Command_ETCUp	16	static
../HARDWARE/Command/Command.c:1129:6:Command_ETCDown	16	static
../HARDWARE/Command/Command.c:1149:6:Command_SpecialTe	16	static
