../HARDWARE/Command/Command.c:13:6:Command_OpenGate	8	static
../HARDWARE/Command/Command.c:25:6:Command_CloseGate	8	static
../HARDWARE/Command/Command.c:36:6:Command_GetGateStates	8	static
../HARDWARE/Command/Command.c:47:6:Command_SetGateTop	16	static
../HARDWARE/Command/Command.c:66:6:Command_SetGateLast	16	static
../HARDWARE/Command/Command.c:90:6:Command_StartTim	8	static
../HARDWARE/Command/Command.c:102:6:Command_EndTim	8	static
../HARDWARE/Command/Command.c:112:6:Command_ClearTim	8	static
../HARDWARE/Command/Command.c:123:6:Command_LEDShowDis	16	static
../HARDWARE/Command/Command.c:152:6:Command_LEDShowUp	16	static
../HARDWARE/Command/Command.c:172:6:Command_LEDShowDown	16	static
../HARDWARE/Command/Command.c:199:6:Command_TrafficAInMode	8	static
../HARDWARE/Command/Command.c:212:6:Command_TrafficBInMode	8	static
../HARDWARE/Command/Command.c:224:6:Command_TrafficCInMode	8	static
../HARDWARE/Command/Command.c:236:6:Command_TrafficDInMode	8	static
../HARDWARE/Command/Command.c:248:6:Command_TrafficASend	8	static
../HARDWARE/Command/Command.c:273:6:Command_TrafficBSend	8	static
../HARDWARE/Command/Command.c:299:6:Command_TrafficCSend	8	static
../HARDWARE/Command/Command.c:324:6:Command_TrafficDSend	8	static
../HARDWARE/Command/Command.c:355:6:Command_SlaveCarStart	16	static
../HARDWARE/Command/Command.c:367:6:Command_SlaveCarSTep	16	static
../HARDWARE/Command/Command.c:385:6:Command_TFTAPageUp	8	static
../HARDWARE/Command/Command.c:397:6:Command_TFTAPageDown	8	static
../HARDWARE/Command/Command.c:409:6:Command_TFTBPageUp	8	static
../HARDWARE/Command/Command.c:421:6:Command_TFTBPageDown	8	static
../HARDWARE/Command/Command.c:435:6:Command_SendAndroid	16	static
../HARDWARE/Command/Command.c:455:6:Command_AndroidTraffic	8	static
../HARDWARE/Command/Command.c:471:6:Command_CarPortA	8	static
../HARDWARE/Command/Command.c:499:6:Command_GetPortAFloor	8	static
../HARDWARE/Command/Command.c:510:6:Command_GetPortAInfr	8	static
../HARDWARE/Command/Command.c:522:6:Command_CarPortB	8	static
../HARDWARE/Command/Command.c:550:6:Command_GetPortBFloor	8	static
../HARDWARE/Command/Command.c:562:6:Command_GetPortBInfr	8	static
../HARDWARE/Command/Command.c:579:6:Command_BusReportFixed	16	static
../HARDWARE/Command/Command.c:623:6:Command_BusReportRandom	16	static
../HARDWARE/Command/Command.c:642:6:Command_BusSetDate	16	static
../HARDWARE/Command/Command.c:663:6:Command_BusCheckDate	16	static
../HARDWARE/Command/Command.c:680:6:Command_BusSetTime	16	static
../HARDWARE/Command/Command.c:699:6:Command_BusCheakTime	16	static
../HARDWARE/Command/Command.c:717:6:Command_BusSetTem	16	static
../HARDWARE/Command/Command.c:740:6:Command_BusCheckTem	16	static
../HARDWARE/Command/Command.c:765:6:Command_Light	8	static
../HARDWARE/Command/Command.c:789:9:Command_LightAuto	24	static
../HARDWARE/Command/Command.c:834:6:Command_AlarmStart	8	static
../HARDWARE/Command/Command.c:845:6:Command_AlarmEnd	8	static
../HARDWARE/Command/Command.c:858:6:Command_AlarmReq	16	static
../HARDWARE/Command/Command.c:880:6:Command_Autosystem	16	static
../HARDWARE/Command/Command.c:905:6:Command_WireCharStart	16	static
../HARDWARE/Command/Command.c:922:6:Command_WireCharEnd	16	static
../HARDWARE/Command/Command.c:943:6:Command_ETCUp	16	static
../HARDWARE/Command/Command.c:960:6:Command_ETCDown	16	static
