../HARDWARE/Command/Command.c:13:6:Command_OpenGate	0	static
../HARDWARE/Command/Command.c:25:6:Command_CloseGate	0	static
../HARDWARE/Command/Command.c:36:6:Command_GetGateStates	0	static
../HARDWARE/Command/Command.c:47:6:Command_SetGateTop	16	static
../HARDWARE/Command/Command.c:64:6:Command_SetGateTop2	16	static
../HARDWARE/Command/Command.c:83:6:Command_SetGateLast	16	static
../HARDWARE/Command/Command.c:100:6:Command_SetGateLast2	16	static
../HARDWARE/Command/Command.c:122:6:Command_StartTim	0	static
../HARDWARE/Command/Command.c:134:6:Command_EndTim	0	static
../HARDWARE/Command/Command.c:144:6:Command_ClearTim	0	static
../HARDWARE/Command/Command.c:155:6:Command_LEDShowDis	24	static
../HARDWARE/Command/Command.c:188:6:Command_LEDShowUp	16	static
../HARDWARE/Command/Command.c:208:6:Command_LEDShowDown	16	static
../HARDWARE/Command/Command.c:235:6:Command_TrafficAInMode	0	static
../HARDWARE/Command/Command.c:248:6:Command_TrafficBInMode	0	static
../HARDWARE/Command/Command.c:260:6:Command_TrafficCInMode	0	static
../HARDWARE/Command/Command.c:272:6:Command_TrafficDInMode	0	static
../HARDWARE/Command/Command.c:284:6:Command_TrafficASend	0	static
../HARDWARE/Command/Command.c:310:6:Command_TrafficASendC	0	static
../HARDWARE/Command/Command.c:339:6:Command_TrafficBSend	0	static
../HARDWARE/Command/Command.c:364:6:Command_TrafficBSendC	0	static
../HARDWARE/Command/Command.c:391:6:Command_TrafficCSend	0	static
../HARDWARE/Command/Command.c:416:6:Command_TrafficCSendC	0	static
../HARDWARE/Command/Command.c:443:6:Command_TrafficDSend	0	static
../HARDWARE/Command/Command.c:467:6:Command_TrafficDSendC	0	static
../HARDWARE/Command/Command.c:496:6:Command_SlaveCarStart	16	static
../HARDWARE/Command/Command.c:508:6:Command_SlaveCarSTep	16	static
../HARDWARE/Command/Command.c:521:6:Command_SlaveCarLight	16	static
../HARDWARE/Command/Command.c:534:6:Command_SlaveCarSendBt	16	static
../HARDWARE/Command/Command.c:549:6:Command_SlaveCarSendDis	16	static
../HARDWARE/Command/Command.c:564:6:Command_SlaveCarSendRFID	16	static
../HARDWARE/Command/Command.c:584:6:Command_TFTAPageUp	0	static
../HARDWARE/Command/Command.c:596:6:Command_TFTAPageDown	0	static
../HARDWARE/Command/Command.c:608:6:Command_TFTAShowHex	16	static
../HARDWARE/Command/Command.c:627:6:Command_TFTBPageUp	0	static
../HARDWARE/Command/Command.c:639:6:Command_TFTBPageDown	0	static
../HARDWARE/Command/Command.c:649:6:Command_TFTBShowHex	16	static
../HARDWARE/Command/Command.c:668:6:Command_TFTCPageUp	0	static
../HARDWARE/Command/Command.c:680:6:Command_TFTCPageDown	0	static
../HARDWARE/Command/Command.c:691:6:Command_TFTCShowHex	16	static
../HARDWARE/Command/Command.c:714:6:Command_SendAndroid	16	static
../HARDWARE/Command/Command.c:734:6:Command_AndroidTraffic	16	static
../HARDWARE/Command/Command.c:744:6:Command_Androidshape	16	static
../HARDWARE/Command/Command.c:757:6:Command_AndroidColor	16	static
../HARDWARE/Command/Command.c:768:6:Command_AndroidQR	16	static
../HARDWARE/Command/Command.c:779:6:Command_AndroidPlatNum	16	static
../HARDWARE/Command/Command.c:795:6:Command_CarPortA	0	static
../HARDWARE/Command/Command.c:821:6:Command_CarPortATo1	0	static
../HARDWARE/Command/Command.c:834:6:Command_GetPortAFloor	0	static
../HARDWARE/Command/Command.c:845:6:Command_GetPortAInfr	0	static
../HARDWARE/Command/Command.c:857:6:Command_CarPortB	0	static
../HARDWARE/Command/Command.c:883:6:Command_CarPortBTo1	0	static
../HARDWARE/Command/Command.c:896:6:Command_GetPortBFloor	0	static
../HARDWARE/Command/Command.c:908:6:Command_GetPortBInfr	0	static
../HARDWARE/Command/Command.c:925:6:Command_BusReportFixed	16	static
../HARDWARE/Command/Command.c:969:6:Command_BusReportRandom	16	static
../HARDWARE/Command/Command.c:988:6:Command_BusSetDate	16	static
../HARDWARE/Command/Command.c:1009:6:Command_BusCheckDate	16	static
../HARDWARE/Command/Command.c:1026:6:Command_BusSetTime	16	static
../HARDWARE/Command/Command.c:1045:6:Command_BusCheakTime	16	static
../HARDWARE/Command/Command.c:1063:6:Command_BusSetTem	16	static
../HARDWARE/Command/Command.c:1086:6:Command_BusCheckTem	16	static
../HARDWARE/Command/Command.c:1111:6:Command_Light	0	static
../HARDWARE/Command/Command.c:1135:9:Command_LightAuto	24	static
../HARDWARE/Command/Command.c:1206:6:Command_AlarmStart	0	static
../HARDWARE/Command/Command.c:1217:6:Command_AlarmEnd	0	static
../HARDWARE/Command/Command.c:1230:6:Command_AlarmReq	16	static
../HARDWARE/Command/Command.c:1252:6:Command_Autosystem	16	static
../HARDWARE/Command/Command.c:1277:6:Command_WireStart	16	static
../HARDWARE/Command/Command.c:1298:6:Command_WireChange	16	static
../HARDWARE/Command/Command.c:1319:6:Command_WireOpen	16	static
../HARDWARE/Command/Command.c:1340:6:Command_ETCUp	16	static
../HARDWARE/Command/Command.c:1357:6:Command_ETCDown	16	static
../HARDWARE/Command/Command.c:1377:6:Command_SpecialTe	16	static
../HARDWARE/Command/Command.c:1397:6:Command_3DShowHex	24	static
../HARDWARE/Command/Command.c:1431:6:Command_3DShowDis	16	static
../HARDWARE/Command/Command.c:1456:6:Command_3DShowDis2	16	static
../HARDWARE/Command/Command.c:1475:6:Command_3DShowHexZigbee	16	static
../HARDWARE/Command/Command.c:1495:6:Command_3DShowJuXing	16	static
../HARDWARE/Command/Command.c:1508:6:Command_3DShowCirCle	16	static
