../HARDWARE/Command/Command.c:13:6:Command_OpenGate	0	static
../HARDWARE/Command/Command.c:25:6:Command_CloseGate	0	static
../HARDWARE/Command/Command.c:36:6:Command_GetGateStates	0	static
../HARDWARE/Command/Command.c:47:6:Command_SetGateTop	16	static
../HARDWARE/Command/Command.c:66:6:Command_SetGateLast	16	static
../HARDWARE/Command/Command.c:90:6:Command_StartTim	0	static
../HARDWARE/Command/Command.c:102:6:Command_EndTim	0	static
../HARDWARE/Command/Command.c:112:6:Command_ClearTim	0	static
../HARDWARE/Command/Command.c:123:6:Command_LEDShowDis	24	static
../HARDWARE/Command/Command.c:154:6:Command_LEDShowUp	16	static
../HARDWARE/Command/Command.c:174:6:Command_LEDShowDown	16	static
../HARDWARE/Command/Command.c:201:6:Command_TrafficAInMode	0	static
../HARDWARE/Command/Command.c:214:6:Command_TrafficBInMode	0	static
../HARDWARE/Command/Command.c:226:6:Command_TrafficCInMode	0	static
../HARDWARE/Command/Command.c:238:6:Command_TrafficDInMode	0	static
../HARDWARE/Command/Command.c:250:6:Command_TrafficASend	0	static
../HARDWARE/Command/Command.c:276:6:Command_TrafficASendC	0	static
../HARDWARE/Command/Command.c:305:6:Command_TrafficBSend	0	static
../HARDWARE/Command/Command.c:330:6:Command_TrafficBSendC	0	static
../HARDWARE/Command/Command.c:357:6:Command_TrafficCSend	0	static
../HARDWARE/Command/Command.c:382:6:Command_TrafficCSendC	0	static
../HARDWARE/Command/Command.c:409:6:Command_TrafficDSend	0	static
../HARDWARE/Command/Command.c:433:6:Command_TrafficDSendC	0	static
../HARDWARE/Command/Command.c:462:6:Command_SlaveCarStart	16	static
../HARDWARE/Command/Command.c:474:6:Command_SlaveCarSTep	16	static
../HARDWARE/Command/Command.c:487:6:Command_SlaveCarLight	16	static
../HARDWARE/Command/Command.c:500:6:Command_SlaveCarSendBt	16	static
../HARDWARE/Command/Command.c:515:6:Command_SlaveCarSendDis	16	static
../HARDWARE/Command/Command.c:534:6:Command_TFTAPageUp	0	static
../HARDWARE/Command/Command.c:546:6:Command_TFTAPageDown	0	static
../HARDWARE/Command/Command.c:558:6:Command_TFTAShowHex	16	static
../HARDWARE/Command/Command.c:577:6:Command_TFTBPageUp	0	static
../HARDWARE/Command/Command.c:589:6:Command_TFTBPageDown	0	static
../HARDWARE/Command/Command.c:599:6:Command_TFTBShowHex	16	static
../HARDWARE/Command/Command.c:618:6:Command_TFTCPageUp	0	static
../HARDWARE/Command/Command.c:630:6:Command_TFTCPageDown	0	static
../HARDWARE/Command/Command.c:641:6:Command_TFTCShowHex	16	static
../HARDWARE/Command/Command.c:664:6:Command_SendAndroid	16	static
../HARDWARE/Command/Command.c:684:6:Command_AndroidTraffic	16	static
../HARDWARE/Command/Command.c:694:6:Command_Androidshape	16	static
../HARDWARE/Command/Command.c:707:6:Command_AndroidColor	16	static
../HARDWARE/Command/Command.c:718:6:Command_AndroidQR	16	static
../HARDWARE/Command/Command.c:729:6:Command_AndroidPlatNum	16	static
../HARDWARE/Command/Command.c:745:6:Command_CarPortA	0	static
../HARDWARE/Command/Command.c:773:6:Command_GetPortAFloor	0	static
../HARDWARE/Command/Command.c:784:6:Command_GetPortAInfr	0	static
../HARDWARE/Command/Command.c:796:6:Command_CarPortB	0	static
../HARDWARE/Command/Command.c:824:6:Command_GetPortBFloor	0	static
../HARDWARE/Command/Command.c:836:6:Command_GetPortBInfr	0	static
../HARDWARE/Command/Command.c:853:6:Command_BusReportFixed	16	static
../HARDWARE/Command/Command.c:897:6:Command_BusReportRandom	16	static
../HARDWARE/Command/Command.c:916:6:Command_BusSetDate	16	static
../HARDWARE/Command/Command.c:937:6:Command_BusCheckDate	16	static
../HARDWARE/Command/Command.c:954:6:Command_BusSetTime	16	static
../HARDWARE/Command/Command.c:973:6:Command_BusCheakTime	16	static
../HARDWARE/Command/Command.c:991:6:Command_BusSetTem	16	static
../HARDWARE/Command/Command.c:1014:6:Command_BusCheckTem	16	static
../HARDWARE/Command/Command.c:1039:6:Command_Light	0	static
../HARDWARE/Command/Command.c:1063:9:Command_LightAuto	24	static
../HARDWARE/Command/Command.c:1134:6:Command_AlarmStart	0	static
../HARDWARE/Command/Command.c:1145:6:Command_AlarmEnd	0	static
../HARDWARE/Command/Command.c:1158:6:Command_AlarmReq	16	static
../HARDWARE/Command/Command.c:1180:6:Command_Autosystem	16	static
../HARDWARE/Command/Command.c:1205:6:Command_WireStart	16	static
../HARDWARE/Command/Command.c:1226:6:Command_WireChange	16	static
../HARDWARE/Command/Command.c:1254:6:Command_ETCUp	16	static
../HARDWARE/Command/Command.c:1271:6:Command_ETCDown	16	static
../HARDWARE/Command/Command.c:1291:6:Command_SpecialTe	16	static
../HARDWARE/Command/Command.c:1311:6:Command_3DShowHex	24	static
../HARDWARE/Command/Command.c:1348:6:Command_3DShowHexZigbee	16	static
../HARDWARE/Command/Command.c:1368:6:Command_3DShowJuXing	16	static
../HARDWARE/Command/Command.c:1381:6:Command_3DShowCirCle	16	static
