../HARDWARE/CAN/can_RxSolve.c:80:6:CanRxBuf_Init	0	static
../HARDWARE/CAN/can_RxSolve.c:362:6:Slove_GoFlag	0	static
../HARDWARE/CAN/can_RxSolve.c:383:6:Slove_ZigbeeData	8	static
../HARDWARE/CAN/can_RxSolve.c:524:6:Slove_Track	0	static
../HARDWARE/CAN/can_RxSolve.c:536:6:Slove_Naving	0	static
../HARDWARE/CAN/can_RxSolve.c:549:6:Slove_Host	0	static
../HARDWARE/CAN/can_RxSolve.c:627:6:Can_RxBufWrite	24	static
../HARDWARE/CAN/can_RxSolve.c:104:6:CanRx_Loop	8	static
../HARDWARE/CAN/can_RxSolve.c:658:9:Can_RxCheckReadEn	0	static
../HARDWARE/CAN/can_RxSolve.c:682:9:Can_RxReadBit	16	static
../HARDWARE/CAN/can_RxSolve.c:154:6:Slove_AndroidData	16	static
../HARDWARE/CAN/can_RxSolve.c:237:6:Slove_Camera	520	static
../HARDWARE/CAN/can_RxSolve.c:588:6:Slove_ALL	8	static
