../HARDWARE/CAN/can_RxSolve.c:76:6:CanRxBuf_Init	0	static
../HARDWARE/CAN/can_RxSolve.c:363:6:Slove_ZigbeeData	8	static
../HARDWARE/CAN/can_RxSolve.c:504:6:Slove_Track	0	static
../HARDWARE/CAN/can_RxSolve.c:516:6:Slove_Naving	0	static
../HARDWARE/CAN/can_RxSolve.c:529:6:Slove_Host	0	static
../HARDWARE/CAN/can_RxSolve.c:606:6:Can_RxBufWrite	24	static
../HARDWARE/CAN/can_RxSolve.c:100:6:CanRx_Loop	8	static
../HARDWARE/CAN/can_RxSolve.c:637:9:Can_RxCheckReadEn	0	static
../HARDWARE/CAN/can_RxSolve.c:661:9:Can_RxReadBit	16	static
../HARDWARE/CAN/can_RxSolve.c:150:6:Slove_AndroidData	16	static
../HARDWARE/CAN/can_RxSolve.c:233:6:Slove_Camera	520	static
../HARDWARE/CAN/can_RxSolve.c:568:6:Slove_ALL	8	static
