../Core/Src/can.c:70:6:Hard_Can_SpeedMode	0	static
../Core/Src/can.c:81:6:MX_CAN1_Init	8	static
../Core/Src/can.c:118:6:HAL_CAN_MspInit	48	static
../Core/Src/can.c:151:6:HAL_CAN_MspDeInit	8	static
../Core/Src/can.c:180:6:Filter_Init	80	static
../Core/Src/can.c:239:19:MyCAN_Transmit	32	static
../Core/Src/can.c:259:9:MyCAN_ReceiveFlag	8	static
../Core/Src/can.c:274:6:MyCAN_Receive	0	static
../Core/Src/can.c:284:6:HAL_CAN_RxFifo0MsgPendingCallback	8	static
../Core/Src/can.c:297:6:MyCan_Init	8	static
