../Core/Src/can.c:54:17:CanDrv_Fiter_Create16bit	0	static
../Core/Src/can.c:70:6:Hard_Can_SpeedMode	8	static
../Core/Src/can.c:81:6:MX_CAN1_Init	8	static
../Core/Src/can.c:118:6:HAL_CAN_MspInit	40	static
../Core/Src/can.c:153:6:HAL_CAN_MspDeInit	8	static
../Core/Src/can.c:183:6:Filter_Init	64	static
../Core/Src/can.c:242:19:MyCAN_Transmit	24	static
../Core/Src/can.c:262:9:MyCAN_ReceiveFlag	8	static
../Core/Src/can.c:277:6:MyCAN_Receive	8	static
../Core/Src/can.c:287:6:HAL_CAN_RxFifo0MsgPendingCallback	8	static
../Core/Src/can.c:300:6:MyCan_Init	8	static
