../Core/Src/oled_spi.c:49:6:OLED_WriteCommand	16	static
../Core/Src/oled_spi.c:63:6:OLED_WriteData	16	static
../Core/Src/oled_spi.c:82:6:OLED_WriteSRAM	16	static
../Core/Src/oled_spi.c:95:6:OLED_Init	8	static
../Core/Src/oled_spi.c:159:6:OLED_SetCursor	16	static
../Core/Src/oled_spi.c:179:10:OLED_Pow	24	static
../Core/Src/oled_spi.c:196:9:OLED_pnpoly	32	static
../Core/Src/oled_spi.c:220:9:OLED_IsInAngle	32	static
../Core/Src/oled_spi.c:252:6:OLED_UpDate	144	static
../Core/Src/oled_spi.c:271:6:OLED_Clear	8	static
../Core/Src/oled_spi.c:294:6:OLED_ClearArea	40	static
../Core/Src/oled_spi.c:334:6:OLED_Reverse	16	static
../Core/Src/oled_spi.c:355:6:OLED_ReverseArea	24	static
../Core/Src/oled_spi.c:382:6:OLED_ShowChar	32	static
../Core/Src/oled_spi.c:411:6:OLED_ShowString	48	static
../Core/Src/oled_spi.c:555:6:OLED_ShowNum	40	static
../Core/Src/oled_spi.c:579:6:OLED_ShowSignedNum	40	static
../Core/Src/oled_spi.c:616:6:OLED_ShowHexNum	32	static
../Core/Src/oled_spi.c:651:6:OLED_ShowBinNum	40	static
../Core/Src/oled_spi.c:676:6:OLED_ShowFloatNum	64	static
../Core/Src/oled_spi.c:717:6:OLED_ShowImage	32	static
../Core/Src/oled_spi.c:775:6:OLED_Printf	284	static
../Core/Src/oled_spi.c:792:6:OLED_DrawPoint	16	static
../Core/Src/oled_spi.c:807:9:OLED_GetPoint	16	static
../Core/Src/oled_spi.c:830:6:OLED_DrawLine	56	static
../Core/Src/oled_spi.c:986:6:OLED_DrawRectangle	32	static
../Core/Src/oled_spi.c:1033:6:OLED_DrawTriangle	64	static
../Core/Src/oled_spi.c:1115:6:OLED_DrawCircle	32	static
../Core/Src/oled_spi.c:1199:6:OLED_DrawEllipse	56	static
../Core/Src/oled_spi.c:1311:6:OLED_DrawArc	32	static
