../Core/Src/stm32f4xx_it.c:75:6:NMI_Handler	0	static
../Core/Src/stm32f4xx_it.c:90:6:HardFault_Handler	0	static
../Core/Src/stm32f4xx_it.c:105:6:MemManage_Handler	0	static
../Core/Src/stm32f4xx_it.c:120:6:BusFault_Handler	0	static
../Core/Src/stm32f4xx_it.c:135:6:UsageFault_Handler	0	static
../Core/Src/stm32f4xx_it.c:150:6:SVC_Handler	0	static
../Core/Src/stm32f4xx_it.c:163:6:DebugMon_Handler	0	static
../Core/Src/stm32f4xx_it.c:176:6:PendSV_Handler	0	static
../Core/Src/stm32f4xx_it.c:189:6:SysTick_Handler	8	static
../Core/Src/stm32f4xx_it.c:210:6:ADC_IRQHandler	8	static
../Core/Src/stm32f4xx_it.c:224:6:CAN1_RX0_IRQHandler	8	static
../Core/Src/stm32f4xx_it.c:238:6:CAN1_SCE_IRQHandler	8	static
../Core/Src/stm32f4xx_it.c:252:6:TIM1_BRK_TIM9_IRQHandler	8	static
../Core/Src/stm32f4xx_it.c:266:6:TIM1_UP_TIM10_IRQHandler	8	static
../Core/Src/stm32f4xx_it.c:280:6:TIM3_IRQHandler	8	static
../Core/Src/stm32f4xx_it.c:294:6:DMA2_Stream1_IRQHandler	8	static
../Core/Src/stm32f4xx_it.c:308:6:USART6_IRQHandler	8	static
