../Core/Src/stm32f4xx_it.c:77:6:NMI_Handler	0	static
../Core/Src/stm32f4xx_it.c:92:6:HardFault_Handler	0	static
../Core/Src/stm32f4xx_it.c:107:6:MemManage_Handler	0	static
../Core/Src/stm32f4xx_it.c:122:6:BusFault_Handler	0	static
../Core/Src/stm32f4xx_it.c:137:6:UsageFault_Handler	0	static
../Core/Src/stm32f4xx_it.c:152:6:SVC_Handler	0	static
../Core/Src/stm32f4xx_it.c:165:6:DebugMon_Handler	0	static
../Core/Src/stm32f4xx_it.c:178:6:PendSV_Handler	0	static
../Core/Src/stm32f4xx_it.c:191:6:SysTick_Handler	8	static
../Core/Src/stm32f4xx_it.c:212:6:ADC_IRQHandler	8	static
../Core/Src/stm32f4xx_it.c:226:6:CAN1_RX0_IRQHandler	8	static
../Core/Src/stm32f4xx_it.c:240:6:CAN1_SCE_IRQHandler	8	static
../Core/Src/stm32f4xx_it.c:254:6:TIM1_BRK_TIM9_IRQHandler	8	static
../Core/Src/stm32f4xx_it.c:268:6:TIM1_UP_TIM10_IRQHandler	8	static
../Core/Src/stm32f4xx_it.c:282:6:TIM1_TRG_COM_TIM11_IRQHandler	8	static
../Core/Src/stm32f4xx_it.c:296:6:TIM3_IRQHandler	8	static
../Core/Src/stm32f4xx_it.c:310:6:USART1_IRQHandler	8	static
../Core/Src/stm32f4xx_it.c:324:6:DMA2_Stream1_IRQHandler	8	static
../Core/Src/stm32f4xx_it.c:338:6:USART6_IRQHandler	8	static
