Archive member included to satisfy reference by file (symbol)

C:/AppData/STM32CubeIDE_2.0.0/STM32CubeIDE/plugins/com.st.stm32cube.ide.mcu.externaltools.gnu-tools-for-stm32.13.3.rel1.win32_1.0.100.202509120712/tools/bin/../lib/gcc/arm-none-eabi/13.3.1/../../../../arm-none-eabi/lib/thumb/v7e-m+fp/hard\libc_nano.a(libc_a-atoi.o)
                              ./HARDWARE/CAN/can_RxSolve.o (atoi)
C:/AppData/STM32CubeIDE_2.0.0/STM32CubeIDE/plugins/com.st.stm32cube.ide.mcu.externaltools.gnu-tools-for-stm32.13.3.rel1.win32_1.0.100.202509120712/tools/bin/../lib/gcc/arm-none-eabi/13.3.1/../../../../arm-none-eabi/lib/thumb/v7e-m+fp/hard\libc_nano.a(libc_a-exit.o)
                              C:/AppData/STM32CubeIDE_2.0.0/STM32CubeIDE/plugins/com.st.stm32cube.ide.mcu.externaltools.gnu-tools-for-stm32.13.3.rel1.win32_1.0.100.202509120712/tools/bin/../lib/gcc/arm-none-eabi/13.3.1/../../../../arm-none-eabi/lib/thumb/v7e-m+fp/hard/crt0.o (exit)
C:/AppData/STM32CubeIDE_2.0.0/STM32CubeIDE/plugins/com.st.stm32cube.ide.mcu.externaltools.gnu-tools-for-stm32.13.3.rel1.win32_1.0.100.202509120712/tools/bin/../lib/gcc/arm-none-eabi/13.3.1/../../../../arm-none-eabi/lib/thumb/v7e-m+fp/hard\libc_nano.a(libc_a-strtol.o)
                              C:/AppData/STM32CubeIDE_2.0.0/STM32CubeIDE/plugins/com.st.stm32cube.ide.mcu.externaltools.gnu-tools-for-stm32.13.3.rel1.win32_1.0.100.202509120712/tools/bin/../lib/gcc/arm-none-eabi/13.3.1/../../../../arm-none-eabi/lib/thumb/v7e-m+fp/hard\libc_nano.a(libc_a-atoi.o) (_strtol_r)
C:/AppData/STM32CubeIDE_2.0.0/STM32CubeIDE/plugins/com.st.stm32cube.ide.mcu.externaltools.gnu-tools-for-stm32.13.3.rel1.win32_1.0.100.202509120712/tools/bin/../lib/gcc/arm-none-eabi/13.3.1/../../../../arm-none-eabi/lib/thumb/v7e-m+fp/hard\libc_nano.a(libc_a-strtoul.o)
                              ./Task/Task1/Task.o (strtoul)
C:/AppData/STM32CubeIDE_2.0.0/STM32CubeIDE/plugins/com.st.stm32cube.ide.mcu.externaltools.gnu-tools-for-stm32.13.3.rel1.win32_1.0.100.202509120712/tools/bin/../lib/gcc/arm-none-eabi/13.3.1/../../../../arm-none-eabi/lib/thumb/v7e-m+fp/hard\libc_nano.a(libc_a-ctype_.o)
                              C:/AppData/STM32CubeIDE_2.0.0/STM32CubeIDE/plugins/com.st.stm32cube.ide.mcu.externaltools.gnu-tools-for-stm32.13.3.rel1.win32_1.0.100.202509120712/tools/bin/../lib/gcc/arm-none-eabi/13.3.1/../../../../arm-none-eabi/lib/thumb/v7e-m+fp/hard\libc_nano.a(libc_a-strtol.o) (_ctype_)
C:/AppData/STM32CubeIDE_2.0.0/STM32CubeIDE/plugins/com.st.stm32cube.ide.mcu.externaltools.gnu-tools-for-stm32.13.3.rel1.win32_1.0.100.202509120712/tools/bin/../lib/gcc/arm-none-eabi/13.3.1/../../../../arm-none-eabi/lib/thumb/v7e-m+fp/hard\libc_nano.a(libc_a-findfp.o)
                              C:/AppData/STM32CubeIDE_2.0.0/STM32CubeIDE/plugins/com.st.stm32cube.ide.mcu.externaltools.gnu-tools-for-stm32.13.3.rel1.win32_1.0.100.202509120712/tools/bin/../lib/gcc/arm-none-eabi/13.3.1/../../../../arm-none-eabi/lib/thumb/v7e-m+fp/hard\libc_nano.a(libc_a-exit.o) (__stdio_exit_handler)
C:/AppData/STM32CubeIDE_2.0.0/STM32CubeIDE/plugins/com.st.stm32cube.ide.mcu.externaltools.gnu-tools-for-stm32.13.3.rel1.win32_1.0.100.202509120712/tools/bin/../lib/gcc/arm-none-eabi/13.3.1/../../../../arm-none-eabi/lib/thumb/v7e-m+fp/hard\libc_nano.a(libc_a-fwalk.o)
                              C:/AppData/STM32CubeIDE_2.0.0/STM32CubeIDE/plugins/com.st.stm32cube.ide.mcu.externaltools.gnu-tools-for-stm32.13.3.rel1.win32_1.0.100.202509120712/tools/bin/../lib/gcc/arm-none-eabi/13.3.1/../../../../arm-none-eabi/lib/thumb/v7e-m+fp/hard\libc_nano.a(libc_a-findfp.o) (_fwalk_sglue)
C:/AppData/STM32CubeIDE_2.0.0/STM32CubeIDE/plugins/com.st.stm32cube.ide.mcu.externaltools.gnu-tools-for-stm32.13.3.rel1.win32_1.0.100.202509120712/tools/bin/../lib/gcc/arm-none-eabi/13.3.1/../../../../arm-none-eabi/lib/thumb/v7e-m+fp/hard\libc_nano.a(libc_a-sprintf.o)
                              ./Core/Src/main.o (sprintf)
C:/AppData/STM32CubeIDE_2.0.0/STM32CubeIDE/plugins/com.st.stm32cube.ide.mcu.externaltools.gnu-tools-for-stm32.13.3.rel1.win32_1.0.100.202509120712/tools/bin/../lib/gcc/arm-none-eabi/13.3.1/../../../../arm-none-eabi/lib/thumb/v7e-m+fp/hard\libc_nano.a(libc_a-stdio.o)
                              C:/AppData/STM32CubeIDE_2.0.0/STM32CubeIDE/plugins/com.st.stm32cube.ide.mcu.externaltools.gnu-tools-for-stm32.13.3.rel1.win32_1.0.100.202509120712/tools/bin/../lib/gcc/arm-none-eabi/13.3.1/../../../../arm-none-eabi/lib/thumb/v7e-m+fp/hard\libc_nano.a(libc_a-findfp.o) (__sread)
C:/AppData/STM32CubeIDE_2.0.0/STM32CubeIDE/plugins/com.st.stm32cube.ide.mcu.externaltools.gnu-tools-for-stm32.13.3.rel1.win32_1.0.100.202509120712/tools/bin/../lib/gcc/arm-none-eabi/13.3.1/../../../../arm-none-eabi/lib/thumb/v7e-m+fp/hard\libc_nano.a(libc_a-memset.o)
[...]
Memory Configuration

Name             Origin             Length             Attributes
CCMRAM           0x10000000         0x00010000         xrw
RAM              0x20000000         0x00020000         xrw
FLASH            0x08000000         0x00100000         xr
*default*        0x00000000         0xffffffff

Linker script and memory map

LOAD C:/AppData/STM32CubeIDE_2.0.0/STM32CubeIDE/plugins/com.st.stm32cube.ide.mcu.externaltools.gnu-tools-for-stm32.13.3.rel1.win32_1.0.100.202509120712/tools/bin/../lib/gcc/arm-none-eabi/13.3.1/thumb/v7e-m+fp/hard/crti.o
LOAD C:/AppData/STM32CubeIDE_2.0.0/STM32CubeIDE/plugins/com.st.stm32cube.ide.mcu.externaltools.gnu-tools-for-stm32.13.3.rel1.win32_1.0.100.202509120712/tools/bin/../lib/gcc/arm-none-eabi/13.3.1/thumb/v7e-m+fp/hard/crtbegin.o
LOAD C:/AppData/STM32CubeIDE_2.0.0/STM32CubeIDE/plugins/com.st.stm32cube.ide.mcu.externaltools.gnu-tools-for-stm32.13.3.rel1.win32_1.0.100.202509120712/tools/bin/../lib/gcc/arm-none-eabi/13.3.1/../../../../arm-none-eabi/lib/thumb/v7e-m+fp/hard/crt0.o
LOAD ./Core/Src/adc.o
LOAD ./Core/Src/can.o
LOAD ./Core/Src/dma.o
LOAD ./Core/Src/gpio.o
LOAD ./Core/Src/i2c.o
LOAD ./Core/Src/main.o
LOAD ./Core/Src/stm32f4xx_hal_msp.o
LOAD ./Core/Src/stm32f4xx_it.o
LOAD ./Core/Src/syscalls.o
LOAD ./Core/Src/sysmem.o
LOAD ./Core/Src/system_stm32f4xx.o
LOAD ./Core/Src/tim.o
LOAD ./Core/Src/usart.o
LOAD ./Core/Startup/startup_stm32f407igtx.o
LOAD ./Drivers/STM32F4xx_HAL_Driver/Src/stm32f4xx_hal.o
LOAD ./Drivers/STM32F4xx_HAL_Driver/Src/stm32f4xx_hal_adc.o
LOAD ./Drivers/STM32F4xx_HAL_Driver/Src/stm32f4xx_hal_adc_ex.o
LOAD ./Drivers/STM32F4xx_HAL_Driver/Src/stm32f4xx_hal_can.o
LOAD ./Drivers/STM32F4xx_HAL_Driver/Src/stm32f4xx_hal_cortex.o
LOAD ./Drivers/STM32F4xx_HAL_Driver/Src/stm32f4xx_hal_dma.o
LOAD ./Drivers/STM32F4xx_HAL_Driver/Src/stm32f4xx_hal_dma_ex.o
LOAD ./Drivers/STM32F4xx_HAL_Driver/Src/stm32f4xx_hal_exti.o
LOAD ./Drivers/STM32F4xx_HAL_Driver/Src/stm32f4xx_hal_flash.o
LOAD ./Drivers/STM32F4xx_HAL_Driver/Src/stm32f4xx_hal_flash_ex.o
LOAD ./Drivers/STM32F4xx_HAL_Driver/Src/stm32f4xx_hal_flash_ramfunc.o
LOAD ./Drivers/STM32F4xx_HAL_Driver/Src/stm32f4xx_hal_gpio.o
LOAD ./Drivers/STM32F4xx_HAL_Driver/Src/stm32f4xx_hal_i2c.o
LOAD ./Drivers/STM32F4xx_HAL_Driver/Src/stm32f4xx_hal_i2c_ex.o
LOAD ./Drivers/STM32F4xx_HAL_Driver/Src/stm32f4xx_hal_pwr.o
LOAD ./Drivers/STM32F4xx_HAL_Driver/Src/stm32f4xx_hal_pwr_ex.o
LOAD ./Drivers/STM32F4xx_HAL_Driver/Src/stm32f4xx_hal_rcc.o
LOAD ./Drivers/STM32F4xx_HAL_Driver/Src/stm32f4xx_hal_rcc_ex.o
LOAD ./Drivers/STM32F4xx_HAL_Driver/Src/stm32f4xx_hal_tim.o
LOAD ./Drivers/STM32F4xx_HAL_Driver/Src/stm32f4xx_hal_tim_ex.o
LOAD ./Drivers/STM32F4xx_HAL_Driver/Src/stm32f4xx_hal_uart.o
LOAD ./HARDWARE/CAN/can_RxSolve.o
LOAD ./HARDWARE/CAN/can_Tx.o
LOAD ./HARDWARE/CAN/can_cmd.o
LOAD ./HARDWARE/Command/Command.o
LOAD ./HARDWARE/Core_Board/BEEP/Beep.o
LOAD ./HARDWARE/Core_Board/KEY/KEY.o
LOAD ./HARDWARE/Core_Board/LED/LED.o
LOAD ./HARDWARE/Core_Board/RFID_RC522/RC522.o
LOAD ./HARDWARE/Delay/Delay.o
LOAD ./HARDWARE/Drive/Motor.o
LOAD ./HARDWARE/Drive/PID.o
LOAD ./HARDWARE/MyLib/Lib.o
LOAD ./HARDWARE/Task_Board/BEEP/Task_Beep.o
LOAD ./HARDWARE/Task_Board/Infrared/infrared.o
LOAD ./HARDWARE/Task_Board/Photoresistance/Photoresistance.o
LOAD ./HARDWARE/Task_Board/Ultrasonic/Ultrasonic.o
LOAD ./HARDWARE/Task_Board/Voice/Voice.o
LOAD ./HARDWARE/Task_Board/WheelLED/WheelLED.o
LOAD ./HARDWARE/Task_Board/bh1750/bh1750.o
LOAD ./HARDWARE/Time_Interrupt/Time_Interrupt.o
LOAD ./Task/Task1/Task.o
START GROUP
LOAD C:/AppData/STM32CubeIDE_2.0.0/STM32CubeIDE/plugins/com.st.stm32cube.ide.mcu.externaltools.gnu-tools-for-stm32.13.3.rel1.win32_1.0.100.202509120712/tools/bin/../lib/gcc/arm-none-eabi/13.3.1/../../../../arm-none-eabi/lib/thumb/v7e-m+fp/hard\libc_nano.a
LOAD C:/AppData/STM32CubeIDE_2.0.0/STM32CubeIDE/plugins/com.st.stm32cube.ide.mcu.externaltools.gnu-tools-for-stm32.13.3.rel1.win32_1.0.100.202509120712/tools/bin/../lib/gcc/arm-none-eabi/13.3.1/../../../../arm-none-eabi/lib/thumb/v7e-m+fp/hard\libm.a
END GROUP
START GROUP
LOAD C:/AppData/STM32CubeIDE_2.0.0/STM32CubeIDE/plugins/com.st.stm32cube.ide.mcu.externaltools.gnu-tools-for-stm32.13.3.rel1.win32_1.0.100.202509120712/tools/bin/../lib/gcc/arm-none-eabi/13.3.1/thumb/v7e-m+fp/hard\libgcc.a
LOAD C:/AppData/STM32CubeIDE_2.0.0/STM32CubeIDE/plugins/com.st.stm32cube.ide.mcu.externaltools.gnu-tools-for-stm32.13.3.rel1.win32_1.0.100.202509120712/tools/bin/../lib/gcc/arm-none-eabi/13.3.1/../../../../arm-none-eabi/lib/thumb/v7e-m+fp/hard\libc_nano.a
END GROUP
START GROUP
LOAD C:/AppData/STM32CubeIDE_2.0.0/STM32CubeIDE/plugins/com.st.stm32cube.ide.mcu.externaltools.gnu-tools-for-stm32.13.3.rel1.win32_1.0.100.202509120712/tools/bin/../lib/gcc/arm-none-eabi/13.3.1/thumb/v7e-m+fp/hard\libgcc.a
LOAD C:/AppData/STM32CubeIDE_2.0.0/STM32CubeIDE/plugins/com.st.stm32cube.ide.mcu.externaltools.gnu-tools-for-stm32.13.3.rel1.win32_1.0.100.202509120712/tools/bin/../lib/gcc/arm-none-eabi/13.3.1/../../../../arm-none-eabi/lib/thumb/v7e-m+fp/hard\libc_nano.a
LOAD C:/AppData/STM32CubeIDE_2.0.0/STM32CubeIDE/plugins/com.st.stm32cube.ide.mcu.externaltools.gnu-tools-for-stm32.13.3.rel1.win32_1.0.100.202509120712/tools/bin/../lib/gcc/arm-none-eabi/13.3.1/../../../../arm-none-eabi/lib/thumb/v7e-m+fp/hard\libnosys.a
END GROUP
START GROUP
LOAD C:/AppData/STM32CubeIDE_2.0.0/STM32CubeIDE/plugins/com.st.stm32cube.ide.mcu.externaltools.gnu-tools-for-stm32.13.3.rel1.win32_1.0.100.202509120712/tools/bin/../lib/gcc/arm-none-eabi/13.3.1/thumb/v7e-m+fp/hard\libgcc.a
LOAD C:/AppData/STM32CubeIDE_2.0.0/STM32CubeIDE/plugins/com.st.stm32cube.ide.mcu.externaltools.gnu-tools-for-stm32.13.3.rel1.win32_1.0.100.202509120712/tools/bin/../lib/gcc/arm-none-eabi/13.3.1/../../../../arm-none-eabi/lib/thumb/v7e-m+fp/hard\libc_nano.a
LOAD C:/AppData/STM32CubeIDE_2.0.0/STM32CubeIDE/plugins/com.st.stm32cube.ide.mcu.externaltools.gnu-tools-for-stm32.13.3.rel1.win32_1.0.100.202509120712/tools/bin/../lib/gcc/arm-none-eabi/13.3.1/../../../../arm-none-eabi/lib/thumb/v7e-m+fp/hard\libnosys.a
END GROUP
LOAD C:/AppData/STM32CubeIDE_2.0.0/STM32CubeIDE/plugins/com.st.stm32cube.ide.mcu.externaltools.gnu-tools-for-stm32.13.3.rel1.win32_1.0.100.202509120712/tools/bin/../lib/gcc/arm-none-eabi/13.3.1/thumb/v7e-m+fp/hard/crtend.o
LOAD C:/AppData/STM32CubeIDE_2.0.0/STM32CubeIDE/plugins/com.st.stm32cube.ide.mcu.externaltools.gnu-tools-for-stm32.13.3.rel1.win32_1.0.100.202509120712/tools/bin/../lib/gcc/arm-none-eabi/13.3.1/thumb/v7e-m+fp/hard/crtn.o
                0x20020000                        _estack = (ORIGIN (RAM) + LENGTH (RAM))
                0x00000400                        _Min_Heap_Size = 0x400
                0x00000800                        _Min_Stack_Size = 0x800

.isr_vector     0x08000000      0x188
                0x08000000                        . = ALIGN (0x4)
 *(.isr_vector)
 .isr_vector    0x08000000      0x188 ./Core/Startup/startup_stm32f407igtx.o
                0x08000000                g_pfnVectors
                0x08000188                        . = ALIGN (0x4)

.text           0x08000190     0x84d0
                0x08000190                        . = ALIGN (0x4)
 *(.text)
 .text          0x08000190       0x40 C:/AppData/STM32CubeIDE_2.0.0/STM32CubeIDE/plugins/com.st.stm32cube.ide.mcu.externaltools.gnu-tools-for-stm32.13.3.rel1.win32_1.0.100.202509120712/tools/bin/../lib/gcc/arm-none-eabi/13.3.1/thumb/v7e-m+fp/hard/crtbegin.o
 .text          0x080001d0       0x10 C:/AppData/STM32CubeIDE_2.0.0/STM32CubeIDE/plugins/com.st.stm32cube.ide.mcu.externaltools.gnu-tools-for-stm32.13.3.rel1.win32_1.0.100.202509120712/tools/bin/../lib/gcc/arm-none-eabi/13.3.1/../../../../arm-none-eabi/lib/thumb/v7e-m+fp/hard\libc_nano.a(libc_a-strlen.o)
                0x080001d0                strlen
 .text          0x080001e0       0xa0 C:/AppData/STM32CubeIDE_2.0.0/STM32CubeIDE/plugins/com.st.stm32cube.ide.mcu.externaltools.gnu-tools-for-stm32.13.3.rel1.win32_1.0.100.202509120712/tools/bin/../lib/gcc/arm-none-eabi/13.3.1/../../../../arm-none-eabi/lib/thumb/v7e-m+fp/hard\libc_nano.a(libc_a-memchr.o)
                0x080001e0                memchr
 .text          0x08000280      0x378 C:/AppData/STM32CubeIDE_2.0.0/STM32CubeIDE/plugins/com.st.stm32cube.ide.mcu.externaltools.gnu-tools-for-stm32.13.3.rel1.win32_1.0.100.202509120712/tools/bin/../lib/gcc/arm-none-eabi/13.3.1/thumb/v7e-m+fp/hard\libgcc.a(_arm_addsubdf3.o)
                0x08000280                __aeabi_drsub
                0x08000288                __aeabi_dsub
                0x08000288                __subdf3
                0x0800028c                __aeabi_dadd
                0x0800028c                __adddf3
                0x08000504                __floatunsidf
                0x08000504                __aeabi_ui2d
                0x08000524                __floatsidf
                0x08000524                __aeabi_i2d
                0x08000548                __aeabi_f2d
                0x08000548                __extendsfdf2
                0x0800058c                __floatundidf
                0x0800058c                __aeabi_ul2d
                0x0800059c                __floatdidf
                0x0800059c                __aeabi_l2d
 .text          0x080005f8      0x424 C:/AppData/STM32CubeIDE_2.0.0/STM32CubeIDE/plugins/com.st.stm32cube.ide.mcu.externaltools.gnu-tools-for-stm32.13.3.rel1.win32_1.0.100.202509120712/tools/bin/../lib/gcc/arm-none-eabi/13.3.1/thumb/v7e-m+fp/hard\libgcc.a(_arm_muldivdf3.o)
                0x080005f8                __aeabi_dmul
                0x080005f8                __muldf3
                0x0800084c                __divdf3
                0x0800084c                __aeabi_ddiv
 .text          0x08000a1c      0x110 C:/AppData/STM32CubeIDE_2.0.0/STM32CubeIDE/plugins/com.st.stm32cube.ide.mcu.externaltools.gnu-tools-for-stm32.13.3.rel1.win32_1.0.100.202509120712/tools/bin/../lib/gcc/arm-none-eabi/13.3.1/thumb/v7e-m+fp/hard\libgcc.a(_arm_cmpdf2.o)
                0x08000a1c                __gtdf2
                0x08000a1c                __gedf2
                0x08000a24                __ltdf2
                0x08000a24                __ledf2
                0x08000a2c                __nedf2
                0x08000a2c                __eqdf2
                0x08000a2c                __cmpdf2
                0x08000aa8                __aeabi_cdrcmple
                0x08000ab8                __aeabi_cdcmpeq
                0x08000ab8                __aeabi_cdcmple
                0x08000ac8                __aeabi_dcmpeq
                0x08000adc                __aeabi_dcmplt
                0x08000af0                __aeabi_dcmple
                0x08000b04                __aeabi_dcmpge
                0x08000b18                __aeabi_dcmpgt
 .text          0x08000b2c       0x50 C:/AppData/STM32CubeIDE_2.0.0/STM32CubeIDE/plugins/com.st.stm32cube.ide.mcu.externaltools.gnu-tools-for-stm32.13.3.rel1.win32_1.0.100.202509120712/tools/bin/../lib/gcc/arm-none-eabi/13.3.1/thumb/v7e-m+fp/hard\libgcc.a(_arm_fixdfsi.o)
                0x08000b2c                __aeabi_d2iz
                0x08000b2c                __fixdfsi
 .text          0x08000b7c       0x40 C:/AppData/STM32CubeIDE_2.0.0/STM32CubeIDE/plugins/com.st.stm32cube.ide.mcu.externaltools.gnu-tools-for-stm32.13.3.rel1.win32_1.0.100.202509120712/tools/bin/../lib/gcc/arm-none-eabi/13.3.1/thumb/v7e-m+fp/hard\libgcc.a(_arm_fixunsdfsi.o)
                0x08000b7c                __aeabi_d2uiz
                0x08000b7c                __fixunsdfsi
 .text          0x08000bbc       0xa0 C:/AppData/STM32CubeIDE_2.0.0/STM32CubeIDE/plugins/com.st.stm32cube.ide.mcu.externaltools.gnu-tools-for-stm32.13.3.rel1.win32_1.0.100.202509120712/tools/bin/../lib/gcc/arm-none-eabi/13.3.1/thumb/v7e-m+fp/hard\libgcc.a(_arm_truncdfsf2.o)
                0x08000bbc                __truncdfsf2
                0x08000bbc                __aeabi_d2f
 .text          0x08000c5c       0x30 C:/AppData/STM32CubeIDE_2.0.0/STM32CubeIDE/plugins/com.st.stm32cube.ide.mcu.externaltools.gnu-tools-for-stm32.13.3.rel1.win32_1.0.100.202509120712/tools/bin/../lib/gcc/arm-none-eabi/13.3.1/thumb/v7e-m+fp/hard\libgcc.a(_aeabi_uldivmod.o)
                0x08000c5c                __aeabi_uldivmod
 .text          0x08000c8c      0x2f8 C:/AppData/STM32CubeIDE_2.0.0/STM32CubeIDE/plugins/com.st.stm32cube.ide.mcu.externaltools.gnu-tools-for-stm32.13.3.rel1.win32_1.0.100.202509120712/tools/bin/../lib/gcc/arm-none-eabi/13.3.1/thumb/v7e-m+fp/hard\libgcc.a(_udivmoddi4.o)
                0x08000c8c                __udivmoddi4
 .text          0x08000f84        0x4 C:/AppData/STM32CubeIDE_2.0.0/STM32CubeIDE/plugins/com.st.stm32cube.ide.mcu.externaltools.gnu-tools-for-stm32.13.3.rel1.win32_1.0.100.202509120712/tools/bin/../lib/gcc/arm-none-eabi/13.3.1/thumb/v7e-m+fp/hard\libgcc.a(_dvmd_tls.o)
                0x08000f84                __aeabi_idiv0
                0x08000f84                __aeabi_ldiv0
 *(.text*)
 .text.Parameter_Init
                0x08000f88       0x20 ./Core/Src/adc.o
                0x08000f88                Parameter_Init
 .text.MX_ADC1_Init
                0x08000fa8       0x6c ./Core/Src/adc.o
                0x08000fa8                MX_ADC1_Init
 .text.HAL_ADC_MspInit
                0x08001014       0x74 ./Core/Src/adc.o
                0x08001014                HAL_ADC_MspInit
 .text.Smoothing_Filtering
                0x08001088       0x24 ./Core/Src/adc.o
                0x08001088                Smoothing_Filtering
 .text.Power_TxandStart
                0x080010ac      0x12c ./Core/Src/adc.o
                0x080010ac                Power_TxandStart
 .text.HAL_ADC_ConvCpltCallback
                0x080011d8       0x40 ./Core/Src/adc.o
                0x080011d8                HAL_ADC_ConvCpltCallback
 .text.Hard_Can_SpeedMode
                0x08001218       0x10 ./Core/Src/can.o
                0x08001218                Hard_Can_SpeedMode
 .text.MX_CAN1_Init
                0x08001228       0x48 ./Core/Src/can.o
                0x08001228                MX_CAN1_Init
 .text.HAL_CAN_MspInit
                0x08001270       0x8c ./Core/Src/can.o
                0x08001270                HAL_CAN_MspInit
 .text.Filter_Init
                0x080012fc       0x94 ./Core/Src/can.o
                0x080012fc                Filter_Init
 .text.MyCAN_Transmit
                0x08001390       0x3c ./Core/Src/can.o
                0x08001390                MyCAN_Transmit
 .text.HAL_CAN_RxFifo0MsgPendingCallback
                0x080013cc       0x28 ./Core/Src/can.o
                0x080013cc                HAL_CAN_RxFifo0MsgPendingCallback
 .text.MyCan_Init
                0x080013f4       0x34 ./Core/Src/can.o
                0x080013f4                MyCan_Init
 .text.MX_DMA_Init
                0x08001428       0x34 ./Core/Src/dma.o
                0x08001428                MX_DMA_Init
 .text.MX_GPIO_Init
                0x0800145c      0x1c0 ./Core/Src/gpio.o
                0x0800145c                MX_GPIO_Init
 .text.MX_I2C1_Init
                0x0800161c       0x40 ./Core/Src/i2c.o
                0x0800161c                MX_I2C1_Init
 .text.HAL_I2C_MspInit
                0x0800165c       0x6c ./Core/Src/i2c.o
                0x0800165c                HAL_I2C_MspInit
 .text.Hardware_Init
                0x080016c8       0x2e ./Core/Src/main.o
                0x080016c8                Hardware_Init
 *fill*         0x080016f6        0x2 
 .text.SystemClock_Config
                0x080016f8       0xa4 ./Core/Src/main.o
                0x080016f8                SystemClock_Config
 .text.startup.main
                0x0800179c      0x174 ./Core/Src/main.o
                0x0800179c                main
 .text.Error_Handler
                0x08001910        0x4 ./Core/Src/main.o
                0x08001910                Error_Handler
 .text.HAL_MspInit
                0x08001914       0x38 ./Core/Src/stm32f4xx_hal_msp.o
                0x08001914                HAL_MspInit
 .text.NMI_Handler
                0x0800194c        0x2 ./Core/Src/stm32f4xx_it.o
                0x0800194c                NMI_Handler
 .text.HardFault_Handler
                0x0800194e        0x2 ./Core/Src/stm32f4xx_it.o
                0x0800194e                HardFault_Handler
 .text.MemManage_Handler
                0x08001950        0x2 ./Core/Src/stm32f4xx_it.o
                0x08001950                MemManage_Handler
 .text.BusFault_Handler
                0x08001952        0x2 ./Core/Src/stm32f4xx_it.o
                0x08001952                BusFault_Handler
 .text.UsageFault_Handler
                0x08001954        0x2 ./Core/Src/stm32f4xx_it.o
                0x08001954                UsageFault_Handler
 .text.SVC_Handler
                0x08001956        0x2 ./Core/Src/stm32f4xx_it.o
                0x08001956                SVC_Handler
 .text.DebugMon_Handler
                0x08001958        0x2 ./Core/Src/stm32f4xx_it.o
                0x08001958                DebugMon_Handler
 .text.PendSV_Handler
                0x0800195a        0x2 ./Core/Src/stm32f4xx_it.o
                0x0800195a                PendSV_Handler
 .text.SysTick_Handler
                0x0800195c        0x4 ./Core/Src/stm32f4xx_it.o
                0x0800195c                SysTick_Handler
 .text.ADC_IRQHandler
                0x08001960        0xc ./Core/Src/stm32f4xx_it.o
                0x08001960                ADC_IRQHandler
 .text.CAN1_RX0_IRQHandler
                0x0800196c        0xc ./Core/Src/stm32f4xx_it.o
                0x0800196c                CAN1_RX0_IRQHandler
 .text.CAN1_SCE_IRQHandler
                0x08001978        0x4 ./Core/Src/stm32f4xx_it.o
                0x08001978                CAN1_SCE_IRQHandler
 .text.TIM1_BRK_TIM9_IRQHandler
                0x0800197c        0xc ./Core/Src/stm32f4xx_it.o
                0x0800197c                TIM1_BRK_TIM9_IRQHandler
 .text.TIM1_UP_TIM10_IRQHandler
                0x08001988        0xc ./Core/Src/stm32f4xx_it.o
                0x08001988                TIM1_UP_TIM10_IRQHandler
 .text.TIM1_TRG_COM_TIM11_IRQHandler
                0x08001994        0xc ./Core/Src/stm32f4xx_it.o
                0x08001994                TIM1_TRG_COM_TIM11_IRQHandler
 .text.TIM3_IRQHandler
                0x080019a0        0xc ./Core/Src/stm32f4xx_it.o
                0x080019a0                TIM3_IRQHandler
 .text.USART1_IRQHandler
                0x080019ac        0xc ./Core/Src/stm32f4xx_it.o
                0x080019ac                USART1_IRQHandler
 .text.DMA2_Stream1_IRQHandler
                0x080019b8        0xc ./Core/Src/stm32f4xx_it.o
                0x080019b8                DMA2_Stream1_IRQHandler
 .text.USART6_IRQHandler
                0x080019c4        0xc ./Core/Src/stm32f4xx_it.o
                0x080019c4                USART6_IRQHandler
 .text._sbrk    0x080019d0       0x40 ./Core/Src/sysmem.o
                0x080019d0                _sbrk
 .text.SystemInit
                0x08001a10       0x14 ./Core/Src/system_stm32f4xx.o
                0x08001a10                SystemInit
 .text.MX_TIM3_Init
                0x08001a24       0xb0 ./Core/Src/tim.o
                0x08001a24                MX_TIM3_Init
 .text.MX_TIM9_Init
                0x08001ad4       0x50 ./Core/Src/tim.o
                0x08001ad4                MX_TIM9_Init
 .text.MX_TIM10_Init
                0x08001b24       0x34 ./Core/Src/tim.o
                0x08001b24                MX_TIM10_Init
 .text.MX_TIM11_Init
                0x08001b58       0x34 ./Core/Src/tim.o
                0x08001b58                MX_TIM11_Init
 .text.HAL_TIM_Base_MspInit
                0x08001b8c      0x104 ./Core/Src/tim.o
                0x08001b8c                HAL_TIM_Base_MspInit
 .text.MX_USART1_UART_Init
                0x08001c90       0x38 ./Core/Src/usart.o
                0x08001c90                MX_USART1_UART_Init
 .text.MX_USART6_UART_Init
                0x08001cc8       0x38 ./Core/Src/usart.o
                0x08001cc8                MX_USART6_UART_Init
 .text.HAL_UART_MspInit
                0x08001d00      0x118 ./Core/Src/usart.o
                0x08001d00                HAL_UART_MspInit
 .text.Reset_Handler
                0x08001e18       0x50 ./Core/Startup/startup_stm32f407igtx.o
                0x08001e18                Reset_Handler
 .text.Default_Handler
                0x08001e68        0x2 ./Core/Startup/startup_stm32f407igtx.o
                0x08001e68                RTC_Alarm_IRQHandler
                0x08001e68                HASH_RNG_IRQHandler
                0x08001e68                EXTI2_IRQHandler
                0x08001e68                TIM8_CC_IRQHandler
                0x08001e68                TIM1_CC_IRQHandler
                0x08001e68                DMA2_Stream5_IRQHandler
                0x08001e68                DMA1_Stream5_IRQHandler
                0x08001e68                PVD_IRQHandler
                0x08001e68                SDIO_IRQHandler
                0x08001e68                TAMP_STAMP_IRQHandler
                0x08001e68                CAN2_RX1_IRQHandler
                0x08001e68                EXTI3_IRQHandler
                0x08001e68                TIM8_TRG_COM_TIM14_IRQHandler
                0x08001e68                TIM8_UP_TIM13_IRQHandler
                0x08001e68                I2C3_ER_IRQHandler
                0x08001e68                EXTI0_IRQHandler
                0x08001e68                I2C2_EV_IRQHandler
                0x08001e68                DMA1_Stream2_IRQHandler
                0x08001e68                FPU_IRQHandler
                0x08001e68                OTG_HS_WKUP_IRQHandler
                0x08001e68                CAN2_SCE_IRQHandler
                0x08001e68                DMA2_Stream2_IRQHandler
                0x08001e68                SPI1_IRQHandler
                0x08001e68                TIM6_DAC_IRQHandler
                0x08001e68                DCMI_IRQHandler
                0x08001e68                CAN2_RX0_IRQHandler
                0x08001e68                DMA2_Stream3_IRQHandler
                0x08001e68                USART3_IRQHandler
                0x08001e68                CAN1_RX1_IRQHandler
                0x08001e68                UART5_IRQHandler
                0x08001e68                DMA2_Stream0_IRQHandler
                0x08001e68                TIM4_IRQHandler
                0x08001e68                I2C1_EV_IRQHandler
                0x08001e68                DMA1_Stream6_IRQHandler
                0x08001e68                DMA1_Stream1_IRQHandler
                0x08001e68                UART4_IRQHandler
                0x08001e68                RCC_IRQHandler
                0x08001e68                TIM8_BRK_TIM12_IRQHandler
                0x08001e68                Default_Handler
                0x08001e68                EXTI15_10_IRQHandler
                0x08001e68                DMA1_Stream7_IRQHandler
                0x08001e68                TIM7_IRQHandler
                0x08001e68                CAN2_TX_IRQHandler
                0x08001e68                TIM5_IRQHandler
                0x08001e68                DMA2_Stream7_IRQHandler
                0x08001e68                I2C3_EV_IRQHandler
                0x08001e68                EXTI9_5_IRQHandler
                0x08001e68                RTC_WKUP_IRQHandler
                0x08001e68                ETH_WKUP_IRQHandler
                0x08001e68                SPI2_IRQHandler
                0x08001e68                OTG_HS_EP1_IN_IRQHandler
                0x08001e68                DMA1_Stream0_IRQHandler
                0x08001e68                CAN1_TX_IRQHandler
                0x08001e68                EXTI4_IRQHandler
                0x08001e68                FSMC_IRQHandler
                0x08001e68                ETH_IRQHandler
                0x08001e68                OTG_HS_EP1_OUT_IRQHandler
                0x08001e68                WWDG_IRQHandler
                0x08001e68                TIM2_IRQHandler
                0x08001e68                OTG_FS_WKUP_IRQHandler
                0x08001e68                OTG_HS_IRQHandler
                0x08001e68                EXTI1_IRQHandler
                0x08001e68                USART2_IRQHandler
                0x08001e68                I2C2_ER_IRQHandler
                0x08001e68                FLASH_IRQHandler
                0x08001e68                DMA2_Stream4_IRQHandler
                0x08001e68                OTG_FS_IRQHandler
                0x08001e68                SPI3_IRQHandler
                0x08001e68                DMA1_Stream4_IRQHandler
                0x08001e68                I2C1_ER_IRQHandler
                0x08001e68                DMA2_Stream6_IRQHandler
                0x08001e68                DMA1_Stream3_IRQHandler
 *fill*         0x08001e6a        0x2 
 .text.HAL_InitTick
                0x08001e6c       0x48 ./Drivers/STM32F4xx_HAL_Driver/Src/stm32f4xx_hal.o
                0x08001e6c                HAL_InitTick
 .text.HAL_Init
                0x08001eb4       0x34 ./Drivers/STM32F4xx_HAL_Driver/Src/stm32f4xx_hal.o
                0x08001eb4                HAL_Init
 .text.HAL_IncTick
                0x08001ee8       0x18 ./Drivers/STM32F4xx_HAL_Driver/Src/stm32f4xx_hal.o
                0x08001ee8                HAL_IncTick
 .text.HAL_GetTick
                0x08001f00        0xc ./Drivers/STM32F4xx_HAL_Driver/Src/stm32f4xx_hal.o
                0x08001f00                HAL_GetTick
 .text.HAL_Delay
                0x08001f0c       0x28 ./Drivers/STM32F4xx_HAL_Driver/Src/stm32f4xx_hal.o
                0x08001f0c                HAL_Delay
 .text.HAL_ADC_Init
                0x08001f34      0x14c ./Drivers/STM32F4xx_HAL_Driver/Src/stm32f4xx_hal_adc.o
                0x08001f34                HAL_ADC_Init
 .text.HAL_ADC_Start_IT
                0x08002080      0x108 ./Drivers/STM32F4xx_HAL_Driver/Src/stm32f4xx_hal_adc.o
                0x08002080                HAL_ADC_Start_IT
 .text.HAL_ADC_GetValue
                0x08002188        0x6 ./Drivers/STM32F4xx_HAL_Driver/Src/stm32f4xx_hal_adc.o
                0x08002188                HAL_ADC_GetValue
 .text.HAL_ADC_LevelOutOfWindowCallback
                0x0800218e        0x2 ./Drivers/STM32F4xx_HAL_Driver/Src/stm32f4xx_hal_adc.o
                0x0800218e                HAL_ADC_LevelOutOfWindowCallback
 .text.HAL_ADC_ErrorCallback
                0x08002190        0x2 ./Drivers/STM32F4xx_HAL_Driver/Src/stm32f4xx_hal_adc.o
                0x08002190                HAL_ADC_ErrorCallback
 .text.HAL_ADC_IRQHandler
                0x08002192      0x11c ./Drivers/STM32F4xx_HAL_Driver/Src/stm32f4xx_hal_adc.o
                0x08002192                HAL_ADC_IRQHandler
 *fill*         0x080022ae        0x2 
 .text.HAL_ADC_ConfigChannel
                0x080022b0      0x120 ./Drivers/STM32F4xx_HAL_Driver/Src/stm32f4xx_hal_adc.o
                0x080022b0                HAL_ADC_ConfigChannel
 .text.HAL_ADCEx_InjectedConvCpltCallback
                0x080023d0        0x2 ./Drivers/STM32F4xx_HAL_Driver/Src/stm32f4xx_hal_adc_ex.o
                0x080023d0                HAL_ADCEx_InjectedConvCpltCallback
 .text.HAL_CAN_Init
                0x080023d2       0xf6 ./Drivers/STM32F4xx_HAL_Driver/Src/stm32f4xx_hal_can.o
                0x080023d2                HAL_CAN_Init
 .text.HAL_CAN_ConfigFilter
                0x080024c8      0x10c ./Drivers/STM32F4xx_HAL_Driver/Src/stm32f4xx_hal_can.o
                0x080024c8                HAL_CAN_ConfigFilter
 .text.HAL_CAN_Start
                0x080025d4       0x56 ./Drivers/STM32F4xx_HAL_Driver/Src/stm32f4xx_hal_can.o
                0x080025d4                HAL_CAN_Start
 .text.HAL_CAN_AddTxMessage
                0x0800262a       0x96 ./Drivers/STM32F4xx_HAL_Driver/Src/stm32f4xx_hal_can.o
                0x0800262a                HAL_CAN_AddTxMessage
 .text.HAL_CAN_GetTxMailboxesFreeLevel
                0x080026c0       0x28 ./Drivers/STM32F4xx_HAL_Driver/Src/stm32f4xx_hal_can.o
                0x080026c0                HAL_CAN_GetTxMailboxesFreeLevel
 .text.HAL_CAN_GetRxMessage
                0x080026e8       0xf8 ./Drivers/STM32F4xx_HAL_Driver/Src/stm32f4xx_hal_can.o
                0x080026e8                HAL_CAN_GetRxMessage
 .text.HAL_CAN_TxMailbox0CompleteCallback
                0x080027e0        0x2 ./Drivers/STM32F4xx_HAL_Driver/Src/stm32f4xx_hal_can.o
                0x080027e0                HAL_CAN_TxMailbox0CompleteCallback
 .text.HAL_CAN_TxMailbox1CompleteCallback
                0x080027e2        0x2 ./Drivers/STM32F4xx_HAL_Driver/Src/stm32f4xx_hal_can.o
                0x080027e2                HAL_CAN_TxMailbox1CompleteCallback
 .text.HAL_CAN_TxMailbox2CompleteCallback
                0x080027e4        0x2 ./Drivers/STM32F4xx_HAL_Driver/Src/stm32f4xx_hal_can.o
                0x080027e4                HAL_CAN_TxMailbox2CompleteCallback
 .text.HAL_CAN_TxMailbox0AbortCallback
                0x080027e6        0x2 ./Drivers/STM32F4xx_HAL_Driver/Src/stm32f4xx_hal_can.o
                0x080027e6                HAL_CAN_TxMailbox0AbortCallback
 .text.HAL_CAN_TxMailbox1AbortCallback
                0x080027e8        0x2 ./Drivers/STM32F4xx_HAL_Driver/Src/stm32f4xx_hal_can.o
                0x080027e8                HAL_CAN_TxMailbox1AbortCallback
 .text.HAL_CAN_TxMailbox2AbortCallback
                0x080027ea        0x2 ./Drivers/STM32F4xx_HAL_Driver/Src/stm32f4xx_hal_can.o
                0x080027ea                HAL_CAN_TxMailbox2AbortCallback
 .text.HAL_CAN_RxFifo0FullCallback
                0x080027ec        0x2 ./Drivers/STM32F4xx_HAL_Driver/Src/stm32f4xx_hal_can.o
                0x080027ec                HAL_CAN_RxFifo0FullCallback
 .text.HAL_CAN_RxFifo1MsgPendingCallback
                0x080027ee        0x2 ./Drivers/STM32F4xx_HAL_Driver/Src/stm32f4xx_hal_can.o
                0x080027ee                HAL_CAN_RxFifo1MsgPendingCallback
 .text.HAL_CAN_RxFifo1FullCallback
                0x080027f0        0x2 ./Drivers/STM32F4xx_HAL_Driver/Src/stm32f4xx_hal_can.o
                0x080027f0                HAL_CAN_RxFifo1FullCallback
 .text.HAL_CAN_SleepCallback
                0x080027f2        0x2 ./Drivers/STM32F4xx_HAL_Driver/Src/stm32f4xx_hal_can.o
                0x080027f2                HAL_CAN_SleepCallback
 .text.HAL_CAN_WakeUpFromRxMsgCallback
                0x080027f4        0x2 ./Drivers/STM32F4xx_HAL_Driver/Src/stm32f4xx_hal_can.o
                0x080027f4                HAL_CAN_WakeUpFromRxMsgCallback
 .text.HAL_CAN_ErrorCallback
                0x080027f6        0x2 ./Drivers/STM32F4xx_HAL_Driver/Src/stm32f4xx_hal_can.o
                0x080027f6                HAL_CAN_ErrorCallback
 .text.HAL_CAN_IRQHandler
                0x080027f8      0x208 ./Drivers/STM32F4xx_HAL_Driver/Src/stm32f4xx_hal_can.o
                0x080027f8                HAL_CAN_IRQHandler
 .text.HAL_NVIC_SetPriorityGrouping
                0x08002a00       0x24 ./Drivers/STM32F4xx_HAL_Driver/Src/stm32f4xx_hal_cortex.o
                0x08002a00                HAL_NVIC_SetPriorityGrouping
 .text.HAL_NVIC_SetPriority
                0x08002a24       0x64 ./Drivers/STM32F4xx_HAL_Driver/Src/stm32f4xx_hal_cortex.o
                0x08002a24                HAL_NVIC_SetPriority
 .text.HAL_NVIC_EnableIRQ
                0x08002a88       0x1c ./Drivers/STM32F4xx_HAL_Driver/Src/stm32f4xx_hal_cortex.o
                0x08002a88                HAL_NVIC_EnableIRQ
 .text.HAL_SYSTICK_Config
                0x08002aa4       0x28 ./Drivers/STM32F4xx_HAL_Driver/Src/stm32f4xx_hal_cortex.o
                0x08002aa4                HAL_SYSTICK_Config
 .text.DMA_CalcBaseAndBitshift
                0x08002acc       0x2c ./Drivers/STM32F4xx_HAL_Driver/Src/stm32f4xx_hal_dma.o
 .text.HAL_DMA_Init
                0x08002af8       0xfc ./Drivers/STM32F4xx_HAL_Driver/Src/stm32f4xx_hal_dma.o
                0x08002af8                HAL_DMA_Init
 .text.HAL_DMA_Start_IT
                0x08002bf4       0x72 ./Drivers/STM32F4xx_HAL_Driver/Src/stm32f4xx_hal_dma.o
                0x08002bf4                HAL_DMA_Start_IT
 .text.HAL_DMA_Abort
                0x08002c66       0x7c ./Drivers/STM32F4xx_HAL_Driver/Src/stm32f4xx_hal_dma.o
                0x08002c66                HAL_DMA_Abort
 .text.HAL_DMA_Abort_IT
                0x08002ce2       0x24 ./Drivers/STM32F4xx_HAL_Driver/Src/stm32f4xx_hal_dma.o
                0x08002ce2                HAL_DMA_Abort_IT
 *fill*         0x08002d06        0x2 
 .text.HAL_DMA_IRQHandler
                0x08002d08      0x17c ./Drivers/STM32F4xx_HAL_Driver/Src/stm32f4xx_hal_dma.o
                0x08002d08                HAL_DMA_IRQHandler
 .text.HAL_GPIO_Init
                0x08002e84      0x1b0 ./Drivers/STM32F4xx_HAL_Driver/Src/stm32f4xx_hal_gpio.o
                0x08002e84                HAL_GPIO_Init
 .text.HAL_GPIO_ReadPin
                0x08003034        0xc ./Drivers/STM32F4xx_HAL_Driver/Src/stm32f4xx_hal_gpio.o
                0x08003034                HAL_GPIO_ReadPin
 .text.HAL_GPIO_WritePin
                0x08003040        0xa ./Drivers/STM32F4xx_HAL_Driver/Src/stm32f4xx_hal_gpio.o
                0x08003040                HAL_GPIO_WritePin
 .text.HAL_GPIO_TogglePin
                0x0800304a       0x12 ./Drivers/STM32F4xx_HAL_Driver/Src/stm32f4xx_hal_gpio.o
                0x0800304a                HAL_GPIO_TogglePin
 .text.I2C_IsAcknowledgeFailed
                0x0800305c       0x34 ./Drivers/STM32F4xx_HAL_Driver/Src/stm32f4xx_hal_i2c.o
 .text.I2C_WaitOnFlagUntilTimeout
                0x08003090       0x80 ./Drivers/STM32F4xx_HAL_Driver/Src/stm32f4xx_hal_i2c.o
 .text.I2C_WaitOnMasterAddressFlagUntilTimeout
                0x08003110       0x84 ./Drivers/STM32F4xx_HAL_Driver/Src/stm32f4xx_hal_i2c.o
 .text.I2C_WaitOnTXEFlagUntilTimeout
                0x08003194       0x54 ./Drivers/STM32F4xx_HAL_Driver/Src/stm32f4xx_hal_i2c.o
 .text.I2C_WaitOnBTFFlagUntilTimeout
                0x080031e8       0x54 ./Drivers/STM32F4xx_HAL_Driver/Src/stm32f4xx_hal_i2c.o
 .text.I2C_WaitOnRXNEFlagUntilTimeout
                0x0800323c       0x66 ./Drivers/STM32F4xx_HAL_Driver/Src/stm32f4xx_hal_i2c.o
 *fill*         0x080032a2        0x2 
 .text.HAL_I2C_Init
                0x080032a4      0x150 ./Drivers/STM32F4xx_HAL_Driver/Src/stm32f4xx_hal_i2c.o
                0x080032a4                HAL_I2C_Init
 .text.HAL_I2C_Master_Transmit
                0x080033f4      0x1b4 ./Drivers/STM32F4xx_HAL_Driver/Src/stm32f4xx_hal_i2c.o
                0x080033f4                HAL_I2C_Master_Transmit
 .text.HAL_I2C_Master_Receive
                0x080035a8      0x2f4 ./Drivers/STM32F4xx_HAL_Driver/Src/stm32f4xx_hal_i2c.o
                0x080035a8                HAL_I2C_Master_Receive
 .text.HAL_RCC_OscConfig
                0x0800389c      0x35c ./Drivers/STM32F4xx_HAL_Driver/Src/stm32f4xx_hal_rcc.o
                0x0800389c                HAL_RCC_OscConfig
 .text.HAL_RCC_GetSysClockFreq
                0x08003bf8       0x5c ./Drivers/STM32F4xx_HAL_Driver/Src/stm32f4xx_hal_rcc.o
                0x08003bf8                HAL_RCC_GetSysClockFreq
 .text.HAL_RCC_ClockConfig
                0x08003c54      0x134 ./Drivers/STM32F4xx_HAL_Driver/Src/stm32f4xx_hal_rcc.o
                0x08003c54                HAL_RCC_ClockConfig
 .text.HAL_RCC_GetPCLK1Freq
                0x08003d88       0x20 ./Drivers/STM32F4xx_HAL_Driver/Src/stm32f4xx_hal_rcc.o
                0x08003d88                HAL_RCC_GetPCLK1Freq
 .text.HAL_RCC_GetPCLK2Freq
                0x08003da8       0x20 ./Drivers/STM32F4xx_HAL_Driver/Src/stm32f4xx_hal_rcc.o
                0x08003da8                HAL_RCC_GetPCLK2Freq
 .text.HAL_TIM_Base_Start
                0x08003dc8       0x6c ./Drivers/STM32F4xx_HAL_Driver/Src/stm32f4xx_hal_tim.o
                0x08003dc8                HAL_TIM_Base_Start
 .text.HAL_TIM_Base_Stop
                0x08003e34       0x28 ./Drivers/STM32F4xx_HAL_Driver/Src/stm32f4xx_hal_tim.o
                0x08003e34                HAL_TIM_Base_Stop
 .text.HAL_TIM_Base_Start_IT
                0x08003e5c       0x74 ./Drivers/STM32F4xx_HAL_Driver/Src/stm32f4xx_hal_tim.o
                0x08003e5c                HAL_TIM_Base_Start_IT
 .text.HAL_TIM_IC_MspInit
                0x08003ed0        0x2 ./Drivers/STM32F4xx_HAL_Driver/Src/stm32f4xx_hal_tim.o
                0x08003ed0                HAL_TIM_IC_MspInit
 .text.HAL_TIM_ReadCapturedValue
                0x08003ed2       0x2c ./Drivers/STM32F4xx_HAL_Driver/Src/stm32f4xx_hal_tim.o
                0x08003ed2                HAL_TIM_ReadCapturedValue
 .text.HAL_TIM_OC_DelayElapsedCallback
                0x08003efe        0x2 ./Drivers/STM32F4xx_HAL_Driver/Src/stm32f4xx_hal_tim.o
                0x08003efe                HAL_TIM_OC_DelayElapsedCallback
 .text.HAL_TIM_PWM_PulseFinishedCallback
                0x08003f00        0x2 ./Drivers/STM32F4xx_HAL_Driver/Src/stm32f4xx_hal_tim.o
                0x08003f00                HAL_TIM_PWM_PulseFinishedCallback
 .text.HAL_TIM_TriggerCallback
                0x08003f02        0x2 ./Drivers/STM32F4xx_HAL_Driver/Src/stm32f4xx_hal_tim.o
                0x08003f02                HAL_TIM_TriggerCallback
 .text.HAL_TIM_IRQHandler
                0x08003f04      0x128 ./Drivers/STM32F4xx_HAL_Driver/Src/stm32f4xx_hal_tim.o
                0x08003f04                HAL_TIM_IRQHandler
 .text.TIM_Base_SetConfig
                0x0800402c       0xa8 ./Drivers/STM32F4xx_HAL_Driver/Src/stm32f4xx_hal_tim.o
                0x0800402c                TIM_Base_SetConfig
 .text.HAL_TIM_Base_Init
                0x080040d4       0x58 ./Drivers/STM32F4xx_HAL_Driver/Src/stm32f4xx_hal_tim.o
                0x080040d4                HAL_TIM_Base_Init
 .text.HAL_TIM_IC_Init
                0x0800412c       0x58 ./Drivers/STM32F4xx_HAL_Driver/Src/stm32f4xx_hal_tim.o
                0x0800412c                HAL_TIM_IC_Init
 .text.TIM_TI1_SetConfig
                0x08004184       0x70 ./Drivers/STM32F4xx_HAL_Driver/Src/stm32f4xx_hal_tim.o
                0x08004184                TIM_TI1_SetConfig
 .text.HAL_TIM_IC_ConfigChannel
                0x080041f4      0x118 ./Drivers/STM32F4xx_HAL_Driver/Src/stm32f4xx_hal_tim.o
                0x080041f4                HAL_TIM_IC_ConfigChannel
 .text.TIM_ETR_SetConfig
                0x0800430c       0x14 ./Drivers/STM32F4xx_HAL_Driver/Src/stm32f4xx_hal_tim.o
                0x0800430c                TIM_ETR_SetConfig
 .text.HAL_TIM_ConfigClockSource
                0x08004320      0x132 ./Drivers/STM32F4xx_HAL_Driver/Src/stm32f4xx_hal_tim.o
                0x08004320                HAL_TIM_ConfigClockSource
 .text.TIM_CCxChannelCmd
                0x08004452       0x1c ./Drivers/STM32F4xx_HAL_Driver/Src/stm32f4xx_hal_tim.o
                0x08004452                TIM_CCxChannelCmd
 *fill*         0x0800446e        0x2 
 .text.HAL_TIM_IC_Start
                0x08004470       0xe0 ./Drivers/STM32F4xx_HAL_Driver/Src/stm32f4xx_hal_tim.o
                0x08004470                HAL_TIM_IC_Start
 .text.HAL_TIM_IC_Stop
                0x08004550       0x5e ./Drivers/STM32F4xx_HAL_Driver/Src/stm32f4xx_hal_tim.o
                0x08004550                HAL_TIM_IC_Stop
 *fill*         0x080045ae        0x2 
 .text.HAL_TIM_IC_Start_IT
                0x080045b0      0x104 ./Drivers/STM32F4xx_HAL_Driver/Src/stm32f4xx_hal_tim.o
                0x080045b0                HAL_TIM_IC_Start_IT
 .text.HAL_TIM_IC_Stop_IT
                0x080046b4       0x9c ./Drivers/STM32F4xx_HAL_Driver/Src/stm32f4xx_hal_tim.o
                0x080046b4                HAL_TIM_IC_Stop_IT
 .text.HAL_TIMEx_MasterConfigSynchronization
                0x08004750       0x7c ./Drivers/STM32F4xx_HAL_Driver/Src/stm32f4xx_hal_tim_ex.o
                0x08004750                HAL_TIMEx_MasterConfigSynchronization
 .text.HAL_TIMEx_CommutCallback
                0x080047cc        0x2 ./Drivers/STM32F4xx_HAL_Driver/Src/stm32f4xx_hal_tim_ex.o
                0x080047cc                HAL_TIMEx_CommutCallback
 .text.HAL_TIMEx_BreakCallback
                0x080047ce        0x2 ./Drivers/STM32F4xx_HAL_Driver/Src/stm32f4xx_hal_tim_ex.o
                0x080047ce                HAL_TIMEx_BreakCallback
 .text.UART_EndRxTransfer
                0x080047d0       0x5c ./Drivers/STM32F4xx_HAL_Driver/Src/stm32f4xx_hal_uart.o
 .text.UART_SetConfig
                0x0800482c       0xbc ./Drivers/STM32F4xx_HAL_Driver/Src/stm32f4xx_hal_uart.o
 .text.UART_WaitOnFlagUntilTimeout.constprop.0
                0x080048e8       0x64 ./Drivers/STM32F4xx_HAL_Driver/Src/stm32f4xx_hal_uart.o
 .text.HAL_UART_Init
                0x0800494c       0x5e ./Drivers/STM32F4xx_HAL_Driver/Src/stm32f4xx_hal_uart.o
                0x0800494c                HAL_UART_Init
 .text.HAL_UART_Transmit
                0x080049aa       0x9c ./Drivers/STM32F4xx_HAL_Driver/Src/stm32f4xx_hal_uart.o
                0x080049aa                HAL_UART_Transmit
 .text.HAL_UART_Receive
                0x08004a46       0xae ./Drivers/STM32F4xx_HAL_Driver/Src/stm32f4xx_hal_uart.o
                0x08004a46                HAL_UART_Receive
 .text.HAL_UART_TxCpltCallback
                0x08004af4        0x2 ./Drivers/STM32F4xx_HAL_Driver/Src/stm32f4xx_hal_uart.o
                0x08004af4                HAL_UART_TxCpltCallback
 .text.HAL_UART_RxHalfCpltCallback
                0x08004af6        0x2 ./Drivers/STM32F4xx_HAL_Driver/Src/stm32f4xx_hal_uart.o
                0x08004af6                HAL_UART_RxHalfCpltCallback
 .text.HAL_UART_ErrorCallback
                0x08004af8        0x2 ./Drivers/STM32F4xx_HAL_Driver/Src/stm32f4xx_hal_uart.o
                0x08004af8                HAL_UART_ErrorCallback
 .text.UART_DMAError
                0x08004afa       0x5a ./Drivers/STM32F4xx_HAL_Driver/Src/stm32f4xx_hal_uart.o
 .text.UART_DMAAbortOnError
                0x08004b54        0xe ./Drivers/STM32F4xx_HAL_Driver/Src/stm32f4xx_hal_uart.o
 .text.HAL_UARTEx_RxEventCallback
                0x08004b62        0x2 ./Drivers/STM32F4xx_HAL_Driver/Src/stm32f4xx_hal_uart.o
                0x08004b62                HAL_UARTEx_RxEventCallback
 .text.UART_DMARxHalfCplt
                0x08004b64       0x1e ./Drivers/STM32F4xx_HAL_Driver/Src/stm32f4xx_hal_uart.o
 .text.UART_DMAReceiveCplt
                0x08004b82       0x98 ./Drivers/STM32F4xx_HAL_Driver/Src/stm32f4xx_hal_uart.o
 .text.UART_Receive_IT.isra.0
                0x08004c1a       0xb6 ./Drivers/STM32F4xx_HAL_Driver/Src/stm32f4xx_hal_uart.o
 .text.HAL_UART_IRQHandler
                0x08004cd0      0x2a0 ./Drivers/STM32F4xx_HAL_Driver/Src/stm32f4xx_hal_uart.o
                0x08004cd0                HAL_UART_IRQHandler
 .text.UART_Start_Receive_DMA
                0x08004f70       0xa8 ./Drivers/STM32F4xx_HAL_Driver/Src/stm32f4xx_hal_uart.o
                0x08004f70                UART_Start_Receive_DMA
 .text.HAL_UART_Receive_DMA
                0x08005018       0x22 ./Drivers/STM32F4xx_HAL_Driver/Src/stm32f4xx_hal_uart.o
                0x08005018                HAL_UART_Receive_DMA
 .text.Can_RxBufWrite.part.0
                0x0800503a       0x52 ./HARDWARE/CAN/can_RxSolve.o
 .text.CanRxBuf_Init
                0x0800508c       0x30 ./HARDWARE/CAN/can_RxSolve.o
                0x0800508c                CanRxBuf_Init
 .text.CanRx_Loop
                0x080050bc       0xc8 ./HARDWARE/CAN/can_RxSolve.o
                0x080050bc                CanRx_Loop
 .text.Slove_ZigbeeData
                0x08005184      0x174 ./HARDWARE/CAN/can_RxSolve.o
                0x08005184                Slove_ZigbeeData
 .text.Slove_Track
                0x080052f8       0x1c ./HARDWARE/CAN/can_RxSolve.o
                0x080052f8                Slove_Track
 .text.Slove_Naving
                0x08005314       0x30 ./HARDWARE/CAN/can_RxSolve.o
                0x08005314                Slove_Naving
 .text.Slove_Host
                0x08005344       0x94 ./HARDWARE/CAN/can_RxSolve.o
                0x08005344                Slove_Host
 .text.Can_RxCheckReadEn
                0x080053d8       0x20 ./HARDWARE/CAN/can_RxSolve.o
                0x080053d8                Can_RxCheckReadEn
 .text.Can_RxReadBit
                0x080053f8       0x24 ./HARDWARE/CAN/can_RxSolve.o
                0x080053f8                Can_RxReadBit
 .text.RingBuf_PeekByte
                0x0800541c       0x22 ./HARDWARE/CAN/can_RxSolve.o
                0x0800541c                RingBuf_PeekByte
 *fill*         0x0800543e        0x2 
 .text.Slove_AndroidData.part.0
                0x08005440      0x340 ./HARDWARE/CAN/can_RxSolve.o
 .text.Slove_AndroidData
                0x08005780       0x18 ./HARDWARE/CAN/can_RxSolve.o
                0x08005780                Slove_AndroidData
 .text.Slove_ALL
                0x08005798       0x58 ./HARDWARE/CAN/can_RxSolve.o
                0x08005798                Slove_ALL
 .text.Can_CmdStruct_Init
                0x080057f0       0x38 ./HARDWARE/CAN/can_Tx.o
                0x080057f0                Can_CmdStruct_Init
 .text.Can_BufWrite
                0x08005828       0x54 ./HARDWARE/CAN/can_Tx.o
                0x08005828                Can_BufWrite
 .text.Can_CheckReadEn
                0x0800587c       0x20 ./HARDWARE/CAN/can_Tx.o
                0x0800587c                Can_CheckReadEn
 .text.Can_BufRead
                0x0800589c       0x32 ./HARDWARE/CAN/can_Tx.o
                0x0800589c                Can_BufRead
 *fill*         0x080058ce        0x2 
 .text.CAN_TxtoWifi
                0x080058d0       0x14 ./HARDWARE/CAN/can_Tx.o
                0x080058d0                CAN_TxtoWifi
 .text.CAN_TxtoZigbee
                0x080058e4       0x14 ./HARDWARE/CAN/can_Tx.o
                0x080058e4                CAN_TxtoZigbee
 .text.CAN_TxtoDisplay
                0x080058f8       0x14 ./HARDWARE/CAN/can_Tx.o
                0x080058f8                CAN_TxtoDisplay
 .text.CAN_TxtoMotor
                0x0800590c       0x38 ./HARDWARE/CAN/can_Tx.o
                0x0800590c                CAN_TxtoMotor
 .text.CAN_TxtoPower
                0x08005944       0x28 ./HARDWARE/CAN/can_Tx.o
                0x08005944                CAN_TxtoPower
 .text.CAN_TxLoop
                0x0800596c      0x164 ./HARDWARE/CAN/can_Tx.o
                0x0800596c                CAN_TxLoop
 .text.Command_StartTim
                0x08005ad0        0xc ./HARDWARE/Command/Command.o
                0x08005ad0                Command_StartTim
 .text.Command_LEDShowDown
                0x08005adc       0x38 ./HARDWARE/Command/Command.o
                0x08005adc                Command_LEDShowDown
 .text.Command_TrafficAInMode
                0x08005b14        0xc ./HARDWARE/Command/Command.o
                0x08005b14                Command_TrafficAInMode
 .text.Command_TrafficASend
                0x08005b20       0x38 ./HARDWARE/Command/Command.o
                0x08005b20                Command_TrafficASend
 .text.Command_SlaveCarStart
                0x08005b58       0x20 ./HARDWARE/Command/Command.o
                0x08005b58                Command_SlaveCarStart
 .text.Command_SlaveCarSTep
                0x08005b78       0x2c ./HARDWARE/Command/Command.o
                0x08005b78                Command_SlaveCarSTep
 .text.Command_SlaveCarLight
                0x08005ba4       0x24 ./HARDWARE/Command/Command.o
                0x08005ba4                Command_SlaveCarLight
 .text.Command_SlaveCarSendBt
                0x08005bc8       0x2c ./HARDWARE/Command/Command.o
                0x08005bc8                Command_SlaveCarSendBt
 .text.Command_TFTBShowHex
                0x08005bf4       0x38 ./HARDWARE/Command/Command.o
                0x08005bf4                Command_TFTBShowHex
 .text.Command_SendAndroid
                0x08005c2c       0x30 ./HARDWARE/Command/Command.o
                0x08005c2c                Command_SendAndroid
 .text.Command_AndroidTraffic
                0x08005c5c        0x8 ./HARDWARE/Command/Command.o
                0x08005c5c                Command_AndroidTraffic
 .text.Command_Androidshape
                0x08005c64        0x8 ./HARDWARE/Command/Command.o
                0x08005c64                Command_Androidshape
 .text.Command_AndroidColor
                0x08005c6c        0x8 ./HARDWARE/Command/Command.o
                0x08005c6c                Command_AndroidColor
 .text.Command_CarPortB
                0x08005c74       0x3c ./HARDWARE/Command/Command.o
                0x08005c74                Command_CarPortB
 .text.Command_GetPortBFloor
                0x08005cb0        0xc ./HARDWARE/Command/Command.o
                0x08005cb0                Command_GetPortBFloor
 .text.Command_BusReportRandom
                0x08005cbc       0x24 ./HARDWARE/Command/Command.o
                0x08005cbc                Command_BusReportRandom
 .text.Command_BusCheckTem
                0x08005ce0       0x28 ./HARDWARE/Command/Command.o
                0x08005ce0                Command_BusCheckTem
 .text.Command_Light
                0x08005d08       0x30 ./HARDWARE/Command/Command.o
                0x08005d08                Command_Light
 .text.Command_LightAuto
                0x08005d38       0x5c ./HARDWARE/Command/Command.o
                0x08005d38                Command_LightAuto
 .text.Beep_Set
                0x08005d94       0x10 ./HARDWARE/Core_Board/BEEP/Beep.o
                0x08005d94                Beep_Set
 .text.Key_Init
                0x08005da4        0xc ./HARDWARE/Core_Board/KEY/KEY.o
                0x08005da4                Key_Init
 .text.Key_GetNum
                0x08005db0       0x10 ./HARDWARE/Core_Board/KEY/KEY.o
                0x08005db0                Key_GetNum
 .text.KeyNum_GetState
                0x08005dc0       0x44 ./HARDWARE/Core_Board/KEY/KEY.o
                0x08005dc0                KeyNum_GetState
 .text.KeyNum_Tick
                0x08005e04       0x28 ./HARDWARE/Core_Board/KEY/KEY.o
                0x08005e04                KeyNum_Tick
 .text.RC522_SendData
                0x08005e2c       0x10 ./HARDWARE/Core_Board/RFID_RC522/RC522.o
                0x08005e2c                RC522_SendData
 .text.RC522_ReceiveData
                0x08005e3c       0x24 ./HARDWARE/Core_Board/RFID_RC522/RC522.o
                0x08005e3c                RC522_ReceiveData
 .text.RC522_WriteReg
                0x08005e60       0x50 ./HARDWARE/Core_Board/RFID_RC522/RC522.o
                0x08005e60                RC522_WriteReg
 .text.RC522_ReadReg
                0x08005eb0       0x30 ./HARDWARE/Core_Board/RFID_RC522/RC522.o
                0x08005eb0                RC522_ReadReg
 .text.RC522_ClearBitMask
                0x08005ee0       0x1a ./HARDWARE/Core_Board/RFID_RC522/RC522.o
                0x08005ee0                RC522_ClearBitMask
 .text.RC522_SetBitMask
                0x08005efa       0x1a ./HARDWARE/Core_Board/RFID_RC522/RC522.o
                0x08005efa                RC522_SetBitMask
 .text.RC522_SoftReset
                0x08005f14       0x4a ./HARDWARE/Core_Board/RFID_RC522/RC522.o
                0x08005f14                RC522_SoftReset
 .text.RC522_PcdAntennaOff
                0x08005f5e        0x8 ./HARDWARE/Core_Board/RFID_RC522/RC522.o
                0x08005f5e                RC522_PcdAntennaOff
 .text.RC522_PcdAntennaOn
                0x08005f66       0x1a ./HARDWARE/Core_Board/RFID_RC522/RC522.o
                0x08005f66                RC522_PcdAntennaOn
 .text.RC522_PcdConfigISOType
                0x08005f80       0x5a ./HARDWARE/Core_Board/RFID_RC522/RC522.o
                0x08005f80                RC522_PcdConfigISOType
 .text.RC522_PcdReset
                0x08005fda       0x52 ./HARDWARE/Core_Board/RFID_RC522/RC522.o
                0x08005fda                RC522_PcdReset
 .text.RC522_GetLinkFlag
                0x0800602c        0xc ./HARDWARE/Core_Board/RFID_RC522/RC522.o
                0x0800602c                RC522_GetLinkFlag
 .text.InitRC522
                0x08006038       0x34 ./HARDWARE/Core_Board/RFID_RC522/RC522.o
                0x08006038                InitRC522
 .text.RC522_LinkTest
                0x0800606c        0x6 ./HARDWARE/Core_Board/RFID_RC522/RC522.o
                0x0800606c                RC522_LinkTest
 .text.RC522_PcdComMF522
                0x08006072      0x11e ./HARDWARE/Core_Board/RFID_RC522/RC522.o
                0x08006072                RC522_PcdComMF522
 .text.RC522_PcdRequest
                0x08006190       0x52 ./HARDWARE/Core_Board/RFID_RC522/RC522.o
                0x08006190                RC522_PcdRequest
 .text.RC522_PcdAnticoll
                0x080061e2       0x6c ./HARDWARE/Core_Board/RFID_RC522/RC522.o
                0x080061e2                RC522_PcdAnticoll
 .text.RC522_CalulateCRC
                0x0800624e       0x62 ./HARDWARE/Core_Board/RFID_RC522/RC522.o
                0x0800624e                RC522_CalulateCRC
 .text.RC522_PcdSelect
                0x080062b0       0x64 ./HARDWARE/Core_Board/RFID_RC522/RC522.o
                0x080062b0                RC522_PcdSelect
 .text.RC522_PcdAuthState
                0x08006314       0x4a ./HARDWARE/Core_Board/RFID_RC522/RC522.o
                0x08006314                RC522_PcdAuthState
 .text.RC522_PcdWrite
                0x0800635e       0x90 ./HARDWARE/Core_Board/RFID_RC522/RC522.o
                0x0800635e                RC522_PcdWrite
 .text.RC522_PcdRead
                0x080063ee       0x5a ./HARDWARE/Core_Board/RFID_RC522/RC522.o
                0x080063ee                RC522_PcdRead
 .text.RC522    0x08006448      0x158 ./HARDWARE/Core_Board/RFID_RC522/RC522.o
                0x08006448                RC522
 .text.My_Delay_Init
                0x080065a0       0x44 ./HARDWARE/Delay/Delay.o
                0x080065a0                My_Delay_Init
 .text.My_Delayus
                0x080065e4       0x28 ./HARDWARE/Delay/Delay.o
                0x080065e4                My_Delayus
 .text.My_Delayms
                0x0800660c       0x28 ./HARDWARE/Delay/Delay.o
                0x0800660c                My_Delayms
 .text.Motor_Control
                0x08006634       0x54 ./HARDWARE/Drive/Motor.o
                0x08006634                Motor_Control
 .text.Motor_Init
                0x08006688       0x18 ./HARDWARE/Drive/Motor.o
                0x08006688                Motor_Init
 .text.Motor_SyncLeftEncoder
                0x080066a0       0x14 ./HARDWARE/Drive/Motor.o
                0x080066a0                Motor_SyncLeftEncoder
 .text.Motor_SyncRightEncoder
                0x080066b4       0x14 ./HARDWARE/Drive/Motor.o
                0x080066b4                Motor_SyncRightEncoder
 .text.Motor_GetLDifcoder
                0x080066c8       0x2c ./HARDWARE/Drive/Motor.o
                0x080066c8                Motor_GetLDifcoder
 .text.Motor_GetRDifcoder
                0x080066f4       0x2c ./HARDWARE/Drive/Motor.o
                0x080066f4                Motor_GetRDifcoder
 .text.Motor_GetLRDifcoder
                0x08006720       0x18 ./HARDWARE/Drive/Motor.o
                0x08006720                Motor_GetLRDifcoder
 .text.Motor_calculate_pulses
                0x08006738       0xcc ./HARDWARE/Drive/Motor.o
                0x08006738                Motor_calculate_pulses
 .text.Car_Go   0x08006804       0x40 ./HARDWARE/Drive/Motor.o
                0x08006804                Car_Go
 .text.Car_Back
                0x08006844       0x40 ./HARDWARE/Drive/Motor.o
                0x08006844                Car_Back
 *fill*         0x08006884        0x4 
 .text.Car_MPLeft
                0x08006888       0x8c ./HARDWARE/Drive/Motor.o
                0x08006888                Car_MPLeft
 *fill*         0x08006914        0x4 
 .text.Car_MPRight
                0x08006918       0x8c ./HARDWARE/Drive/Motor.o
                0x08006918                Car_MPRight
 .text.Car_Left
                0x080069a4       0x38 ./HARDWARE/Drive/Motor.o
                0x080069a4                Car_Left
 .text.Car_Right
                0x080069dc       0x38 ./HARDWARE/Drive/Motor.o
                0x080069dc                Car_Right
 .text.Car_Track
                0x08006a14       0x20 ./HARDWARE/Drive/Motor.o
                0x08006a14                Car_Track
 .text.Car_TrackTime
                0x08006a34       0x38 ./HARDWARE/Drive/Motor.o
                0x08006a34                Car_TrackTime
 .text.Car_TrackMp
                0x08006a6c       0x40 ./HARDWARE/Drive/Motor.o
                0x08006a6c                Car_TrackMp
 .text.Car_TrackRFID
                0x08006aac       0x20 ./HARDWARE/Drive/Motor.o
                0x08006aac                Car_TrackRFID
 *fill*         0x08006acc        0x4 
 .text.Go_and_Back_Check
                0x08006ad0      0x1e8 ./HARDWARE/Drive/Motor.o
                0x08006ad0                Go_and_Back_Check
 .text.TurnAngle_Check
                0x08006cb8       0xb8 ./HARDWARE/Drive/Motor.o
                0x08006cb8                TurnAngle_Check
 .text.TurnAngle_NewCheck
                0x08006d70       0xa8 ./HARDWARE/Drive/Motor.o
                0x08006d70                TurnAngle_NewCheck
 .text.Track_Check
                0x08006e18      0x230 ./HARDWARE/Drive/Motor.o
                0x08006e18                Track_Check
 .text.PID_Clear
                0x08007048       0x10 ./HARDWARE/Drive/PID.o
                0x08007048                PID_Clear
 .text.PIDSpeed_Update
                0x08007058       0xa4 ./HARDWARE/Drive/PID.o
                0x08007058                PIDSpeed_Update
 .text.CharToHex
                0x080070fc       0x28 ./HARDWARE/MyLib/Lib.o
                0x080070fc                CharToHex
 .text.Infrared_Init
                0x08007124       0x10 ./HARDWARE/Task_Board/Infrared/infrared.o
                0x08007124                Infrared_Init
 .text.Infrared_Start
                0x08007134       0x34 ./HARDWARE/Task_Board/Infrared/infrared.o
                0x08007134                Infrared_Start
 .text.Infrared_Stop
                0x08007168       0x2c ./HARDWARE/Task_Board/Infrared/infrared.o
                0x08007168                Infrared_Stop
 .text.Infrared_SendBit
                0x08007194       0x3c ./HARDWARE/Task_Board/Infrared/infrared.o
                0x08007194                Infrared_SendBit
 .text.Infrared_SendByte
                0x080071d0       0x1a ./HARDWARE/Task_Board/Infrared/infrared.o
                0x080071d0                Infrared_SendByte
 .text.Infrared_SendpData
                0x080071ea       0x22 ./HARDWARE/Task_Board/Infrared/infrared.o
                0x080071ea                Infrared_SendpData
 .text.Ultrasonic_Init
                0x0800720c       0x10 ./HARDWARE/Task_Board/Ultrasonic/Ultrasonic.o
                0x0800720c                Ultrasonic_Init
 .text.Ultrasonic_Start
                0x0800721c       0x54 ./HARDWARE/Task_Board/Ultrasonic/Ultrasonic.o
                0x0800721c                Ultrasonic_Start
 .text.HAL_TIM_IC_CaptureCallback
                0x08007270       0x68 ./HARDWARE/Task_Board/Ultrasonic/Ultrasonic.o
                0x08007270                HAL_TIM_IC_CaptureCallback
 .text.Voice_Init
                0x080072d8       0x14 ./HARDWARE/Task_Board/Voice/Voice.o
                0x080072d8                Voice_Init
 .text.Voice_SendData
                0x080072ec       0x10 ./HARDWARE/Task_Board/Voice/Voice.o
                0x080072ec                Voice_SendData
 .text.HAL_UART_RxCpltCallback
                0x080072fc       0x24 ./HARDWARE/Task_Board/Voice/Voice.o
                0x080072fc                HAL_UART_RxCpltCallback
 .text.Voice_ASR
                0x08007320       0x80 ./HARDWARE/Task_Board/Voice/Voice.o
                0x08007320                Voice_ASR
 .text.BH1750_WriteCommand
                0x080073a0       0x24 ./HARDWARE/Task_Board/bh1750/bh1750.o
                0x080073a0                BH1750_WriteCommand
 .text.BH1750_GetLux
                0x080073c4       0x48 ./HARDWARE/Task_Board/bh1750/bh1750.o
                0x080073c4                BH1750_GetLux
 .text.BH1750_Init
                0x0800740c       0x5c ./HARDWARE/Task_Board/bh1750/bh1750.o
                0x0800740c                BH1750_Init
 .text.I2C_ForceReset
                0x08007468       0xbc ./HARDWARE/Task_Board/bh1750/bh1750.o
                0x08007468                I2C_ForceReset
 .text.HAL_TIM_PeriodElapsedCallback
                0x08007524       0x94 ./HARDWARE/Time_Interrupt/Time_Interrupt.o
                0x08007524                HAL_TIM_PeriodElapsedCallback
 .text.RC522Read
                0x080075b8        0x8 ./Task/Task1/Task.o
                0x080075b8                RC522Read
 .text.RC522Read2
                0x080075c0       0x20 ./Task/Task1/Task.o
                0x080075c0                RC522Read2
 .text.RFID_Slove
                0x080075e0       0xa0 ./Task/Task1/Task.o
                0x080075e0                RFID_Slove
 .text.RFID_Slove2
                0x08007680       0x94 ./Task/Task1/Task.o
                0x08007680                RFID_Slove2
 .text.SendLight
                0x08007714        0xc ./Task/Task1/Task.o
                0x08007714                SendLight
 .text.SendBat  0x08007720       0x10 ./Task/Task1/Task.o
                0x08007720                SendBat
 .text.Action_WaitGateOpen
                0x08007730       0x60 ./Task/Task1/Task.o
                0x08007730                Action_WaitGateOpen
 .text.CommandLight
                0x08007790       0x18 ./Task/Task1/Task.o
                0x08007790                CommandLight
 .text.Command_sendshap
                0x080077a8       0x24 ./Task/Task1/Task.o
                0x080077a8                Command_sendshap
 .text.Command_sendcolor
                0x080077cc       0x1c ./Task/Task1/Task.o
                0x080077cc                Command_sendcolor
 .text.GetVoicNum
                0x080077e8       0x10 ./Task/Task1/Task.o
                0x080077e8                GetVoicNum
 .text.CommandCarPtB1
                0x080077f8        0x6 ./Task/Task1/Task.o
                0x080077f8                CommandCarPtB1
 *fill*         0x080077fe        0x2 
 .text.Task_Engine_Init
                0x08007800       0x14 ./Task/Task1/Task.o
                0x08007800                Task_Engine_Init
 .text.Find_Index_By_ID
                0x08007814       0x28 ./Task/Task1/Task.o
                0x08007814                Find_Index_By_ID
 .text.Task_Engine_Run
                0x0800783c      0x168 ./Task/Task1/Task.o
                0x0800783c                Task_Engine_Run
 .text.atoi     0x080079a4        0x8 C:/AppData/STM32CubeIDE_2.0.0/STM32CubeIDE/plugins/com.st.stm32cube.ide.mcu.externaltools.gnu-tools-for-stm32.13.3.rel1.win32_1.0.100.202509120712/tools/bin/../lib/gcc/arm-none-eabi/13.3.1/../../../../arm-none-eabi/lib/thumb/v7e-m+fp/hard\libc_nano.a(libc_a-atoi.o)
                0x080079a4                atoi
 .text._strtol_l.isra.0
                0x080079ac       0xf4 C:/AppData/STM32CubeIDE_2.0.0/STM32CubeIDE/plugins/com.st.stm32cube.ide.mcu.externaltools.gnu-tools-for-stm32.13.3.rel1.win32_1.0.100.202509120712/tools/bin/../lib/gcc/arm-none-eabi/13.3.1/../../../../arm-none-eabi/lib/thumb/v7e-m+fp/hard\libc_nano.a(libc_a-strtol.o)
 .text.strtol   0x08007aa0       0x14 C:/AppData/STM32CubeIDE_2.0.0/STM32CubeIDE/plugins/com.st.stm32cube.ide.mcu.externaltools.gnu-tools-for-stm32.13.3.rel1.win32_1.0.100.202509120712/tools/bin/../lib/gcc/arm-none-eabi/13.3.1/../../../../arm-none-eabi/lib/thumb/v7e-m+fp/hard\libc_nano.a(libc_a-strtol.o)
                0x08007aa0                strtol
 .text._strtoul_l.isra.0
                0x08007ab4       0xdc C:/AppData/STM32CubeIDE_2.0.0/STM32CubeIDE/plugins/com.st.stm32cube.ide.mcu.externaltools.gnu-tools-for-stm32.13.3.rel1.win32_1.0.100.202509120712/tools/bin/../lib/gcc/arm-none-eabi/13.3.1/../../../../arm-none-eabi/lib/thumb/v7e-m+fp/hard\libc_nano.a(libc_a-strtoul.o)
 .text.strtoul  0x08007b90       0x14 C:/AppData/STM32CubeIDE_2.0.0/STM32CubeIDE/plugins/com.st.stm32cube.ide.mcu.externaltools.gnu-tools-for-stm32.13.3.rel1.win32_1.0.100.202509120712/tools/bin/../lib/gcc/arm-none-eabi/13.3.1/../../../../arm-none-eabi/lib/thumb/v7e-m+fp/hard\libc_nano.a(libc_a-strtoul.o)
                0x08007b90                strtoul
 .text.sprintf  0x08007ba4       0x44 C:/AppData/STM32CubeIDE_2.0.0/STM32CubeIDE/plugins/com.st.stm32cube.ide.mcu.externaltools.gnu-tools-for-stm32.13.3.rel1.win32_1.0.100.202509120712/tools/bin/../lib/gcc/arm-none-eabi/13.3.1/../../../../arm-none-eabi/lib/thumb/v7e-m+fp/hard\libc_nano.a(libc_a-sprintf.o)
                0x08007ba4                siprintf
                0x08007ba4                sprintf
 .text.memset   0x08007be8       0x10 C:/AppData/STM32CubeIDE_2.0.0/STM32CubeIDE/plugins/com.st.stm32cube.ide.mcu.externaltools.gnu-tools-for-stm32.13.3.rel1.win32_1.0.100.202509120712/tools/bin/../lib/gcc/arm-none-eabi/13.3.1/../../../../arm-none-eabi/lib/thumb/v7e-m+fp/hard\libc_nano.a(libc_a-memset.o)
                0x08007be8                memset
 .text.strchr   0x08007bf8       0x1a C:/AppData/STM32CubeIDE_2.0.0/STM32CubeIDE/plugins/com.st.stm32cube.ide.mcu.externaltools.gnu-tools-for-stm32.13.3.rel1.win32_1.0.100.202509120712/tools/bin/../lib/gcc/arm-none-eabi/13.3.1/../../../../arm-none-eabi/lib/thumb/v7e-m+fp/hard\libc_nano.a(libc_a-strchr.o)
                0x08007bf8                strchr
 .text.strpbrk  0x08007c12       0x22 C:/AppData/STM32CubeIDE_2.0.0/STM32CubeIDE/plugins/com.st.stm32cube.ide.mcu.externaltools.gnu-tools-for-stm32.13.3.rel1.win32_1.0.100.202509120712/tools/bin/../lib/gcc/arm-none-eabi/13.3.1/../../../../arm-none-eabi/lib/thumb/v7e-m+fp/hard\libc_nano.a(libc_a-strpbrk.o)
                0x08007c12                strpbrk
 .text.strstr   0x08007c34       0x2c C:/AppData/STM32CubeIDE_2.0.0/STM32CubeIDE/plugins/com.st.stm32cube.ide.mcu.externaltools.gnu-tools-for-stm32.13.3.rel1.win32_1.0.100.202509120712/tools/bin/../lib/gcc/arm-none-eabi/13.3.1/../../../../arm-none-eabi/lib/thumb/v7e-m+fp/hard\libc_nano.a(libc_a-strstr.o)
                0x08007c34                strstr
 .text.__errno  0x08007c60        0xc C:/AppData/STM32CubeIDE_2.0.0/STM32CubeIDE/plugins/com.st.stm32cube.ide.mcu.externaltools.gnu-tools-for-stm32.13.3.rel1.win32_1.0.100.202509120712/tools/bin/../lib/gcc/arm-none-eabi/13.3.1/../../../../arm-none-eabi/lib/thumb/v7e-m+fp/hard\libc_nano.a(libc_a-errno.o)
                0x08007c60                __errno
 .text.__libc_init_array
                0x08007c6c       0x48 C:/AppData/STM32CubeIDE_2.0.0/STM32CubeIDE/plugins/com.st.stm32cube.ide.mcu.externaltools.gnu-tools-for-stm32.13.3.rel1.win32_1.0.100.202509120712/tools/bin/../lib/gcc/arm-none-eabi/13.3.1/../../../../arm-none-eabi/lib/thumb/v7e-m+fp/hard\libc_nano.a(libc_a-init.o)
                0x08007c6c                __libc_init_array
 .text.__retarget_lock_acquire_recursive
                0x08007cb4        0x2 C:/AppData/STM32CubeIDE_2.0.0/STM32CubeIDE/plugins/com.st.stm32cube.ide.mcu.externaltools.gnu-tools-for-stm32.13.3.rel1.win32_1.0.100.202509120712/tools/bin/../lib/gcc/arm-none-eabi/13.3.1/../../../../arm-none-eabi/lib/thumb/v7e-m+fp/hard\libc_nano.a(libc_a-lock.o)
                0x08007cb4                __retarget_lock_acquire_recursive
 .text.__retarget_lock_release_recursive
                0x08007cb6        0x2 C:/AppData/STM32CubeIDE_2.0.0/STM32CubeIDE/plugins/com.st.stm32cube.ide.mcu.externaltools.gnu-tools-for-stm32.13.3.rel1.win32_1.0.100.202509120712/tools/bin/../lib/gcc/arm-none-eabi/13.3.1/../../../../arm-none-eabi/lib/thumb/v7e-m+fp/hard\libc_nano.a(libc_a-lock.o)
                0x08007cb6                __retarget_lock_release_recursive
 .text.memcpy   0x08007cb8       0x1c C:/AppData/STM32CubeIDE_2.0.0/STM32CubeIDE/plugins/com.st.stm32cube.ide.mcu.externaltools.gnu-tools-for-stm32.13.3.rel1.win32_1.0.100.202509120712/tools/bin/../lib/gcc/arm-none-eabi/13.3.1/../../../../arm-none-eabi/lib/thumb/v7e-m+fp/hard\libc_nano.a(libc_a-memcpy-stub.o)
                0x08007cb8                memcpy
 .text._free_r  0x08007cd4       0x94 C:/AppData/STM32CubeIDE_2.0.0/STM32CubeIDE/plugins/com.st.stm32cube.ide.mcu.externaltools.gnu-tools-for-stm32.13.3.rel1.win32_1.0.100.202509120712/tools/bin/../lib/gcc/arm-none-eabi/13.3.1/../../../../arm-none-eabi/lib/thumb/v7e-m+fp/hard\libc_nano.a(libc_a-freer.o)
                0x08007cd4                _free_r
 .text.sbrk_aligned
                0x08007d68       0x44 C:/AppData/STM32CubeIDE_2.0.0/STM32CubeIDE/plugins/com.st.stm32cube.ide.mcu.externaltools.gnu-tools-for-stm32.13.3.rel1.win32_1.0.100.202509120712/tools/bin/../lib/gcc/arm-none-eabi/13.3.1/../../../../arm-none-eabi/lib/thumb/v7e-m+fp/hard\libc_nano.a(libc_a-mallocr.o)
 .text._malloc_r
                0x08007dac      0x100 C:/AppData/STM32CubeIDE_2.0.0/STM32CubeIDE/plugins/com.st.stm32cube.ide.mcu.externaltools.gnu-tools-for-stm32.13.3.rel1.win32_1.0.100.202509120712/tools/bin/../lib/gcc/arm-none-eabi/13.3.1/../../../../arm-none-eabi/lib/thumb/v7e-m+fp/hard\libc_nano.a(libc_a-mallocr.o)
                0x08007dac                _malloc_r
 .text.__malloc_lock
                0x08007eac        0xc C:/AppData/STM32CubeIDE_2.0.0/STM32CubeIDE/plugins/com.st.stm32cube.ide.mcu.externaltools.gnu-tools-for-stm32.13.3.rel1.win32_1.0.100.202509120712/tools/bin/../lib/gcc/arm-none-eabi/13.3.1/../../../../arm-none-eabi/lib/thumb/v7e-m+fp/hard\libc_nano.a(libc_a-mlock.o)
                0x08007eac                __malloc_lock
 .text.__malloc_unlock
                0x08007eb8        0xc C:/AppData/STM32CubeIDE_2.0.0/STM32CubeIDE/plugins/com.st.stm32cube.ide.mcu.externaltools.gnu-tools-for-stm32.13.3.rel1.win32_1.0.100.202509120712/tools/bin/../lib/gcc/arm-none-eabi/13.3.1/../../../../arm-none-eabi/lib/thumb/v7e-m+fp/hard\libc_nano.a(libc_a-mlock.o)
                0x08007eb8                __malloc_unlock
 .text.__ssputs_r
                0x08007ec4       0xb6 C:/AppData/STM32CubeIDE_2.0.0/STM32CubeIDE/plugins/com.st.stm32cube.ide.mcu.externaltools.gnu-tools-for-stm32.13.3.rel1.win32_1.0.100.202509120712/tools/bin/../lib/gcc/arm-none-eabi/13.3.1/../../../../arm-none-eabi/lib/thumb/v7e-m+fp/hard\libc_nano.a(libc_a-nano-svfprintf.o)
                0x08007ec4                __ssputs_r
 *fill*         0x08007f7a        0x2 
 .text._svfprintf_r
                0x08007f7c      0x1f8 C:/AppData/STM32CubeIDE_2.0.0/STM32CubeIDE/plugins/com.st.stm32cube.ide.mcu.externaltools.gnu-tools-for-stm32.13.3.rel1.win32_1.0.100.202509120712/tools/bin/../lib/gcc/arm-none-eabi/13.3.1/../../../../arm-none-eabi/lib/thumb/v7e-m+fp/hard\libc_nano.a(libc_a-nano-svfprintf.o)
                0x08007f7c                _svfiprintf_r
                0x08007f7c                _svfprintf_r
 .text._printf_common
                0x08008174       0xda C:/AppData/STM32CubeIDE_2.0.0/STM32CubeIDE/plugins/com.st.stm32cube.ide.mcu.externaltools.gnu-tools-for-stm32.13.3.rel1.win32_1.0.100.202509120712/tools/bin/../lib/gcc/arm-none-eabi/13.3.1/../../../../arm-none-eabi/lib/thumb/v7e-m+fp/hard\libc_nano.a(libc_a-nano-vfprintf_i.o)
                0x08008174                _printf_common
 *fill*         0x0800824e        0x2 
 .text._printf_i
                0x08008250      0x23c C:/AppData/STM32CubeIDE_2.0.0/STM32CubeIDE/plugins/com.st.stm32cube.ide.mcu.externaltools.gnu-tools-for-stm32.13.3.rel1.win32_1.0.100.202509120712/tools/bin/../lib/gcc/arm-none-eabi/13.3.1/../../../../arm-none-eabi/lib/thumb/v7e-m+fp/hard\libc_nano.a(libc_a-nano-vfprintf_i.o)
                0x08008250                _printf_i
 .text.memmove  0x0800848c       0x34 C:/AppData/STM32CubeIDE_2.0.0/STM32CubeIDE/plugins/com.st.stm32cube.ide.mcu.externaltools.gnu-tools-for-stm32.13.3.rel1.win32_1.0.100.202509120712/tools/bin/../lib/gcc/arm-none-eabi/13.3.1/../../../../arm-none-eabi/lib/thumb/v7e-m+fp/hard\libc_nano.a(libc_a-memmove.o)
                0x0800848c                memmove
 .text._sbrk_r  0x080084c0       0x20 C:/AppData/STM32CubeIDE_2.0.0/STM32CubeIDE/plugins/com.st.stm32cube.ide.mcu.externaltools.gnu-tools-for-stm32.13.3.rel1.win32_1.0.100.202509120712/tools/bin/../lib/gcc/arm-none-eabi/13.3.1/../../../../arm-none-eabi/lib/thumb/v7e-m+fp/hard\libc_nano.a(libc_a-sbrkr.o)
                0x080084c0                _sbrk_r
 .text._realloc_r
                0x080084e0       0x5c C:/AppData/STM32CubeIDE_2.0.0/STM32CubeIDE/plugins/com.st.stm32cube.ide.mcu.externaltools.gnu-tools-for-stm32.13.3.rel1.win32_1.0.100.202509120712/tools/bin/../lib/gcc/arm-none-eabi/13.3.1/../../../../arm-none-eabi/lib/thumb/v7e-m+fp/hard\libc_nano.a(libc_a-reallocr.o)
                0x080084e0                _realloc_r
 .text._malloc_usable_size_r
                0x0800853c       0x10 C:/AppData/STM32CubeIDE_2.0.0/STM32CubeIDE/plugins/com.st.stm32cube.ide.mcu.externaltools.gnu-tools-for-stm32.13.3.rel1.win32_1.0.100.202509120712/tools/bin/../lib/gcc/arm-none-eabi/13.3.1/../../../../arm-none-eabi/lib/thumb/v7e-m+fp/hard\libc_nano.a(libc_a-msizer.o)
                0x0800853c                _malloc_usable_size_r
 *fill*         0x0800854c        0x4 
 .text.ceil     0x08008550       0xf8 C:/AppData/STM32CubeIDE_2.0.0/STM32CubeIDE/plugins/com.st.stm32cube.ide.mcu.externaltools.gnu-tools-for-stm32.13.3.rel1.win32_1.0.100.202509120712/tools/bin/../lib/gcc/arm-none-eabi/13.3.1/../../../../arm-none-eabi/lib/thumb/v7e-m+fp/hard\libm.a(libm_a-s_ceil.o)
                0x08008550                ceil
 *(.glue_7)
 .glue_7        0x08008648        0x0 linker stubs
 *(.glue_7t)
 .glue_7t       0x08008648        0x0 linker stubs
 *(.eh_frame)
 .eh_frame      0x08008648        0x0 C:/AppData/STM32CubeIDE_2.0.0/STM32CubeIDE/plugins/com.st.stm32cube.ide.mcu.externaltools.gnu-tools-for-stm32.13.3.rel1.win32_1.0.100.202509120712/tools/bin/../lib/gcc/arm-none-eabi/13.3.1/thumb/v7e-m+fp/hard/crtbegin.o
 *(.init)
 .init          0x08008648        0x4 C:/AppData/STM32CubeIDE_2.0.0/STM32CubeIDE/plugins/com.st.stm32cube.ide.mcu.externaltools.gnu-tools-for-stm32.13.3.rel1.win32_1.0.100.202509120712/tools/bin/../lib/gcc/arm-none-eabi/13.3.1/thumb/v7e-m+fp/hard/crti.o
                0x08008648                _init
 .init          0x0800864c        0x8 C:/AppData/STM32CubeIDE_2.0.0/STM32CubeIDE/plugins/com.st.stm32cube.ide.mcu.externaltools.gnu-tools-for-stm32.13.3.rel1.win32_1.0.100.202509120712/tools/bin/../lib/gcc/arm-none-eabi/13.3.1/thumb/v7e-m+fp/hard/crtn.o
 *(.fini)
 .fini          0x08008654        0x4 C:/AppData/STM32CubeIDE_2.0.0/STM32CubeIDE/plugins/com.st.stm32cube.ide.mcu.externaltools.gnu-tools-for-stm32.13.3.rel1.win32_1.0.100.202509120712/tools/bin/../lib/gcc/arm-none-eabi/13.3.1/thumb/v7e-m+fp/hard/crti.o
                0x08008654                _fini
 .fini          0x08008658        0x8 C:/AppData/STM32CubeIDE_2.0.0/STM32CubeIDE/plugins/com.st.stm32cube.ide.mcu.externaltools.gnu-tools-for-stm32.13.3.rel1.win32_1.0.100.202509120712/tools/bin/../lib/gcc/arm-none-eabi/13.3.1/thumb/v7e-m+fp/hard/crtn.o
                0x08008660                        . = ALIGN (0x4)
                0x08008660                        _etext = .

.vfp11_veneer   0x08008660        0x0
 .vfp11_veneer  0x08008660        0x0 linker stubs

.v4_bx          0x08008660        0x0
 .v4_bx         0x08008660        0x0 linker stubs

.iplt           0x08008660        0x0
 .iplt          0x08008660        0x0 C:/AppData/STM32CubeIDE_2.0.0/STM32CubeIDE/plugins/com.st.stm32cube.ide.mcu.externaltools.gnu-tools-for-stm32.13.3.rel1.win32_1.0.100.202509120712/tools/bin/../lib/gcc/arm-none-eabi/13.3.1/thumb/v7e-m+fp/hard/crtbegin.o

.rodata         0x08008660      0xca0
                0x08008660                        . = ALIGN (0x4)
 *(.rodata)
 .rodata        0x08008660       0xe0 ./HARDWARE/Command/Command.o
 *(.rodata*)
 .rodata.main.str1.1
                0x08008740       0xe6 ./Core/Src/main.o
                                  0x3 (size before relaxing)
 .rodata.APBPrescTable
                0x08008826        0x8 ./Core/Src/system_stm32f4xx.o
                0x08008826                APBPrescTable
 .rodata.AHBPrescTable
                0x0800882e       0x10 ./Core/Src/system_stm32f4xx.o
                0x0800882e                AHBPrescTable
 .rodata.flagBitshiftOffset.0
                0x0800883e        0x8 ./Drivers/STM32F4xx_HAL_Driver/Src/stm32f4xx_hal_dma.o
 .rodata.Slove_AndroidData.part.0.str1.1
                0x08008846        0x0 ./HARDWARE/CAN/can_RxSolve.o
                                 0x74 (size before relaxing)
 .rodata.RC522.str1.1
                0x08008846        0x0 ./HARDWARE/Core_Board/RFID_RC522/RC522.o
                                 0x3e (size before relaxing)
 .rodata.CSWTCH.24
                0x08008846        0x4 ./HARDWARE/Core_Board/RFID_RC522/RC522.o
 .rodata.RFID_Slove.str1.1
                0x0800884a        0x0 ./Task/Task1/Task.o
                                 0x11 (size before relaxing)
 *fill*         0x0800884a        0x2 
 .rodata.MyMission
                0x0800884c      0x9b0 ./Task/Task1/Task.o
                0x0800884c                MyMission
 .rodata._ctype_
                0x080091fc      0x101 C:/AppData/STM32CubeIDE_2.0.0/STM32CubeIDE/plugins/com.st.stm32cube.ide.mcu.externaltools.gnu-tools-for-stm32.13.3.rel1.win32_1.0.100.202509120712/tools/bin/../lib/gcc/arm-none-eabi/13.3.1/../../../../arm-none-eabi/lib/thumb/v7e-m+fp/hard\libc_nano.a(libc_a-ctype_.o)
                0x080091fc                _ctype_
 .rodata._svfprintf_r.str1.1
                0x080092fd        0x0 C:/AppData/STM32CubeIDE_2.0.0/STM32CubeIDE/plugins/com.st.stm32cube.ide.mcu.externaltools.gnu-tools-for-stm32.13.3.rel1.win32_1.0.100.202509120712/tools/bin/../lib/gcc/arm-none-eabi/13.3.1/../../../../arm-none-eabi/lib/thumb/v7e-m+fp/hard\libc_nano.a(libc_a-nano-svfprintf.o)
                                 0x11 (size before relaxing)
 .rodata._printf_i.str1.1
                0x080092fd        0x0 C:/AppData/STM32CubeIDE_2.0.0/STM32CubeIDE/plugins/com.st.stm32cube.ide.mcu.externaltools.gnu-tools-for-stm32.13.3.rel1.win32_1.0.100.202509120712/tools/bin/../lib/gcc/arm-none-eabi/13.3.1/../../../../arm-none-eabi/lib/thumb/v7e-m+fp/hard\libc_nano.a(libc_a-nano-vfprintf_i.o)
                                 0x22 (size before relaxing)
                0x08009300                        . = ALIGN (0x4)
 *fill*         0x080092fd        0x3 

.ARM.extab      0x08009300        0x0
                0x08009300                        . = ALIGN (0x4)
 *(.ARM.extab* .gnu.linkonce.armextab.*)
                0x08009300                        . = ALIGN (0x4)

.ARM            0x08009300        0x8
                0x08009300                        . = ALIGN (0x4)
                0x08009300                        __exidx_start = .
 *(.ARM.exidx*)
 .ARM.exidx     0x08009300        0x8 C:/AppData/STM32CubeIDE_2.0.0/STM32CubeIDE/plugins/com.st.stm32cube.ide.mcu.externaltools.gnu-tools-for-stm32.13.3.rel1.win32_1.0.100.202509120712/tools/bin/../lib/gcc/arm-none-eabi/13.3.1/../../../../arm-none-eabi/lib/thumb/v7e-m+fp/hard\libc_nano.a(libc_a-strlen.o)
 .ARM.exidx     0x08009308        0x0 C:/AppData/STM32CubeIDE_2.0.0/STM32CubeIDE/plugins/com.st.stm32cube.ide.mcu.externaltools.gnu-tools-for-stm32.13.3.rel1.win32_1.0.100.202509120712/tools/bin/../lib/gcc/arm-none-eabi/13.3.1/../../../../arm-none-eabi/lib/thumb/v7e-m+fp/hard\libc_nano.a(libc_a-memchr.o)
                                  0x8 (size before relaxing)
 .ARM.exidx     0x08009308        0x0 C:/AppData/STM32CubeIDE_2.0.0/STM32CubeIDE/plugins/com.st.stm32cube.ide.mcu.externaltools.gnu-tools-for-stm32.13.3.rel1.win32_1.0.100.202509120712/tools/bin/../lib/gcc/arm-none-eabi/13.3.1/thumb/v7e-m+fp/hard\libgcc.a(_udivmoddi4.o)
                                  0x8 (size before relaxing)
                0x08009308                        __exidx_end = .
                0x08009308                        . = ALIGN (0x4)

.preinit_array  0x08009308        0x0
                0x08009308                        . = ALIGN (0x4)
                0x08009308                        PROVIDE (__preinit_array_start = .)
 *(.preinit_array*)
                0x08009308                        PROVIDE (__preinit_array_end = .)
                0x08009308                        . = ALIGN (0x4)

.init_array     0x08009308        0x4
                0x08009308                        . = ALIGN (0x4)
                0x08009308                        PROVIDE (__init_array_start = .)
 *(SORT_BY_NAME(.init_array.*))
 *(.init_array*)
 .init_array    0x08009308        0x4 C:/AppData/STM32CubeIDE_2.0.0/STM32CubeIDE/plugins/com.st.stm32cube.ide.mcu.externaltools.gnu-tools-for-stm32.13.3.rel1.win32_1.0.100.202509120712/tools/bin/../lib/gcc/arm-none-eabi/13.3.1/thumb/v7e-m+fp/hard/crtbegin.o
                0x0800930c                        PROVIDE (__init_array_end = .)
                0x0800930c                        . = ALIGN (0x4)

.fini_array     0x0800930c        0x4
                0x0800930c                        . = ALIGN (0x4)
                [!provide]                        PROVIDE (__fini_array_start = .)
 *(SORT_BY_NAME(.fini_array.*))
 *(.fini_array*)
 .fini_array    0x0800930c        0x4 C:/AppData/STM32CubeIDE_2.0.0/STM32CubeIDE/plugins/com.st.stm32cube.ide.mcu.externaltools.gnu-tools-for-stm32.13.3.rel1.win32_1.0.100.202509120712/tools/bin/../lib/gcc/arm-none-eabi/13.3.1/thumb/v7e-m+fp/hard/crtbegin.o
                [!provide]                        PROVIDE (__fini_array_end = .)
                0x08009310                        . = ALIGN (0x4)
                0x08009310                        _sidata = LOADADDR (.data)

.rel.dyn        0x08009310        0x0
 .rel.iplt      0x08009310        0x0 C:/AppData/STM32CubeIDE_2.0.0/STM32CubeIDE/plugins/com.st.stm32cube.ide.mcu.externaltools.gnu-tools-for-stm32.13.3.rel1.win32_1.0.100.202509120712/tools/bin/../lib/gcc/arm-none-eabi/13.3.1/thumb/v7e-m+fp/hard/crtbegin.o

.data           0x20000000      0x258 load address 0x08009310
                0x20000000                        . = ALIGN (0x4)
                0x20000000                        _sdata = .
 *(.data)
 *(.data*)
 .data.SFilterArry
                0x20000000       0x1c ./Core/Src/can.o
                0x20000000                SFilterArry
 .data.Ultrasonic_StartFlag
                0x2000001c        0x1 ./Core/Src/main.o
                0x2000001c                Ultrasonic_StartFlag
 *fill*         0x2000001d        0x3 
 .data.SystemCoreClock
                0x20000020        0x4 ./Core/Src/system_stm32f4xx.o
                0x20000020                SystemCoreClock
 .data.uwTickFreq
                0x20000024        0x1 ./Drivers/STM32F4xx_HAL_Driver/Src/stm32f4xx_hal.o
                0x20000024                uwTickFreq
 *fill*         0x20000025        0x3 
 .data.uwTickPrio
                0x20000028        0x4 ./Drivers/STM32F4xx_HAL_Driver/Src/stm32f4xx_hal.o
                0x20000028                uwTickPrio
 .data.WifiWaitTime
                0x2000002c        0x4 ./HARDWARE/CAN/can_RxSolve.o
                0x2000002c                WifiWaitTime
 .data.CanP_Cmd_SBuf
                0x20000030       0xc8 ./HARDWARE/CAN/can_Tx.o
                0x20000030                CanP_Cmd_SBuf
 .data.GarageB_Get_Floor
                0x200000f8        0x8 ./HARDWARE/CAN/can_cmd.o
                0x200000f8                GarageB_Get_Floor
 .data.GarageB_To4
                0x20000100        0x8 ./HARDWARE/CAN/can_cmd.o
                0x20000100                GarageB_To4
 .data.GarageB_To3
                0x20000108        0x8 ./HARDWARE/CAN/can_cmd.o
                0x20000108                GarageB_To3
 .data.GarageB_To2
                0x20000110        0x8 ./HARDWARE/CAN/can_cmd.o
                0x20000110                GarageB_To2
 .data.GarageB_To1
                0x20000118        0x8 ./HARDWARE/CAN/can_cmd.o
                0x20000118                GarageB_To1
 .data.TrafficA_Yellow
                0x20000120        0x8 ./HARDWARE/CAN/can_cmd.o
                0x20000120                TrafficA_Yellow
 .data.TrafficA_Green
                0x20000128        0x8 ./HARDWARE/CAN/can_cmd.o
                0x20000128                TrafficA_Green
 .data.TrafficA_Red
                0x20000130        0x8 ./HARDWARE/CAN/can_cmd.o
                0x20000130                TrafficA_Red
 .data.TrafficA_Open
                0x20000138        0x8 ./HARDWARE/CAN/can_cmd.o
                0x20000138                TrafficA_Open
 .data.SMG_TimOpen
                0x20000140        0x8 ./HARDWARE/CAN/can_cmd.o
                0x20000140                SMG_TimOpen
 .data.Light_plus3
                0x20000148        0x4 ./HARDWARE/CAN/can_cmd.o
                0x20000148                Light_plus3
 .data.Light_plus2
                0x2000014c        0x4 ./HARDWARE/CAN/can_cmd.o
                0x2000014c                Light_plus2
 .data.Light_plus1
                0x20000150        0x4 ./HARDWARE/CAN/can_cmd.o
                0x20000150                Light_plus1
 .data.ADDR_Str
                0x20000154        0xe ./HARDWARE/Core_Board/RFID_RC522/RC522.o
                0x20000154                ADDR_Str
 .data.KEY_A    0x20000162        0x6 ./HARDWARE/Core_Board/RFID_RC522/RC522.o
                0x20000162                KEY_A
 .data.WRITE_RFID
                0x20000168       0x10 ./HARDWARE/Core_Board/RFID_RC522/RC522.o
                0x20000168                WRITE_RFID
 .data.PID_TurnTrack
                0x20000178       0x38 ./HARDWARE/Drive/Motor.o
                0x20000178                PID_TurnTrack
 .data.Turn_PID
                0x200001b0       0x38 ./HARDWARE/Drive/Motor.o
                0x200001b0                Turn_PID
 .data.Car_Speed_ing
                0x200001e8        0x8 ./HARDWARE/Drive/Motor.o
                0x200001e8                Car_Speed_ing
 .data.restore  0x200001f0        0x4 ./HARDWARE/Drive/Motor.o
                0x200001f0                restore
 .data.pulsesPerRevolution
                0x200001f4        0x4 ./HARDWARE/Drive/Motor.o
                0x200001f4                pulsesPerRevolution
 .data.gearRatio
                0x200001f8        0x4 ./HARDWARE/Drive/Motor.o
                0x200001f8                gearRatio
 *fill*         0x200001fc        0x4 
 .data.wheelDiameter
                0x20000200        0x8 ./HARDWARE/Drive/Motor.o
                0x20000200                wheelDiameter
 .data._impure_ptr
                0x20000208        0x4 C:/AppData/STM32CubeIDE_2.0.0/STM32CubeIDE/plugins/com.st.stm32cube.ide.mcu.externaltools.gnu-tools-for-stm32.13.3.rel1.win32_1.0.100.202509120712/tools/bin/../lib/gcc/arm-none-eabi/13.3.1/../../../../arm-none-eabi/lib/thumb/v7e-m+fp/hard\libc_nano.a(libc_a-impure.o)
                0x20000208                _impure_ptr
 .data._impure_data
                0x2000020c       0x4c C:/AppData/STM32CubeIDE_2.0.0/STM32CubeIDE/plugins/com.st.stm32cube.ide.mcu.externaltools.gnu-tools-for-stm32.13.3.rel1.win32_1.0.100.202509120712/tools/bin/../lib/gcc/arm-none-eabi/13.3.1/../../../../arm-none-eabi/lib/thumb/v7e-m+fp/hard\libc_nano.a(libc_a-impure.o)
                0x2000020c                _impure_data
 *(.RamFunc)
 *(.RamFunc*)
                0x20000258                        . = ALIGN (0x4)
                0x20000258                        _edata = .
                0x08009568                        _siccmram = LOADADDR (.ccmram)

.igot.plt       0x20000258        0x0 load address 0x08009568
 .igot.plt      0x20000258        0x0 C:/AppData/STM32CubeIDE_2.0.0/STM32CubeIDE/plugins/com.st.stm32cube.ide.mcu.externaltools.gnu-tools-for-stm32.13.3.rel1.win32_1.0.100.202509120712/tools/bin/../lib/gcc/arm-none-eabi/13.3.1/thumb/v7e-m+fp/hard/crtbegin.o

.ccmram         0x10000000        0x0 load address 0x08009568
                0x10000000                        . = ALIGN (0x4)
                0x10000000                        _sccmram = .
 *(.ccmram)
 *(.ccmram*)
                0x10000000                        . = ALIGN (0x4)
                0x10000000                        _eccmram = .
                0x10000000                        . = ALIGN (0x4)

.bss            0x20000258      0xf30
                0x20000258                        _sbss = .
                0x20000258                        __bss_start__ = _sbss
 *(.bss)
 .bss           0x20000258       0x1c C:/AppData/STM32CubeIDE_2.0.0/STM32CubeIDE/plugins/com.st.stm32cube.ide.mcu.externaltools.gnu-tools-for-stm32.13.3.rel1.win32_1.0.100.202509120712/tools/bin/../lib/gcc/arm-none-eabi/13.3.1/thumb/v7e-m+fp/hard/crtbegin.o
 *(.bss*)
 .bss.filter_buf
                0x20000274       0x16 ./Core/Src/adc.o
                0x20000274                filter_buf
 *fill*         0x2000028a        0x2 
 .bss.hadc1     0x2000028c       0x48 ./Core/Src/adc.o
                0x2000028c                hadc1
 .bss.Pb        0x200002d4        0x4 ./Core/Src/adc.o
                0x200002d4                Pb
 .bss.Pa        0x200002d8        0x4 ./Core/Src/adc.o
                0x200002d8                Pa
 .bss.i         0x200002dc        0x1 ./Core/Src/adc.o
                0x200002dc                i
 .bss.Power     0x200002dd        0x1 ./Core/Src/adc.o
                0x200002dd                Power
 .bss.ADC_BeginFlag
                0x200002de        0x1 ./Core/Src/adc.o
                0x200002de                ADC_BeginFlag
 *fill*         0x200002df        0x1 
 .bss.ADC_DataValue
                0x200002e0        0x2 ./Core/Src/adc.o
                0x200002e0                ADC_DataValue
 .bss.ADC_DataPre
                0x200002e2        0x2 ./Core/Src/adc.o
                0x200002e2                ADC_DataPre
 .bss.ADC_Data  0x200002e4        0x2 ./Core/Src/adc.o
                0x200002e4                ADC_Data
 *fill*         0x200002e6        0x2 
 .bss.hcan1     0x200002e8       0x28 ./Core/Src/can.o
                0x200002e8                hcan1
 .bss.FilterNumber
                0x20000310        0x1 ./Core/Src/can.o
                0x20000310                FilterNumber
 .bss.c         0x20000311        0x1 ./Core/Src/can.o
                0x20000311                c
 .bss.MyCAN_RxFlag
                0x20000312        0x1 ./Core/Src/can.o
                0x20000312                MyCAN_RxFlag
 .bss.RxData    0x20000313       0x28 ./Core/Src/can.o
                0x20000313                RxData
 *fill*         0x2000033b        0x1 
 .bss.RxMsgArray
                0x2000033c       0x1c ./Core/Src/can.o
                0x2000033c                RxMsgArray
 .bss.hi2c1     0x20000358       0x54 ./Core/Src/i2c.o
                0x20000358                hi2c1
 .bss.Start_Flag
                0x200003ac        0x1 ./Core/Src/main.o
                0x200003ac                Start_Flag
 *fill*         0x200003ad        0x3 
 .bss.__sbrk_heap_end
                0x200003b0        0x4 ./Core/Src/sysmem.o
 .bss.htim11    0x200003b4       0x48 ./Core/Src/tim.o
                0x200003b4                htim11
 .bss.htim10    0x200003fc       0x48 ./Core/Src/tim.o
                0x200003fc                htim10
 .bss.htim9     0x20000444       0x48 ./Core/Src/tim.o
                0x20000444                htim9
 .bss.htim3     0x2000048c       0x48 ./Core/Src/tim.o
                0x2000048c                htim3
 .bss.hdma_usart6_rx
                0x200004d4       0x60 ./Core/Src/usart.o
                0x200004d4                hdma_usart6_rx
 .bss.huart6    0x20000534       0x48 ./Core/Src/usart.o
                0x20000534                huart6
 .bss.huart1    0x2000057c       0x48 ./Core/Src/usart.o
                0x2000057c                huart1
 .bss.uwTick    0x200005c4        0x4 ./Drivers/STM32F4xx_HAL_Driver/Src/stm32f4xx_hal.o
                0x200005c4                uwTick
 .bss.state.0   0x200005c8        0x1 ./HARDWARE/CAN/can_RxSolve.o
 .bss.SlaveCarData
                0x200005c9        0x7 ./HARDWARE/CAN/can_RxSolve.o
                0x200005c9                SlaveCarData
 .bss.CameraData
                0x200005d0       0x10 ./HARDWARE/CAN/can_RxSolve.o
                0x200005d0                CameraData
 .bss.BusData   0x200005e0        0x8 ./HARDWARE/CAN/can_RxSolve.o
                0x200005e0                BusData
 .bss.RescueLocation
                0x200005e8        0x1 ./HARDWARE/CAN/can_RxSolve.o
                0x200005e8                RescueLocation
 .bss.GateFlag  0x200005e9        0x1 ./HARDWARE/CAN/can_RxSolve.o
                0x200005e9                GateFlag
 .bss.CarPortFlag
                0x200005ea        0x1 ./HARDWARE/CAN/can_RxSolve.o
                0x200005ea                CarPortFlag
 .bss.AndroidGoFlag
                0x200005eb        0x1 ./HARDWARE/CAN/can_RxSolve.o
                0x200005eb                AndroidGoFlag
 .bss.AndroidFlag
                0x200005ec        0x1 ./HARDWARE/CAN/can_RxSolve.o
                0x200005ec                AndroidFlag
 *fill*         0x200005ed        0x3 
 .bss.roll      0x200005f0        0x4 ./HARDWARE/CAN/can_RxSolve.o
                0x200005f0                roll
 .bss.yaw       0x200005f4        0x4 ./HARDWARE/CAN/can_RxSolve.o
                0x200005f4                yaw
 .bss.pitch     0x200005f8        0x4 ./HARDWARE/CAN/can_RxSolve.o
                0x200005f8                pitch
 .bss.CanHost_Mp3
                0x200005fc        0x2 ./HARDWARE/CAN/can_RxSolve.o
                0x200005fc                CanHost_Mp3
 .bss.CanHost_Mp2
                0x200005fe        0x2 ./HARDWARE/CAN/can_RxSolve.o
                0x200005fe                CanHost_Mp2
 .bss.CanHost_Mp1
                0x20000600        0x2 ./HARDWARE/CAN/can_RxSolve.o
                0x20000600                CanHost_Mp1
 .bss.CanHost_Mp
                0x20000602        0x2 ./HARDWARE/CAN/can_RxSolve.o
                0x20000602                CanHost_Mp
 .bss.Current_Angle
                0x20000604        0x2 ./HARDWARE/CAN/can_RxSolve.o
                0x20000604                Current_Angle
 .bss.x2        0x20000606        0x1 ./HARDWARE/CAN/can_RxSolve.o
                0x20000606                x2
 .bss.x1        0x20000607        0x1 ./HARDWARE/CAN/can_RxSolve.o
                0x20000607                x1
 .bss.Can_RxFiFoBuf
                0x20000608       0x54 ./HARDWARE/CAN/can_RxSolve.o
                0x20000608                Can_RxFiFoBuf
 .bss.FifoBuf_HOST
                0x2000065c       0x14 ./HARDWARE/CAN/can_RxSolve.o
                0x2000065c                FifoBuf_HOST
 .bss.FifoBuf_Navig
                0x20000670       0x14 ./HARDWARE/CAN/can_RxSolve.o
                0x20000670                FifoBuf_Navig