../Task/Task1/Task.c:29:6:RC522Read2	8	static
../Task/Task1/Task.c:62:6:RFID_Slove2	56	static
../Task/Task1/Task.c:109:6:SendBat	8	static
../Task/Task1/Task.c:25:6:RC522Read	8	static
../Task/Task1/Task.c:34:6:RFID_Slove	48	static
../Task/Task1/Task.c:104:6:SendLight	8	static
../Task/Task1/Task.c:116:9:Action_WaitGateOpen	8	static
../Task/Task1/Task.c:151:6:CommandLight	8	static
../Task/Task1/Task.c:155:6:Command_sendshap	8	static
../Task/Task1/Task.c:159:6:Command_sendcolor	8	static
../Task/Task1/Task.c:163:6:GetVoicNum	8	static
../Task/Task1/Task.c:167:6:CommandCarPtB1	8	static
../Task/Task1/Task.c:391:6:Task_Engine_Run	8	static
../Task/Task1/Task.c:504:6:Task_Engine_Init	0	static
