../Task/Task1/TaskFun.c:16:6:GetVoicNum	8	static
../Task/Task1/TaskFun.c:26:6:Ti24_2SendGetLight	8	static
../Task/Task1/TaskFun.c:36:6:Ti24_4SendGetLight	16	static
../Task/Task1/TaskFun.c:56:6:SendToSlaveLight	0	static
../Task/Task1/TaskFun.c:67:6:SendTrafficBRed	0	static
../Task/Task1/TaskFun.c:76:6:SendTrafficARed	0	static
../Task/Task1/TaskFun.c:85:6:SendVoiceNum	0	static
../Task/Task1/TaskFun.c:95:6:SendCPortb	0	static
../Task/Task1/TaskFun.c:105:6:Command_SaveDis	8	static
../Task/Task1/TaskFun.c:115:6:showDis3D	0	static
../Task/Task1/TaskFun.c:129:6:Ti23_1SloveRf	0	static
../Task/Task1/TaskFun.c:160:6:Ti24_8ReadRF1	0	static
../Task/Task1/TaskFun.c:171:6:Ti24_8SloveRF1	104	static
../Task/Task1/TaskFun.c:193:6:Ti24_8ReadRF2	8	static
../Task/Task1/TaskFun.c:207:6:Ti24_8SloveRF2	240	static
../Task/Task1/TaskFun.c:242:6:Ti24_8SendWife	0	static
../Task/Task1/TaskFun.c:260:6:Ti24_7ReadRF1	0	static
../Task/Task1/TaskFun.c:272:6:Ti24_7SloveRF1	96	static
../Task/Task1/TaskFun.c:293:6:Ti24_7SendCPortb	0	static
../Task/Task1/TaskFun.c:303:6:Ti24_7SendCPortb2	0	static
../Task/Task1/TaskFun.c:321:6:Ti24_6ReadRF1	0	static
../Task/Task1/TaskFun.c:332:6:Ti24_6SloveRF1	72	static
../Task/Task1/TaskFun.c:351:6:Ti24_6ReadRF2	16	static
../Task/Task1/TaskFun.c:367:6:Ti24_6SloveRF2	88	static
../Task/Task1/TaskFun.c:387:6:Ti24_6SendRFID	0	static
../Task/Task1/TaskFun.c:403:6:Ti24_4ReadRF1	0	static
../Task/Task1/TaskFun.c:414:6:Ti24_4SloveRF1	152	static
../Task/Task1/TaskFun.c:452:6:Ti24_4SendCPortb	0	static
../Task/Task1/TaskFun.c:472:6:Ti24_3ReadRF1	0	static
../Task/Task1/TaskFun.c:484:6:Ti24_3SloveRF1	88	static
../Task/Task1/TaskFun.c:513:6:Ti24_3ReadRF2	0	static
../Task/Task1/TaskFun.c:527:6:Ti24_3SloveRF2	96	static
../Task/Task1/TaskFun.c:557:6:Ti24_3SendCPortb	0	static
../Task/Task1/TaskFun.c:566:6:Ti24_3SendGetLight	8	static
../Task/Task1/TaskFun.c:575:6:Ti24_6SendGetLight	8	static
../Task/Task1/TaskFun.c:589:6:Ti24_8SendGetLight	8	static
../Task/Task1/TaskFun.c:620:6:Ti24_2ReadRF1	0	static
../Task/Task1/TaskFun.c:629:6:Ti24_2ReadRF2	0	static
../Task/Task1/TaskFun.c:639:6:Ti24_2SloveRF1	176	static
../Task/Task1/TaskFun.c:694:6:Ti24_2SloveRF2	64	static
../Task/Task1/TaskFun.c:746:6:RFID_Slove	48	static
../Task/Task1/TaskFun.c:776:6:RFID_Slove2	64	static
../Task/Task1/TaskFun.c:822:6:Ti23_RF1Read	0	static
../Task/Task1/TaskFun.c:826:6:Ti23_RF1Slove	16	static
../Task/Task1/TaskFun.c:847:6:Ti23_RF2Read	0	static
../Task/Task1/TaskFun.c:851:6:Ti23_RF2Slove	16	static
../Task/Task1/TaskFun.c:871:6:Ti23_RF3Read	0	static
../Task/Task1/TaskFun.c:875:6:Ti23_RF3Slove	40	static
../Task/Task1/TaskFun.c:903:6:Ti2_RQSlove	16	static
../Task/Task1/TaskFun.c:947:9:Action_WaitGateOpen	16	static
../Task/Task1/TaskFun.c:988:6:Ti24_RQSlove	16	static
../Task/Task1/TaskFun.c:1006:6:Ti24_1ReadRFID1	0	static
../Task/Task1/TaskFun.c:1010:6:Ti24_1ReadRFID2	8	static
../Task/Task1/TaskFun.c:1020:6:Ti24_1SloveRFID1	32	static
../Task/Task1/TaskFun.c:1034:6:Ti24_1SloveRFID2	56	static
