../Task/Task1/Task.c:112:6:Ti23_RF1Read	8	static
../Task/Task1/Task.c:137:6:Ti23_RF2Read	8	static
../Task/Task1/Task.c:161:6:Ti23_RF3Read	8	static
../Task/Task1/Task.c:116:6:Ti23_RF1Slove	16	static
../Task/Task1/Task.c:141:6:Ti23_RF2Slove	16	static
../Task/Task1/Task.c:165:6:Ti23_RF3Slove	40	static
../Task/Task1/Task.c:233:6:Sendyanxing	8	static
../Task/Task1/Task.c:240:9:Action_WaitGateOpen	8	static
../Task/Task1/Task.c:282:6:Ti2_CommandLight	8	static
../Task/Task1/Task.c:294:6:GetVoicNum	8	static
../Task/Task1/Task.c:302:6:CommandCarPtB1	8	static
../Task/Task1/Task.c:26:6:RC522Read	8	static
../Task/Task1/Task.c:30:6:RC522Read2	8	static
../Task/Task1/Task.c:38:6:RFID_Slove	48	static
../Task/Task1/Task.c:66:6:RFID_Slove2	56	static
../Task/Task1/Task.c:194:6:Ti2_RQSlove	16	static
../Task/Task1/Task.c:224:6:SendLight	8	static
../Task/Task1/Task.c:229:6:SendBat	8	static
../Task/Task1/Task.c:278:6:CommandLight	8	static
../Task/Task1/Task.c:286:6:Command_sendshap	8	static
../Task/Task1/Task.c:290:6:Command_sendcolor	8	static
../Task/Task1/Task.c:298:6:SendAutoVoice	8	static
../Task/Task1/Task.c:308:6:CommandGateF	8	static
../Task/Task1/Task.c:312:6:CommandGateL	8	static
../Task/Task1/Task.c:912:6:Task_Engine_Init	0	static
../Task/Task1/Task.c:919:10:Find_Index_By_ID	0	static
../Task/Task1/Task.c:755:6:Task_Engine_Run	8	static
