../HARDWARE/CAN/can_Tx.c:53:6:Can_CmdStruct_Init	12	static
../HARDWARE/CAN/can_Tx.c:81:6:Can_BufWrite	24	static
../HARDWARE/CAN/can_Tx.c:113:9:Can_CheckReadEn	0	static
../HARDWARE/CAN/can_Tx.c:137:9:Can_BufRead	8	static
../HARDWARE/CAN/can_Tx.c:177:6:CAN_TxtoWifi	0	static
../HARDWARE/CAN/can_Tx.c:195:6:CAN_TxtoZigbee	0	static
../HARDWARE/CAN/can_Tx.c:213:6:CAN_TxtoDisplay	0	static
../HARDWARE/CAN/can_Tx.c:230:6:CAN_TxtoMotor	8	static
../HARDWARE/CAN/can_Tx.c:252:6:CAN_TxtoCNT	8	static
../HARDWARE/CAN/can_Tx.c:273:6:CAN_TxtoNV	8	static
../HARDWARE/CAN/can_Tx.c:293:6:CAN_TxtoPower	8	static
../HARDWARE/CAN/can_Tx.c:314:6:CAN_TxtoT0	8	static
../HARDWARE/CAN/can_Tx.c:336:6:CAN_TxtoT1	8	static
../HARDWARE/CAN/can_Tx.c:358:6:CAN_TxtoT2	8	static
../HARDWARE/CAN/can_Tx.c:386:6:CAN_TxLoop	48	static
